Component: ARM Compiler 5.06 update 7 (build 960) Tool: armlink [4d3601]

==============================================================================

Section Cross References

    startup_stm32h743xx.o(STACK) refers (Special) to heapauxi.o(.text) for __use_two_region_memory
    startup_stm32h743xx.o(HEAP) refers (Special) to heapauxi.o(.text) for __use_two_region_memory
    startup_stm32h743xx.o(RESET) refers (Special) to heapauxi.o(.text) for __use_two_region_memory
    startup_stm32h743xx.o(RESET) refers to startup_stm32h743xx.o(STACK) for __initial_sp
    startup_stm32h743xx.o(RESET) refers to startup_stm32h743xx.o(.text) for Reset_Handler
    startup_stm32h743xx.o(RESET) refers to stm32h7xx_it.o(i.NMI_Handler) for NMI_Handler
    startup_stm32h743xx.o(RESET) refers to stm32h7xx_it.o(i.HardFault_Handler) for HardFault_Handler
    startup_stm32h743xx.o(RESET) refers to stm32h7xx_it.o(i.MemManage_Handler) for MemManage_Handler
    startup_stm32h743xx.o(RESET) refers to stm32h7xx_it.o(i.BusFault_Handler) for BusFault_Handler
    startup_stm32h743xx.o(RESET) refers to stm32h7xx_it.o(i.UsageFault_Handler) for UsageFault_Handler
    startup_stm32h743xx.o(RESET) refers to stm32h7xx_it.o(i.SVC_Handler) for SVC_Handler
    startup_stm32h743xx.o(RESET) refers to stm32h7xx_it.o(i.DebugMon_Handler) for DebugMon_Handler
    startup_stm32h743xx.o(RESET) refers to stm32h7xx_it.o(i.PendSV_Handler) for PendSV_Handler
    startup_stm32h743xx.o(RESET) refers to stm32h7xx_it.o(i.SysTick_Handler) for SysTick_Handler
    startup_stm32h743xx.o(RESET) refers to stm32h7xx_it.o(i.DMA1_Stream0_IRQHandler) for DMA1_Stream0_IRQHandler
    startup_stm32h743xx.o(RESET) refers to stm32h7xx_it.o(i.DMA1_Stream1_IRQHandler) for DMA1_Stream1_IRQHandler
    startup_stm32h743xx.o(RESET) refers to stm32h7xx_it.o(i.USART1_IRQHandler) for USART1_IRQHandler
    startup_stm32h743xx.o(RESET) refers to stm32h7xx_it.o(i.OTG_FS_IRQHandler) for OTG_FS_IRQHandler
    startup_stm32h743xx.o(.text) refers (Special) to heapauxi.o(.text) for __use_two_region_memory
    startup_stm32h743xx.o(.text) refers to system_stm32h7xx.o(i.SystemInit) for SystemInit
    startup_stm32h743xx.o(.text) refers to __main.o(!!!main) for __main
    startup_stm32h743xx.o(.text) refers to startup_stm32h743xx.o(HEAP) for Heap_Mem
    startup_stm32h743xx.o(.text) refers to startup_stm32h743xx.o(STACK) for Stack_Mem
    main.o(i.MPU_Config) refers to stm32h7xx_hal_cortex.o(i.HAL_MPU_Disable) for HAL_MPU_Disable
    main.o(i.MPU_Config) refers to stm32h7xx_hal_cortex.o(i.HAL_MPU_ConfigRegion) for HAL_MPU_ConfigRegion
    main.o(i.MPU_Config) refers to stm32h7xx_hal_cortex.o(i.HAL_MPU_Enable) for HAL_MPU_Enable
    main.o(i.SystemClock_Config) refers to rt_memclr_w.o(.text) for __aeabi_memclr4
    main.o(i.SystemClock_Config) refers to stm32h7xx_hal_pwr_ex.o(i.HAL_PWREx_ConfigSupply) for HAL_PWREx_ConfigSupply
    main.o(i.SystemClock_Config) refers to stm32h7xx_hal_rcc.o(i.HAL_RCC_OscConfig) for HAL_RCC_OscConfig
    main.o(i.SystemClock_Config) refers to main.o(i.Error_Handler) for Error_Handler
    main.o(i.SystemClock_Config) refers to stm32h7xx_hal_rcc.o(i.HAL_RCC_ClockConfig) for HAL_RCC_ClockConfig
    main.o(i.main) refers to main.o(i.MPU_Config) for MPU_Config
    main.o(i.main) refers to stm32h7xx_hal.o(i.HAL_Init) for HAL_Init
    main.o(i.main) refers to main.o(i.SystemClock_Config) for SystemClock_Config
    main.o(i.main) refers to gpio.o(i.MX_GPIO_Init) for MX_GPIO_Init
    main.o(i.main) refers to dma.o(i.MX_DMA_Init) for MX_DMA_Init
    main.o(i.main) refers to i2s.o(i.MX_I2S1_Init) for MX_I2S1_Init
    main.o(i.main) refers to quadspi.o(i.MX_QUADSPI_Init) for MX_QUADSPI_Init
    main.o(i.main) refers to i2s.o(i.MX_I2S2_Init) for MX_I2S2_Init
    main.o(i.main) refers to usb_device.o(i.MX_USB_DEVICE_Init) for MX_USB_DEVICE_Init
    main.o(i.main) refers to i2c.o(i.MX_I2C1_Init) for MX_I2C1_Init
    main.o(i.main) refers to i2c.o(i.MX_I2C2_Init) for MX_I2C2_Init
    main.o(i.main) refers to usart.o(i.MX_USART1_UART_Init) for MX_USART1_UART_Init
    main.o(i.main) refers to fastmathfunctions.o(i.arm_cos_f32) for arm_cos_f32
    gpio.o(i.MX_GPIO_Init) refers to rt_memclr_w.o(.text) for __aeabi_memclr4
    gpio.o(i.MX_GPIO_Init) refers to stm32h7xx_hal_gpio.o(i.HAL_GPIO_WritePin) for HAL_GPIO_WritePin
    gpio.o(i.MX_GPIO_Init) refers to stm32h7xx_hal_gpio.o(i.HAL_GPIO_Init) for HAL_GPIO_Init
    dma.o(i.MX_DMA_Init) refers to stm32h7xx_hal_cortex.o(i.HAL_NVIC_SetPriority) for HAL_NVIC_SetPriority
    dma.o(i.MX_DMA_Init) refers to stm32h7xx_hal_cortex.o(i.HAL_NVIC_EnableIRQ) for HAL_NVIC_EnableIRQ
    i2c.o(i.HAL_I2C_MspDeInit) refers to stm32h7xx_hal_gpio.o(i.HAL_GPIO_DeInit) for HAL_GPIO_DeInit
    i2c.o(i.HAL_I2C_MspInit) refers to rt_memclr_w.o(.text) for __aeabi_memclr4
    i2c.o(i.HAL_I2C_MspInit) refers to stm32h7xx_hal_rcc_ex.o(i.HAL_RCCEx_PeriphCLKConfig) for HAL_RCCEx_PeriphCLKConfig
[...]
    TIM7_IRQHandler                          0x08000353   Thumb Code     0  startup_stm32h743xx.o(.text)
    TIM8_BRK_TIM12_IRQHandler                0x08000353   Thumb Code     0  startup_stm32h743xx.o(.text)
    TIM8_CC_IRQHandler                       0x08000353   Thumb Code     0  startup_stm32h743xx.o(.text)
    TIM8_TRG_COM_TIM14_IRQHandler            0x08000353   Thumb Code     0  startup_stm32h743xx.o(.text)
    TIM8_UP_TIM13_IRQHandler                 0x08000353   Thumb Code     0  startup_stm32h743xx.o(.text)
    UART4_IRQHandler                         0x08000353   Thumb Code     0  startup_stm32h743xx.o(.text)
    UART5_IRQHandler                         0x08000353   Thumb Code     0  startup_stm32h743xx.o(.text)
    UART7_IRQHandler                         0x08000353   Thumb Code     0  startup_stm32h743xx.o(.text)
    UART8_IRQHandler                         0x08000353   Thumb Code     0  startup_stm32h743xx.o(.text)
    USART2_IRQHandler                        0x08000353   Thumb Code     0  startup_stm32h743xx.o(.text)
    USART3_IRQHandler                        0x08000353   Thumb Code     0  startup_stm32h743xx.o(.text)
    USART6_IRQHandler                        0x08000353   Thumb Code     0  startup_stm32h743xx.o(.text)
    WAKEUP_PIN_IRQHandler                    0x08000353   Thumb Code     0  startup_stm32h743xx.o(.text)
    WWDG_IRQHandler                          0x08000353   Thumb Code     0  startup_stm32h743xx.o(.text)
    __user_initial_stackheap                 0x08000355   Thumb Code     0  startup_stm32h743xx.o(.text)
    __aeabi_uldivmod                         0x08000379   Thumb Code     0  lludivv7m.o(.text)
    _ll_udiv                                 0x08000379   Thumb Code   238  lludivv7m.o(.text)
    __aeabi_memclr4                          0x08000467   Thumb Code     0  rt_memclr_w.o(.text)
    __aeabi_memclr8                          0x08000467   Thumb Code     0  rt_memclr_w.o(.text)
    __rt_memclr_w                            0x08000467   Thumb Code    78  rt_memclr_w.o(.text)
    _memset_w                                0x0800046b   Thumb Code     0  rt_memclr_w.o(.text)
    __use_two_region_memory                  0x080004b5   Thumb Code     2  heapauxi.o(.text)
    __rt_heap_escrow$2region                 0x080004b7   Thumb Code     2  heapauxi.o(.text)
    __rt_heap_expand$2region                 0x080004b9   Thumb Code     2  heapauxi.o(.text)
    __user_libspace                          0x080004bd   Thumb Code     8  libspace.o(.text)
    __user_perproc_libspace                  0x080004bd   Thumb Code     0  libspace.o(.text)
    __user_perthread_libspace                0x080004bd   Thumb Code     0  libspace.o(.text)
    __user_setup_stackheap                   0x080004c5   Thumb Code    74  sys_stackheap_outer.o(.text)
    exit                                     0x0800050f   Thumb Code    18  exit.o(.text)
    _sys_exit                                0x08000521   Thumb Code     8  sys_exit.o(.text)
    __I$use$semihosting                      0x0800052d   Thumb Code     0  use_no_semi.o(.text)
    __use_no_semihosting_swi                 0x0800052d   Thumb Code     2  use_no_semi.o(.text)
    BusFault_Handler                         0x0800052f   Thumb Code     4  stm32h7xx_it.o(i.BusFault_Handler)
    __semihosting_library_function           0x0800052f   Thumb Code     0  indicate_semi.o(.text)
    DMA1_Stream0_IRQHandler                  0x080005c9   Thumb Code    10  stm32h7xx_it.o(i.DMA1_Stream0_IRQHandler)
    DMA1_Stream1_IRQHandler                  0x080005d9   Thumb Code    10  stm32h7xx_it.o(i.DMA1_Stream1_IRQHandler)
    DebugMon_Handler                         0x080008df   Thumb Code     2  stm32h7xx_it.o(i.DebugMon_Handler)
    Error_Handler                            0x080008e1   Thumb Code     6  main.o(i.Error_Handler)
    HAL_DMA_Abort                            0x0800091d   Thumb Code  1236  stm32h7xx_hal_dma.o(i.HAL_DMA_Abort)
    HAL_DMA_Abort_IT                         0x08000df9   Thumb Code   906  stm32h7xx_hal_dma.o(i.HAL_DMA_Abort_IT)
    HAL_DMA_IRQHandler                       0x08001191   Thumb Code  2798  stm32h7xx_hal_dma.o(i.HAL_DMA_IRQHandler)
    HAL_DMA_Init                             0x08001c89   Thumb Code  1304  stm32h7xx_hal_dma.o(i.HAL_DMA_Init)
    HAL_Delay                                0x080021a9   Thumb Code    36  stm32h7xx_hal.o(i.HAL_Delay)
    HAL_GPIO_Init                            0x080021d1   Thumb Code   456  stm32h7xx_hal_gpio.o(i.HAL_GPIO_Init)
    HAL_GPIO_WritePin                        0x080023cd   Thumb Code    12  stm32h7xx_hal_gpio.o(i.HAL_GPIO_WritePin)
    HAL_GetREVID                             0x080023d9   Thumb Code     8  stm32h7xx_hal.o(i.HAL_GetREVID)
    HAL_GetTick                              0x080023e5   Thumb Code     6  stm32h7xx_hal.o(i.HAL_GetTick)
    HAL_I2CEx_ConfigAnalogFilter             0x080023f1   Thumb Code   106  stm32h7xx_hal_i2c_ex.o(i.HAL_I2CEx_ConfigAnalogFilter)
    HAL_I2CEx_ConfigDigitalFilter            0x0800245b   Thumb Code   104  stm32h7xx_hal_i2c_ex.o(i.HAL_I2CEx_ConfigDigitalFilter)
    HAL_I2C_Init                             0x080024c5   Thumb Code   212  stm32h7xx_hal_i2c.o(i.HAL_I2C_Init)
    HAL_I2C_MspInit                          0x0800259d   Thumb Code   268  i2c.o(i.HAL_I2C_MspInit)
    HAL_I2S_Init                             0x080026b9   Thumb Code   398  stm32h7xx_hal_i2s.o(i.HAL_I2S_Init)
    HAL_I2S_MspInit                          0x08002851   Thumb Code   456  i2s.o(i.HAL_I2S_MspInit)
    HAL_IncTick                              0x08002a3d   Thumb Code    16  stm32h7xx_hal.o(i.HAL_IncTick)
    HAL_Init                                 0x08002a55   Thumb Code    80  stm32h7xx_hal.o(i.HAL_Init)
    HAL_InitTick                             0x08002ab5   Thumb Code    74  stm32h7xx_hal.o(i.HAL_InitTick)
    HAL_MPU_ConfigRegion                     0x08002b0d   Thumb Code    86  stm32h7xx_hal_cortex.o(i.HAL_MPU_ConfigRegion)
    HAL_MPU_Disable                          0x08002b69   Thumb Code    38  stm32h7xx_hal_cortex.o(i.HAL_MPU_Disable)
    HAL_MPU_Enable                           0x08002b95   Thumb Code    58  stm32h7xx_hal_cortex.o(i.HAL_MPU_Enable)
    HAL_MspInit                              0x08002bd5   Thumb Code    32  stm32h7xx_hal_msp.o(i.HAL_MspInit)
    HAL_NVIC_EnableIRQ                       0x08002bf9   Thumb Code    40  stm32h7xx_hal_cortex.o(i.HAL_NVIC_EnableIRQ)
    HAL_NVIC_SetPriority                     0x08002c21   Thumb Code   122  stm32h7xx_hal_cortex.o(i.HAL_NVIC_SetPriority)
    HAL_NVIC_SetPriorityGrouping             0x08002c9d   Thumb Code    32  stm32h7xx_hal_cortex.o(i.HAL_NVIC_SetPriorityGrouping)
    HAL_PCDEx_ActivateLPM                    0x08002cc5   Thumb Code    36  stm32h7xx_hal_pcd_ex.o(i.HAL_PCDEx_ActivateLPM)
    HAL_PCDEx_LPM_Callback                   0x08002ced   Thumb Code     2  stm32h7xx_hal_pcd_ex.o(i.HAL_PCDEx_LPM_Callback)
    HAL_PCDEx_SetRxFiFo                      0x08002cef   Thumb Code    10  stm32h7xx_hal_pcd_ex.o(i.HAL_PCDEx_SetRxFiFo)
    HAL_PCDEx_SetTxFiFo                      0x08002cf9   Thumb Code    78  stm32h7xx_hal_pcd_ex.o(i.HAL_PCDEx_SetTxFiFo)
    HAL_PCD_ConnectCallback                  0x08002d47   Thumb Code    14  usbd_conf.o(i.HAL_PCD_ConnectCallback)
    HAL_PCD_DataInStageCallback              0x08002d55   Thumb Code    32  usbd_conf.o(i.HAL_PCD_DataInStageCallback)
    HAL_PCD_DataOutStageCallback             0x08002d75   Thumb Code    32  usbd_conf.o(i.HAL_PCD_DataOutStageCallback)
    HAL_PCD_DisconnectCallback               0x08002d95   Thumb Code    14  usbd_conf.o(i.HAL_PCD_DisconnectCallback)
    HAL_PCD_EP_Abort                         0x08002da3   Thumb Code    66  stm32h7xx_hal_pcd.o(i.HAL_PCD_EP_Abort)
    HAL_PCD_EP_Close                         0x08002de5   Thumb Code   106  stm32h7xx_hal_pcd.o(i.HAL_PCD_EP_Close)
    HAL_PCD_EP_ClrStall                      0x08002e4f   Thumb Code   124  stm32h7xx_hal_pcd.o(i.HAL_PCD_EP_ClrStall)
    HAL_PCD_EP_GetRxCount                    0x08002ecb   Thumb Code    22  stm32h7xx_hal_pcd.o(i.HAL_PCD_EP_GetRxCount)
    HAL_PCD_EP_Open                          0x08002ee1   Thumb Code   140  stm32h7xx_hal_pcd.o(i.HAL_PCD_EP_Open)
    HAL_PCD_EP_Receive                       0x08002f6d   Thumb Code    70  stm32h7xx_hal_pcd.o(i.HAL_PCD_EP_Receive)
    HAL_PCD_EP_SetStall                      0x08002fb3   Thumb Code   138  stm32h7xx_hal_pcd.o(i.HAL_PCD_EP_SetStall)
    HAL_PCD_EP_Transmit                      0x0800303d   Thumb Code    72  stm32h7xx_hal_pcd.o(i.HAL_PCD_EP_Transmit)
    HAL_PCD_IRQHandler                       0x08003085   Thumb Code  1806  stm32h7xx_hal_pcd.o(i.HAL_PCD_IRQHandler)
    HAL_PCD_ISOINIncompleteCallback          0x08003793   Thumb Code    18  usbd_conf.o(i.HAL_PCD_ISOINIncompleteCallback)
    HAL_PCD_ISOOUTIncompleteCallback         0x080037a5   Thumb Code    18  usbd_conf.o(i.HAL_PCD_ISOOUTIncompleteCallback)
    HAL_PCD_Init                             0x080037b7   Thumb Code   350  stm32h7xx_hal_pcd.o(i.HAL_PCD_Init)
    HAL_PCD_MspInit                          0x08003915   Thumb Code   170  usbd_conf.o(i.HAL_PCD_MspInit)
    HAL_PCD_ResetCallback                    0x080039cd   Thumb Code    48  usbd_conf.o(i.HAL_PCD_ResetCallback)
    HAL_PCD_ResumeCallback                   0x080039fd   Thumb Code    14  usbd_conf.o(i.HAL_PCD_ResumeCallback)
    HAL_PCD_SOFCallback                      0x08003a0b   Thumb Code    14  usbd_conf.o(i.HAL_PCD_SOFCallback)
    HAL_PCD_SetAddress                       0x08003a19   Thumb Code    52  stm32h7xx_hal_pcd.o(i.HAL_PCD_SetAddress)
    HAL_PCD_SetupStageCallback               0x08003a4d   Thumb Code    18  usbd_conf.o(i.HAL_PCD_SetupStageCallback)
    HAL_PCD_Start                            0x08003a5f   Thumb Code    76  stm32h7xx_hal_pcd.o(i.HAL_PCD_Start)
    HAL_PCD_SuspendCallback                  0x08003aad   Thumb Code    46  usbd_conf.o(i.HAL_PCD_SuspendCallback)
    HAL_PWREx_ConfigSupply                   0x08003ae1   Thumb Code    90  stm32h7xx_hal_pwr_ex.o(i.HAL_PWREx_ConfigSupply)
    HAL_PWREx_EnableUSBVoltageDetector       0x08003b41   Thumb Code    14  stm32h7xx_hal_pwr_ex.o(i.HAL_PWREx_EnableUSBVoltageDetector)
    HAL_QSPI_Init                            0x08003b55   Thumb Code   168  stm32h7xx_hal_qspi.o(i.HAL_QSPI_Init)
    HAL_QSPI_MspInit                         0x08003c05   Thumb Code   284  quadspi.o(i.HAL_QSPI_MspInit)
    HAL_QSPI_SetTimeout                      0x08003d35   Thumb Code     4  stm32h7xx_hal_qspi.o(i.HAL_QSPI_SetTimeout)
    HAL_RCCEx_GetD3PCLK1Freq                 0x08003d39   Thumb Code    26  stm32h7xx_hal_rcc_ex.o(i.HAL_RCCEx_GetD3PCLK1Freq)
    HAL_RCCEx_GetPLL1ClockFreq               0x08003d5d   Thumb Code   536  stm32h7xx_hal_rcc_ex.o(i.HAL_RCCEx_GetPLL1ClockFreq)
    HAL_RCCEx_GetPLL2ClockFreq               0x08003f8d   Thumb Code   536  stm32h7xx_hal_rcc_ex.o(i.HAL_RCCEx_GetPLL2ClockFreq)
    HAL_RCCEx_GetPLL3ClockFreq               0x080041bd   Thumb Code   536  stm32h7xx_hal_rcc_ex.o(i.HAL_RCCEx_GetPLL3ClockFreq)
    HAL_RCCEx_GetPeriphCLKFreq               0x080043ed   Thumb Code  2216  stm32h7xx_hal_rcc_ex.o(i.HAL_RCCEx_GetPeriphCLKFreq)
    HAL_RCCEx_PeriphCLKConfig                0x08004c9d   Thumb Code  3432  stm32h7xx_hal_rcc_ex.o(i.HAL_RCCEx_PeriphCLKConfig)
    HAL_RCC_ClockConfig                      0x08005a05   Thumb Code   774  stm32h7xx_hal_rcc.o(i.HAL_RCC_ClockConfig)
    HAL_RCC_GetHCLKFreq                      0x08005d25   Thumb Code    60  stm32h7xx_hal_rcc.o(i.HAL_RCC_GetHCLKFreq)
    HAL_RCC_GetPCLK1Freq                     0x08005d71   Thumb Code    26  stm32h7xx_hal_rcc.o(i.HAL_RCC_GetPCLK1Freq)
    HAL_RCC_GetPCLK2Freq                     0x08005d95   Thumb Code    26  stm32h7xx_hal_rcc.o(i.HAL_RCC_GetPCLK2Freq)
    HAL_RCC_GetSysClockFreq                  0x08005db9   Thumb Code   524  stm32h7xx_hal_rcc.o(i.HAL_RCC_GetSysClockFreq)
    HAL_RCC_OscConfig                        0x08005fe5   Thumb Code  2130  stm32h7xx_hal_rcc.o(i.HAL_RCC_OscConfig)
    HAL_SYSTICK_Config                       0x0800683d   Thumb Code    52  stm32h7xx_hal_cortex.o(i.HAL_SYSTICK_Config)
    HAL_UARTEx_DisableFifoMode               0x08006871   Thumb Code    78  stm32h7xx_hal_uart_ex.o(i.HAL_UARTEx_DisableFifoMode)
    HAL_UARTEx_RxEventCallback               0x080068bf   Thumb Code     2  stm32h7xx_hal_uart.o(i.HAL_UARTEx_RxEventCallback)
    HAL_UARTEx_RxFifoFullCallback            0x080068c1   Thumb Code     2  stm32h7xx_hal_uart_ex.o(i.HAL_UARTEx_RxFifoFullCallback)
    HAL_UARTEx_SetRxFifoThreshold            0x080068c3   Thumb Code    94  stm32h7xx_hal_uart_ex.o(i.HAL_UARTEx_SetRxFifoThreshold)
    HAL_UARTEx_SetTxFifoThreshold            0x08006921   Thumb Code    94  stm32h7xx_hal_uart_ex.o(i.HAL_UARTEx_SetTxFifoThreshold)
    HAL_UARTEx_TxFifoEmptyCallback           0x0800697f   Thumb Code     2  stm32h7xx_hal_uart_ex.o(i.HAL_UARTEx_TxFifoEmptyCallback)
    HAL_UARTEx_WakeupCallback                0x08006981   Thumb Code     2  stm32h7xx_hal_uart_ex.o(i.HAL_UARTEx_WakeupCallback)
    HAL_UART_ErrorCallback                   0x08006983   Thumb Code     2  stm32h7xx_hal_uart.o(i.HAL_UART_ErrorCallback)
    HAL_UART_IRQHandler                      0x08006985   Thumb Code  1172  stm32h7xx_hal_uart.o(i.HAL_UART_IRQHandler)
    HAL_UART_Init                            0x08006e19   Thumb Code   120  stm32h7xx_hal_uart.o(i.HAL_UART_Init)
    HAL_UART_MspInit                         0x08006e91   Thumb Code   162  usart.o(i.HAL_UART_MspInit)
    HAL_UART_TxCpltCallback                  0x08006f41   Thumb Code     2  stm32h7xx_hal_uart.o(i.HAL_UART_TxCpltCallback)
    HardFault_Handler                        0x08006f43   Thumb Code     4  stm32h7xx_it.o(i.HardFault_Handler)
    MX_DMA_Init                              0x08006fdd   Thumb Code    64  dma.o(i.MX_DMA_Init)
    MX_GPIO_Init                             0x08007021   Thumb Code   250  gpio.o(i.MX_GPIO_Init)
    MX_I2C1_Init                             0x0800712d   Thumb Code    74  i2c.o(i.MX_I2C1_Init)
    MX_I2C2_Init                             0x08007185   Thumb Code    74  i2c.o(i.MX_I2C2_Init)
    MX_I2S1_Init                             0x080071dd   Thumb Code    52  i2s.o(i.MX_I2S1_Init)
    MX_I2S2_Init                             0x08007219   Thumb Code    52  i2s.o(i.MX_I2S2_Init)
    MX_QUADSPI_Init                          0x08007255   Thumb Code    48  quadspi.o(i.MX_QUADSPI_Init)
    MX_USART1_UART_Init                      0x0800728d   Thumb Code    98  usart.o(i.MX_USART1_UART_Init)
    MX_USB_DEVICE_Init                       0x080072f9   Thumb Code    64  usb_device.o(i.MX_USB_DEVICE_Init)
    MemManage_Handler                        0x08007349   Thumb Code     4  stm32h7xx_it.o(i.MemManage_Handler)
    NMI_Handler                              0x0800734d   Thumb Code     4  stm32h7xx_it.o(i.NMI_Handler)
    OTG_FS_IRQHandler                        0x08007351   Thumb Code    10  stm32h7xx_it.o(i.OTG_FS_IRQHandler)
    PendSV_Handler                           0x080075bf   Thumb Code     2  stm32h7xx_it.o(i.PendSV_Handler)
    SVC_Handler                              0x080078d5   Thumb Code     2  stm32h7xx_it.o(i.SVC_Handler)
    SysTick_Handler                          0x080078e9   Thumb Code     8  stm32h7xx_it.o(i.SysTick_Handler)
    SystemClock_Config                       0x080078f1   Thumb Code   300  main.o(i.SystemClock_Config)
    SystemInit                               0x08007a29   Thumb Code   212  system_stm32h7xx.o(i.SystemInit)
    UART_AdvFeatureConfig                    0x08007b7d   Thumb Code   248  stm32h7xx_hal_uart.o(i.UART_AdvFeatureConfig)
    UART_CheckIdleState                      0x08007c75   Thumb Code   234  stm32h7xx_hal_uart.o(i.UART_CheckIdleState)
    UART_SetConfig                           0x08007e15   Thumb Code  1402  stm32h7xx_hal_uart.o(i.UART_SetConfig)
    UART_WaitOnFlagUntilTimeout              0x080083a1   Thumb Code   172  stm32h7xx_hal_uart.o(i.UART_WaitOnFlagUntilTimeout)
    USART1_IRQHandler                        0x0800844d   Thumb Code    10  stm32h7xx_it.o(i.USART1_IRQHandler)
    USBD_CDC_GetDeviceQualifierDescriptor    0x0800868d   Thumb Code    10  usbd_cdc.o(i.USBD_CDC_GetDeviceQualifierDescriptor)
    USBD_CDC_ReceivePacket                   0x0800890d   Thumb Code    74  usbd_cdc.o(i.USBD_CDC_ReceivePacket)
    USBD_CDC_RegisterInterface               0x0800895d   Thumb Code    24  usbd_cdc.o(i.USBD_CDC_RegisterInterface)
    USBD_CDC_SetRxBuffer                     0x08008975   Thumb Code    30  usbd_cdc.o(i.USBD_CDC_SetRxBuffer)
    USBD_CDC_SetTxBuffer                     0x08008993   Thumb Code    36  usbd_cdc.o(i.USBD_CDC_SetTxBuffer)
    USBD_ClrClassConfig                      0x08008af7   Thumb Code    28  usbd_core.o(i.USBD_ClrClassConfig)
    USBD_CoreFindEP                          0x08008b51   Thumb Code     6  usbd_core.o(i.USBD_CoreFindEP)
    USBD_CoreFindIF                          0x08008b57   Thumb Code     6  usbd_core.o(i.USBD_CoreFindIF)
    USBD_CtlContinueRx                       0x08008b5d   Thumb Code    24  usbd_ioreq.o(i.USBD_CtlContinueRx)
    USBD_CtlContinueSendData                 0x08008b75   Thumb Code    24  usbd_ioreq.o(i.USBD_CtlContinueSendData)
    USBD_CtlError                            0x08008b8d   Thumb Code    24  usbd_ctlreq.o(i.USBD_CtlError)
    USBD_CtlPrepareRx                        0x08008ba5   Thumb Code    40  usbd_ioreq.o(i.USBD_CtlPrepareRx)
    USBD_CtlReceiveStatus                    0x08008bcd   Thumb Code    26  usbd_ioreq.o(i.USBD_CtlReceiveStatus)
    USBD_CtlSendData                         0x08008be7   Thumb Code    34  usbd_ioreq.o(i.USBD_CtlSendData)
    USBD_CtlSendStatus                       0x08008c09   Thumb Code    26  usbd_ioreq.o(i.USBD_CtlSendStatus)
    USBD_FS_ConfigStrDescriptor              0x08008c25   Thumb Code    34  usbd_desc.o(i.USBD_FS_ConfigStrDescriptor)
    USBD_FS_DeviceDescriptor                 0x08008c59   Thumb Code    10  usbd_desc.o(i.USBD_FS_DeviceDescriptor)
    USBD_FS_InterfaceStrDescriptor           0x08008c69   Thumb Code    34  usbd_desc.o(i.USBD_FS_InterfaceStrDescriptor)
    USBD_FS_LangIDStrDescriptor              0x08008ca1   Thumb Code    10  usbd_desc.o(i.USBD_FS_LangIDStrDescriptor)
    USBD_FS_ManufacturerStrDescriptor        0x08008cb1   Thumb Code    20  usbd_desc.o(i.USBD_FS_ManufacturerStrDescriptor)
    USBD_FS_ProductStrDescriptor             0x08008cd1   Thumb Code    34  usbd_desc.o(i.USBD_FS_ProductStrDescriptor)
    USBD_FS_SerialStrDescriptor              0x08008d15   Thumb Code    18  usbd_desc.o(i.USBD_FS_SerialStrDescriptor)
    USBD_GetEpDesc                           0x08008fb5   Thumb Code    80  usbd_core.o(i.USBD_GetEpDesc)
    USBD_GetNextDesc                         0x0800901b   Thumb Code    20  usbd_core.o(i.USBD_GetNextDesc)
    USBD_GetString                           0x08009089   Thumb Code   104  usbd_ctlreq.o(i.USBD_GetString)
    USBD_Get_USB_Status                      0x080090f1   Thumb Code    44  usbd_conf.o(i.USBD_Get_USB_Status)
    USBD_Init                                0x0800911d   Thumb Code    58  usbd_core.o(i.USBD_Init)
    USBD_LL_ClearStallEP                     0x08009157   Thumb Code    38  usbd_conf.o(i.USBD_LL_ClearStallEP)
    USBD_LL_CloseEP                          0x0800917d   Thumb Code    38  usbd_conf.o(i.USBD_LL_CloseEP)
    USBD_LL_DataInStage                      0x080091a3   Thumb Code   264  usbd_core.o(i.USBD_LL_DataInStage)
    USBD_LL_DataOutStage                     0x080092ab   Thumb Code   258  usbd_core.o(i.USBD_LL_DataOutStage)
    USBD_LL_DevConnected                     0x080093ad   Thumb Code     6  usbd_core.o(i.USBD_LL_DevConnected)
    USBD_LL_DevDisconnected                  0x080093b3   Thumb Code    38  usbd_core.o(i.USBD_LL_DevDisconnected)
    USBD_LL_GetRxDataSize                    0x080093d9   Thumb Code    18  usbd_conf.o(i.USBD_LL_GetRxDataSize)
    USBD_LL_Init                             0x080093ed   Thumb Code   100  usbd_conf.o(i.USBD_LL_Init)
    USBD_LL_IsStallEP                        0x08009459   Thumb Code    56  usbd_conf.o(i.USBD_LL_IsStallEP)
    USBD_LL_IsoINIncomplete                  0x08009491   Thumb Code    72  usbd_core.o(i.USBD_LL_IsoINIncomplete)
    USBD_LL_IsoOUTIncomplete                 0x080094d9   Thumb Code    72  usbd_core.o(i.USBD_LL_IsoOUTIncomplete)
    USBD_LL_OpenEP                           0x08009521   Thumb Code    48  usbd_conf.o(i.USBD_LL_OpenEP)
    USBD_LL_PrepareReceive                   0x08009551   Thumb Code    48  usbd_conf.o(i.USBD_LL_PrepareReceive)
    USBD_LL_Reset                            0x08009581   Thumb Code   108  usbd_core.o(i.USBD_LL_Reset)
    USBD_LL_Resume                           0x080095ed   Thumb Code    22  usbd_core.o(i.USBD_LL_Resume)
    USBD_LL_SOF                              0x08009603   Thumb Code    40  usbd_core.o(i.USBD_LL_SOF)
    USBD_LL_SetSpeed                         0x0800962b   Thumb Code     8  usbd_core.o(i.USBD_LL_SetSpeed)
    USBD_LL_SetUSBAddress                    0x08009633   Thumb Code    38  usbd_conf.o(i.USBD_LL_SetUSBAddress)
    USBD_LL_SetupStage                       0x08009659   Thumb Code   118  usbd_core.o(i.USBD_LL_SetupStage)
    USBD_LL_StallEP                          0x080096cf   Thumb Code    38  usbd_conf.o(i.USBD_LL_StallEP)
    USBD_LL_Start                            0x080096f5   Thumb Code    30  usbd_conf.o(i.USBD_LL_Start)
    USBD_LL_Suspend                          0x08009713   Thumb Code    28  usbd_core.o(i.USBD_LL_Suspend)
    USBD_LL_Transmit                         0x0800972f   Thumb Code    48  usbd_conf.o(i.USBD_LL_Transmit)
    USBD_ParseSetupRequest                   0x0800975f   Thumb Code    54  usbd_ctlreq.o(i.USBD_ParseSetupRequest)
    USBD_RegisterClass                       0x08009795   Thumb Code    72  usbd_core.o(i.USBD_RegisterClass)
    USBD_RunTestMode                         0x080097dd   Thumb Code     6  usbd_core.o(i.USBD_RunTestMode)
    USBD_SetClassConfig                      0x0800983d   Thumb Code    32  usbd_core.o(i.USBD_SetClassConfig)
    USBD_Start                               0x08009999   Thumb Code    12  usbd_core.o(i.USBD_Start)
    USBD_StdDevReq                           0x080099a5   Thumb Code   174  usbd_ctlreq.o(i.USBD_StdDevReq)
    USBD_StdEPReq                            0x08009a53   Thumb Code   640  usbd_ctlreq.o(i.USBD_StdEPReq)
    USBD_StdItfReq                           0x08009cd3   Thumb Code   174  usbd_ctlreq.o(i.USBD_StdItfReq)
    USBD_static_free                         0x08009d81   Thumb Code     2  usbd_conf.o(i.USBD_static_free)
    USBD_static_malloc                       0x08009d85   Thumb Code     6  usbd_conf.o(i.USBD_static_malloc)
    USB_ActivateEndpoint                     0x08009d91   Thumb Code   202  stm32h7xx_ll_usb.o(i.USB_ActivateEndpoint)
    USB_ActivateSetup                        0x08009e61   Thumb Code    40  stm32h7xx_ll_usb.o(i.USB_ActivateSetup)
    USB_CoreInit                             0x08009e89   Thumb Code   150  stm32h7xx_ll_usb.o(i.USB_CoreInit)
    USB_DeactivateEndpoint                   0x08009f7d   Thumb Code   318  stm32h7xx_ll_usb.o(i.USB_DeactivateEndpoint)
    USB_DevConnect                           0x0800a0c9   Thumb Code    36  stm32h7xx_ll_usb.o(i.USB_DevConnect)
    USB_DevDisconnect                        0x0800a0ed   Thumb Code    36  stm32h7xx_ll_usb.o(i.USB_DevDisconnect)
    USB_DevInit                              0x0800a111   Thumb Code   472  stm32h7xx_ll_usb.o(i.USB_DevInit)
    USB_DisableGlobalInt                     0x0800a2f1   Thumb Code    14  stm32h7xx_ll_usb.o(i.USB_DisableGlobalInt)
    USB_EP0_OutStart                         0x0800a301   Thumb Code   106  stm32h7xx_ll_usb.o(i.USB_EP0_OutStart)
    USB_EPClearStall                         0x0800a371   Thumb Code   142  stm32h7xx_ll_usb.o(i.USB_EPClearStall)
    USB_EPSetStall                           0x0800a3ff   Thumb Code   154  stm32h7xx_ll_usb.o(i.USB_EPSetStall)
    USB_EPStartXfer                          0x0800a499   Thumb Code   944  stm32h7xx_ll_usb.o(i.USB_EPStartXfer)
    USB_EPStopXfer                           0x0800a84d   Thumb Code   236  stm32h7xx_ll_usb.o(i.USB_EPStopXfer)
    USB_EnableGlobalInt                      0x0800a939   Thumb Code    14  stm32h7xx_ll_usb.o(i.USB_EnableGlobalInt)
    USB_FlushRxFifo                          0x0800a947   Thumb Code    80  stm32h7xx_ll_usb.o(i.USB_FlushRxFifo)
    USB_FlushTxFifo                          0x0800a997   Thumb Code    84  stm32h7xx_ll_usb.o(i.USB_FlushTxFifo)
    USB_GetDevSpeed                          0x0800a9eb   Thumb Code    38  stm32h7xx_ll_usb.o(i.USB_GetDevSpeed)
    USB_GetMode                              0x0800aa11   Thumb Code    10  stm32h7xx_ll_usb.o(i.USB_GetMode)
    USB_ReadDevAllInEpInterrupt              0x0800aa1b   Thumb Code    20  stm32h7xx_ll_usb.o(i.USB_ReadDevAllInEpInterrupt)
    USB_ReadDevAllOutEpInterrupt             0x0800aa2f   Thumb Code    20  stm32h7xx_ll_usb.o(i.USB_ReadDevAllOutEpInterrupt)
    USB_ReadDevInEPInterrupt                 0x0800aa43   Thumb Code    50  stm32h7xx_ll_usb.o(i.USB_ReadDevInEPInterrupt)
    USB_ReadDevOutEPInterrupt                0x0800aa75   Thumb Code    26  stm32h7xx_ll_usb.o(i.USB_ReadDevOutEPInterrupt)
    USB_ReadInterrupts                       0x0800aa8f   Thumb Code    10  stm32h7xx_ll_usb.o(i.USB_ReadInterrupts)
    USB_ReadPacket                           0x0800aa99   Thumb Code    96  stm32h7xx_ll_usb.o(i.USB_ReadPacket)
    USB_SetCurrentMode                       0x0800aaf9   Thumb Code   104  stm32h7xx_ll_usb.o(i.USB_SetCurrentMode)
    USB_SetDevAddress                        0x0800ab61   Thumb Code    42  stm32h7xx_ll_usb.o(i.USB_SetDevAddress)
    USB_SetDevSpeed                          0x0800ab8b   Thumb Code    18  stm32h7xx_ll_usb.o(i.USB_SetDevSpeed)
    USB_SetTurnaroundTime                    0x0800ab9d   Thumb Code   192  stm32h7xx_ll_usb.o(i.USB_SetTurnaroundTime)
    USB_WritePacket                          0x0800ac85   Thumb Code    68  stm32h7xx_ll_usb.o(i.USB_WritePacket)
    UsageFault_Handler                       0x0800acc9   Thumb Code     4  stm32h7xx_it.o(i.UsageFault_Handler)
    arm_cos_f32                              0x0800ad05   Thumb Code   150  fastmathfunctions.o(i.arm_cos_f32)
    main                                     0x0800ada9   Thumb Code    70  main.o(i.main)
    _fp_init                                 0x0800adf5   Thumb Code    10  fpinit.o(x$fpl$fpinit)
    __fplib_config_fpu_vfp                   0x0800adfd   Thumb Code     0  fpinit.o(x$fpl$fpinit)
    __fplib_config_pureend_doubles           0x0800adfd   Thumb Code     0  fpinit.o(x$fpl$fpinit)
    UARTPrescTable                           0x0800ae06   Data          24  stm32h7xx_hal_uart.o(.constdata)
    D1CorePrescTable                         0x0800ae2e   Data          16  system_stm32h7xx.o(.constdata)
    armBitRevTable                           0x0800ae40   Data        2048  commontables.o(.constdata)
    twiddleCoefF64_16                        0x0800b640   Data         256  commontables.o(.constdata)
    twiddleCoefF64_32                        0x0800b740   Data         512  commontables.o(.constdata)
    twiddleCoefF64_64                        0x0800b940   Data        1024  commontables.o(.constdata)
    twiddleCoefF64_128                       0x0800bd40   Data        2048  commontables.o(.constdata)
    twiddleCoefF64_256                       0x0800c540   Data        4096  commontables.o(.constdata)
    twiddleCoefF64_512                       0x0800d540   Data        8192  commontables.o(.constdata)
    twiddleCoefF64_1024                      0x0800f540   Data       16384  commontables.o(.constdata)
    twiddleCoefF64_2048                      0x08013540   Data       32768  commontables.o(.constdata)
    twiddleCoefF64_4096                      0x0801b540   Data       65536  commontables.o(.constdata)
    twiddleCoef_16                           0x0802b540   Data         128  commontables.o(.constdata)
    twiddleCoef_32                           0x0802b5c0   Data         256  commontables.o(.constdata)
    twiddleCoef_64                           0x0802b6c0   Data         512  commontables.o(.constdata)
    twiddleCoef_128                          0x0802b8c0   Data        1024  commontables.o(.constdata)
    twiddleCoef_256                          0x0802bcc0   Data        2048  commontables.o(.constdata)
    twiddleCoef_512                          0x0802c4c0   Data        4096  commontables.o(.constdata)
    twiddleCoef_1024                         0x0802d4c0   Data        8192  commontables.o(.constdata)
    twiddleCoef_2048                         0x0802f4c0   Data       16384  commontables.o(.constdata)
    twiddleCoef_4096                         0x080334c0   Data       32768  commontables.o(.constdata)
    twiddleCoef_16_q31                       0x0803b4c0   Data          96  commontables.o(.constdata)
    twiddleCoef_32_q31                       0x0803b520   Data         192  commontables.o(.constdata)
    twiddleCoef_64_q31                       0x0803b5e0   Data         384  commontables.o(.constdata)
    twiddleCoef_128_q31                      0x0803b760   Data         768  commontables.o(.constdata)
    twiddleCoef_256_q31                      0x0803ba60   Data        1536  commontables.o(.constdata)
    twiddleCoef_512_q31                      0x0803c060   Data        3072  commontables.o(.constdata)
    twiddleCoef_1024_q31                     0x0803cc60   Data        6144  commontables.o(.constdata)
    twiddleCoef_2048_q31                     0x0803e460   Data       12288  commontables.o(.constdata)
    twiddleCoef_4096_q31                     0x08041460   Data       24576  commontables.o(.constdata)
    twiddleCoef_16_q15                       0x08047460   Data          48  commontables.o(.constdata)
    twiddleCoef_32_q15                       0x08047490   Data          96  commontables.o(.constdata)
    twiddleCoef_64_q15                       0x080474f0   Data         192  commontables.o(.constdata)
    twiddleCoef_128_q15                      0x080475b0   Data         384  commontables.o(.constdata)
    twiddleCoef_256_q15                      0x08047730   Data         768  commontables.o(.constdata)
    twiddleCoef_512_q15                      0x08047a30   Data        1536  commontables.o(.constdata)
    twiddleCoef_1024_q15                     0x08048030   Data        3072  commontables.o(.constdata)
    twiddleCoef_2048_q15                     0x08048c30   Data        6144  commontables.o(.constdata)
    twiddleCoef_4096_q15                     0x0804a430   Data       12288  commontables.o(.constdata)
    armBitRevIndexTableF64_16                0x0804d430   Data          24  commontables.o(.constdata)
    armBitRevIndexTableF64_32                0x0804d448   Data          48  commontables.o(.constdata)
    armBitRevIndexTableF64_64                0x0804d478   Data         112  commontables.o(.constdata)
    armBitRevIndexTableF64_128               0x0804d4e8   Data         224  commontables.o(.constdata)
    armBitRevIndexTableF64_256               0x0804d5c8   Data         480  commontables.o(.constdata)
    armBitRevIndexTableF64_512               0x0804d7a8   Data         960  commontables.o(.constdata)
    armBitRevIndexTableF64_1024              0x0804db68   Data        1984  commontables.o(.constdata)
    armBitRevIndexTableF64_2048              0x0804e328   Data        3968  commontables.o(.constdata)
    armBitRevIndexTableF64_4096              0x0804f2a8   Data        8064  commontables.o(.constdata)
    armBitRevIndexTable16                    0x08051228   Data          40  commontables.o(.constdata)
    armBitRevIndexTable32                    0x08051250   Data          96  commontables.o(.constdata)
    armBitRevIndexTable64                    0x080512b0   Data         112  commontables.o(.constdata)
    armBitRevIndexTable128                   0x08051320   Data         416  commontables.o(.constdata)
    armBitRevIndexTable256                   0x080514c0   Data         880  commontables.o(.constdata)
    armBitRevIndexTable512                   0x08051830   Data         896  commontables.o(.constdata)
    armBitRevIndexTable1024                  0x08051bb0   Data        3600  commontables.o(.constdata)
    armBitRevIndexTable2048                  0x080529c0   Data        7616  commontables.o(.constdata)
    armBitRevIndexTable4096                  0x08054780   Data        8064  commontables.o(.constdata)
    armBitRevIndexTable_fixed_16             0x08056700   Data          24  commontables.o(.constdata)
    armBitRevIndexTable_fixed_32             0x08056718   Data          48  commontables.o(.constdata)
    armBitRevIndexTable_fixed_64             0x08056748   Data         112  commontables.o(.constdata)
    armBitRevIndexTable_fixed_128            0x080567b8   Data         224  commontables.o(.constdata)
    armBitRevIndexTable_fixed_256            0x08056898   Data         480  commontables.o(.constdata)
    armBitRevIndexTable_fixed_512            0x08056a78   Data         960  commontables.o(.constdata)
    armBitRevIndexTable_fixed_1024           0x08056e38   Data        1984  commontables.o(.constdata)
    armBitRevIndexTable_fixed_2048           0x080575f8   Data        3968  commontables.o(.constdata)
    armBitRevIndexTable_fixed_4096           0x08058578   Data        8064  commontables.o(.constdata)
    twiddleCoefF64_rfft_32                   0x0805a4f8   Data         256  commontables.o(.constdata)
    twiddleCoefF64_rfft_64                   0x0805a5f8   Data         512  commontables.o(.constdata)
    twiddleCoefF64_rfft_128                  0x0805a7f8   Data        1024  commontables.o(.constdata)
    twiddleCoefF64_rfft_256                  0x0805abf8   Data        2048  commontables.o(.constdata)
    twiddleCoefF64_rfft_512                  0x0805b3f8   Data        4096  commontables.o(.constdata)
    twiddleCoefF64_rfft_1024                 0x0805c3f8   Data        8192  commontables.o(.constdata)
    twiddleCoefF64_rfft_2048                 0x0805e3f8   Data       16384  commontables.o(.constdata)
    twiddleCoefF64_rfft_4096                 0x080623f8   Data       32768  commontables.o(.constdata)
    twiddleCoef_rfft_32                      0x0806a3f8   Data         128  commontables.o(.constdata)
    twiddleCoef_rfft_64                      0x0806a478   Data         256  commontables.o(.constdata)
    twiddleCoef_rfft_128                     0x0806a578   Data         512  commontables.o(.constdata)
    twiddleCoef_rfft_256                     0x0806a778   Data        1024  commontables.o(.constdata)
    twiddleCoef_rfft_512                     0x0806ab78   Data        2048  commontables.o(.constdata)
    twiddleCoef_rfft_1024                    0x0806b378   Data        4096  commontables.o(.constdata)
    twiddleCoef_rfft_2048                    0x0806c378   Data        8192  commontables.o(.constdata)
    twiddleCoef_rfft_4096                    0x0806e378   Data       16384  commontables.o(.constdata)
    realCoefA                                0x08072378   Data       32768  commontables.o(.constdata)
    realCoefB                                0x0807a378   Data       32768  commontables.o(.constdata)
    realCoefAQ31                             0x08082378   Data       32768  commontables.o(.constdata)
    realCoefBQ31                             0x0808a378   Data       32768  commontables.o(.constdata)
    realCoefAQ15                             0x08092378   Data       16384  commontables.o(.constdata)
    realCoefBQ15                             0x08096378   Data       16384  commontables.o(.constdata)
    Weights_128                              0x0809a378   Data        1024  commontables.o(.constdata)
    cos_factors_128                          0x0809a778   Data         512  commontables.o(.constdata)
    Weights_512                              0x0809a978   Data        4096  commontables.o(.constdata)
    cos_factors_512                          0x0809b978   Data        2048  commontables.o(.constdata)
    Weights_2048                             0x0809c178   Data       16384  commontables.o(.constdata)
    cos_factors_2048                         0x080a0178   Data        8192  commontables.o(.constdata)
    Weights_8192                             0x080a2178   Data       65536  commontables.o(.constdata)
    cos_factors_8192                         0x080b2178   Data       32768  commontables.o(.constdata)
    WeightsQ15_128                           0x080ba178   Data         512  commontables.o(.constdata)
    cos_factorsQ15_128                       0x080ba378   Data         256  commontables.o(.constdata)
    WeightsQ15_512                           0x080ba478   Data        2048  commontables.o(.constdata)
    cos_factorsQ15_512                       0x080bac78   Data        1024  commontables.o(.constdata)
    WeightsQ15_2048                          0x080bb078   Data        8192  commontables.o(.constdata)
    cos_factorsQ15_2048                      0x080bd078   Data        4096  commontables.o(.constdata)
    WeightsQ15_8192                          0x080be078   Data       32768  commontables.o(.constdata)
    cos_factorsQ15_8192                      0x080c6078   Data       16384  commontables.o(.constdata)
    WeightsQ31_128                           0x080ca078   Data        1024  commontables.o(.constdata)
    cos_factorsQ31_128                       0x080ca478   Data         512  commontables.o(.constdata)
    WeightsQ31_512                           0x080ca678   Data        4096  commontables.o(.constdata)
    cos_factorsQ31_512                       0x080cb678   Data        2048  commontables.o(.constdata)
    WeightsQ31_2048                          0x080cbe78   Data       16384  commontables.o(.constdata)
    cos_factorsQ31_2048                      0x080cfe78   Data        8192  commontables.o(.constdata)
    WeightsQ31_8192                          0x080d1e78   Data       65536  commontables.o(.constdata)
    cos_factorsQ31_8192                      0x080e1e78   Data       32768  commontables.o(.constdata)
    armRecipTableQ15                         0x080e9e78   Data         128  commontables.o(.constdata)
    armRecipTableQ31                         0x080e9ef8   Data         256  commontables.o(.constdata)
    sinTable_f32                             0x080e9ff8   Data        2052  commontables.o(.constdata)
    sinTable_q31                             0x080ea7fc   Data        2052  commontables.o(.constdata)
    sinTable_q15                             0x080eb000   Data        1026  commontables.o(.constdata)
    sqrt_initial_lut_q31                     0x080eb404   Data         128  commontables.o(.constdata)
    sqrt_initial_lut_q15                     0x080eb484   Data          32  commontables.o(.constdata)
    arm_cfft_sR_f64_len16                    0x080eb4a4   Data          16  commontables.o(.constdata)
    arm_cfft_sR_f64_len32                    0x080eb4b4   Data          16  commontables.o(.constdata)
    arm_cfft_sR_f64_len64                    0x080eb4c4   Data          16  commontables.o(.constdata)
    arm_cfft_sR_f64_len128                   0x080eb4d4   Data          16  commontables.o(.constdata)
    arm_cfft_sR_f64_len256                   0x080eb4e4   Data          16  commontables.o(.constdata)
    arm_cfft_sR_f64_len512                   0x080eb4f4   Data          16  commontables.o(.constdata)
    arm_cfft_sR_f64_len1024                  0x080eb504   Data          16  commontables.o(.constdata)
    arm_cfft_sR_f64_len2048                  0x080eb514   Data          16  commontables.o(.constdata)
    arm_cfft_sR_f64_len4096                  0x080eb524   Data          16  commontables.o(.constdata)
    arm_cfft_sR_f32_len16                    0x080eb534   Data          16  commontables.o(.constdata)
    arm_cfft_sR_f32_len32                    0x080eb544   Data          16  commontables.o(.constdata)
    arm_cfft_sR_f32_len64                    0x080eb554   Data          16  commontables.o(.constdata)
    arm_cfft_sR_f32_len128                   0x080eb564   Data          16  commontables.o(.constdata)
    arm_cfft_sR_f32_len256                   0x080eb574   Data          16  commontables.o(.constdata)
    arm_cfft_sR_f32_len512                   0x080eb584   Data          16  commontables.o(.constdata)
    arm_cfft_sR_f32_len1024                  0x080eb594   Data          16  commontables.o(.constdata)
    arm_cfft_sR_f32_len2048                  0x080eb5a4   Data          16  commontables.o(.constdata)
    arm_cfft_sR_f32_len4096                  0x080eb5b4   Data          16  commontables.o(.constdata)
    arm_cfft_sR_q31_len16                    0x080eb5c4   Data          16  commontables.o(.constdata)
    arm_cfft_sR_q31_len32                    0x080eb5d4   Data          16  commontables.o(.constdata)
    arm_cfft_sR_q31_len64                    0x080eb5e4   Data          16  commontables.o(.constdata)
    arm_cfft_sR_q31_len128                   0x080eb5f4   Data          16  commontables.o(.constdata)
    arm_cfft_sR_q31_len256                   0x080eb604   Data          16  commontables.o(.constdata)
    arm_cfft_sR_q31_len512                   0x080eb614   Data          16  commontables.o(.constdata)
    arm_cfft_sR_q31_len1024                  0x080eb624   Data          16  commontables.o(.constdata)
    arm_cfft_sR_q31_len2048                  0x080eb634   Data          16  commontables.o(.constdata)
    arm_cfft_sR_q31_len4096                  0x080eb644   Data          16  commontables.o(.constdata)
    arm_cfft_sR_q15_len16                    0x080eb654   Data          16  commontables.o(.constdata)
    arm_cfft_sR_q15_len32                    0x080eb664   Data          16  commontables.o(.constdata)
    arm_cfft_sR_q15_len64                    0x080eb674   Data          16  commontables.o(.constdata)
    arm_cfft_sR_q15_len128                   0x080eb684   Data          16  commontables.o(.constdata)
    arm_cfft_sR_q15_len256                   0x080eb694   Data          16  commontables.o(.constdata)
    arm_cfft_sR_q15_len512                   0x080eb6a4   Data          16  commontables.o(.constdata)
    arm_cfft_sR_q15_len1024                  0x080eb6b4   Data          16  commontables.o(.constdata)
    arm_cfft_sR_q15_len2048                  0x080eb6c4   Data          16  commontables.o(.constdata)
    arm_cfft_sR_q15_len4096                  0x080eb6d4   Data          16  commontables.o(.constdata)
    arm_rfft_fast_sR_f64_len32               0x080eb6e4   Data          24  commontables.o(.constdata)
    arm_rfft_fast_sR_f64_len64               0x080eb6fc   Data          24  commontables.o(.constdata)
    arm_rfft_fast_sR_f64_len128              0x080eb714   Data          24  commontables.o(.constdata)
    arm_rfft_fast_sR_f64_len256              0x080eb72c   Data          24  commontables.o(.constdata)
    arm_rfft_fast_sR_f64_len512              0x080eb744   Data          24  commontables.o(.constdata)
    arm_rfft_fast_sR_f64_len1024             0x080eb75c   Data          24  commontables.o(.constdata)
    arm_rfft_fast_sR_f64_len2048             0x080eb774   Data          24  commontables.o(.constdata)
    arm_rfft_fast_sR_f64_len4096             0x080eb78c   Data          24  commontables.o(.constdata)
    arm_rfft_fast_sR_f32_len32               0x080eb7a4   Data          24  commontables.o(.constdata)
    arm_rfft_fast_sR_f32_len64               0x080eb7bc   Data          24  commontables.o(.constdata)
    arm_rfft_fast_sR_f32_len128              0x080eb7d4   Data          24  commontables.o(.constdata)
    arm_rfft_fast_sR_f32_len256              0x080eb7ec   Data          24  commontables.o(.constdata)
    arm_rfft_fast_sR_f32_len512              0x080eb804   Data          24  commontables.o(.constdata)
    arm_rfft_fast_sR_f32_len1024             0x080eb81c   Data          24  commontables.o(.constdata)
    arm_rfft_fast_sR_f32_len2048             0x080eb834   Data          24  commontables.o(.constdata)
    arm_rfft_fast_sR_f32_len4096             0x080eb84c   Data          24  commontables.o(.constdata)
    arm_rfft_sR_q31_len32                    0x080eb864   Data          24  commontables.o(.constdata)
    arm_rfft_sR_q31_len64                    0x080eb87c   Data          24  commontables.o(.constdata)
    arm_rfft_sR_q31_len128                   0x080eb894   Data          24  commontables.o(.constdata)
    arm_rfft_sR_q31_len256                   0x080eb8ac   Data          24  commontables.o(.constdata)
    arm_rfft_sR_q31_len512                   0x080eb8c4   Data          24  commontables.o(.constdata)
    arm_rfft_sR_q31_len1024                  0x080eb8dc   Data          24  commontables.o(.constdata)
    arm_rfft_sR_q31_len2048                  0x080eb8f4   Data          24  commontables.o(.constdata)
    arm_rfft_sR_q31_len4096                  0x080eb90c   Data          24  commontables.o(.constdata)
    arm_rfft_sR_q31_len8192                  0x080eb924   Data          24  commontables.o(.constdata)
    arm_rfft_sR_q15_len32                    0x080eb93c   Data          24  commontables.o(.constdata)
    arm_rfft_sR_q15_len64                    0x080eb954   Data          24  commontables.o(.constdata)
    arm_rfft_sR_q15_len128                   0x080eb96c   Data          24  commontables.o(.constdata)
    arm_rfft_sR_q15_len256                   0x080eb984   Data          24  commontables.o(.constdata)
    arm_rfft_sR_q15_len512                   0x080eb99c   Data          24  commontables.o(.constdata)
    arm_rfft_sR_q15_len1024                  0x080eb9b4   Data          24  commontables.o(.constdata)
    arm_rfft_sR_q15_len2048                  0x080eb9cc   Data          24  commontables.o(.constdata)
    arm_rfft_sR_q15_len4096                  0x080eb9e4   Data          24  commontables.o(.constdata)
    arm_rfft_sR_q15_len8192                  0x080eb9fc   Data          24  commontables.o(.constdata)
    Region$$Table$$Base                      0x080eba14   Number         0  anon$$obj.o(Region$$Table)
    Region$$Table$$Limit                     0x080eba34   Number         0  anon$$obj.o(Region$$Table)
    FS_Desc                                  0x24000000   Data          32  usbd_desc.o(.data)
    USBD_FS_DeviceDesc                       0x24000020   Data          18  usbd_desc.o(.data)
    USBD_FS_BOSDesc                          0x24000034   Data          12  usbd_desc.o(.data)
    USBD_LangIDDesc                          0x24000040   Data           4  usbd_desc.o(.data)
    USBD_StringSerial                        0x24000044   Data          26  usbd_desc.o(.data)
    USBD_Interface_fops_FS                   0x24000060   Data          20  usbd_cdc_if.o(.data)
    uwTick                                   0x24000074   Data           4  stm32h7xx_hal.o(.data)
    uwTickPrio                               0x24000078   Data           4  stm32h7xx_hal.o(.data)
    uwTickFreq                               0x2400007c   Data           1  stm32h7xx_hal.o(.data)
    SystemCoreClock                          0x24000080   Data           4  system_stm32h7xx.o(.data)
    SystemD2Clock                            0x24000084   Data           4  system_stm32h7xx.o(.data)
    USBD_CDC                                 0x24000098   Data          56  usbd_cdc.o(.data)
    hi2c1                                    0x24000118   Data          84  i2c.o(.bss)
    hi2c2                                    0x2400016c   Data          84  i2c.o(.bss)
    hi2s1                                    0x240001c0   Data          84  i2s.o(.bss)
    hi2s2                                    0x24000214   Data          84  i2s.o(.bss)
    hdma_spi1_rx                             0x24000268   Data         120  i2s.o(.bss)
    hdma_spi1_tx                             0x240002e0   Data         120  i2s.o(.bss)
    hqspi                                    0x24000358   Data          76  quadspi.o(.bss)
    huart1                                   0x240003a4   Data         148  usart.o(.bss)
    hUsbDeviceFS                             0x24000438   Data         732  usb_device.o(.bss)
    USBD_StrDesc                             0x24000714   Data         512  usbd_desc.o(.bss)
    UserRxBufferFS                           0x24000914   Data        2048  usbd_cdc_if.o(.bss)
    UserTxBufferFS                           0x24001114   Data        2048  usbd_cdc_if.o(.bss)
    hpcd_USB_OTG_FS                          0x24001914   Data        1252  usbd_conf.o(.bss)
    __libspace_start                         0x24002018   Data          96  libspace.o(.bss)
    __temporary_stack_top$libspace           0x24002078   Data           0  libspace.o(.bss)



==============================================================================

Memory Map of the image

  Image Entry point : 0x08000299

  Load Region LR_IROM1 (Base: 0x08000000, Size: 0x000ebb4c, Max: 0x00200000, ABSOLUTE)

    Execution Region ER_IROM1 (Exec base: 0x08000000, Load base: 0x08000000, Size: 0x000eba34, Max: 0x00200000, ABSOLUTE)

    Exec Addr    Load Addr    Size         Type   Attr      Idx    E Section Name        Object

    0x08000000   0x08000000   0x00000298   Data   RO            3    RESET               startup_stm32h743xx.o
    0x08000298   0x08000298   0x00000008   Code   RO        12250  * !!!main             c_w.l(__main.o)
    0x080002a0   0x080002a0   0x00000034   Code   RO        12629    !!!scatter          c_w.l(__scatter.o)
    0x080002d4   0x080002d4   0x0000001a   Code   RO        12631    !!handler_copy      c_w.l(__scatter_copy.o)
    0x080002ee   0x080002ee   0x00000002   PAD
    0x080002f0   0x080002f0   0x0000001c   Code   RO        12633    !!handler_zi        c_w.l(__scatter_zi.o)
    0x0800030c   0x0800030c   0x00000002   Code   RO        12500    .ARM.Collect$$libinit$$00000000  c_w.l(libinit.o)
    0x0800030e   0x0800030e   0x00000004   Code   RO        12509    .ARM.Collect$$libinit$$00000001  c_w.l(libinit2.o)
    0x08000312   0x08000312   0x00000000   Code   RO        12512    .ARM.Collect$$libinit$$00000004  c_w.l(libinit2.o)
    0x08000312   0x08000312   0x00000000   Code   RO        12515    .ARM.Collect$$libinit$$0000000A  c_w.l(libinit2.o)
    0x08000312   0x08000312   0x00000000   Code   RO        12517    .ARM.Collect$$libinit$$0000000C  c_w.l(libinit2.o)
    0x08000312   0x08000312   0x00000000   Code   RO        12519    .ARM.Collect$$libinit$$0000000E  c_w.l(libinit2.o)
    0x08000312   0x08000312   0x00000000   Code   RO        12522    .ARM.Collect$$libinit$$00000011  c_w.l(libinit2.o)
    0x08000312   0x08000312   0x00000000   Code   RO        12524    .ARM.Collect$$libinit$$00000013  c_w.l(libinit2.o)
    0x08000312   0x08000312   0x00000000   Code   RO        12526    .ARM.Collect$$libinit$$00000015  c_w.l(libinit2.o)
    0x08000312   0x08000312   0x00000000   Code   RO        12528    .ARM.Collect$$libinit$$00000017  c_w.l(libinit2.o)
    0x08000312   0x08000312   0x00000000   Code   RO        12530    .ARM.Collect$$libinit$$00000019  c_w.l(libinit2.o)
    0x08000312   0x08000312   0x00000000   Code   RO        12532    .ARM.Collect$$libinit$$0000001B  c_w.l(libinit2.o)
    0x08000312   0x08000312   0x00000000   Code   RO        12534    .ARM.Collect$$libinit$$0000001D  c_w.l(libinit2.o)
    0x08000312   0x08000312   0x00000000   Code   RO        12536    .ARM.Collect$$libinit$$0000001F  c_w.l(libinit2.o)
    0x08000312   0x08000312   0x00000000   Code   RO        12538    .ARM.Collect$$libinit$$00000021  c_w.l(libinit2.o)
    0x08000312   0x08000312   0x00000000   Code   RO        12540    .ARM.Collect$$libinit$$00000023  c_w.l(libinit2.o)
    0x08000312   0x08000312   0x00000000   Code   RO        12542    .ARM.Collect$$libinit$$00000025  c_w.l(libinit2.o)
    0x08000312   0x08000312   0x00000000   Code   RO        12546    .ARM.Collect$$libinit$$0000002C  c_w.l(libinit2.o)
    0x08000312   0x08000312   0x00000000   Code   RO        12548    .ARM.Collect$$libinit$$0000002E  c_w.l(libinit2.o)
    0x08000312   0x08000312   0x00000000   Code   RO        12550    .ARM.Collect$$libinit$$00000030  c_w.l(libinit2.o)
    0x08000312   0x08000312   0x00000000   Code   RO        12552    .ARM.Collect$$libinit$$00000032  c_w.l(libinit2.o)
    0x08000312   0x08000312   0x00000002   Code   RO        12553    .ARM.Collect$$libinit$$00000033  c_w.l(libinit2.o)
    0x08000314   0x08000314   0x00000002   Code   RO        12584    .ARM.Collect$$libshutdown$$00000000  c_w.l(libshutdown.o)
    0x08000316   0x08000316   0x00000000   Code   RO        12610    .ARM.Collect$$libshutdown$$00000002  c_w.l(libshutdown2.o)
    0x08000316   0x08000316   0x00000000   Code   RO        12612    .ARM.Collect$$libshutdown$$00000004  c_w.l(libshutdown2.o)
    0x08000316   0x08000316   0x00000000   Code   RO        12614    .ARM.Collect$$libshutdown$$00000006  c_w.l(libshutdown2.o)
    0x08000316   0x08000316   0x00000000   Code   RO        12617    .ARM.Collect$$libshutdown$$00000009  c_w.l(libshutdown2.o)
    0x08000316   0x08000316   0x00000000   Code   RO        12620    .ARM.Collect$$libshutdown$$0000000C  c_w.l(libshutdown2.o)
    0x08000316   0x08000316   0x00000000   Code   RO        12622    .ARM.Collect$$libshutdown$$0000000E  c_w.l(libshutdown2.o)
    0x08000316   0x08000316   0x00000000   Code   RO        12625    .ARM.Collect$$libshutdown$$00000011  c_w.l(libshutdown2.o)
    0x08000316   0x08000316   0x00000002   Code   RO        12626    .ARM.Collect$$libshutdown$$00000012  c_w.l(libshutdown2.o)
    0x08000318   0x08000318   0x00000000   Code   RO        12390    .ARM.Collect$$rtentry$$00000000  c_w.l(__rtentry.o)
    0x08000318   0x08000318   0x00000000   Code   RO        12457    .ARM.Collect$$rtentry$$00000002  c_w.l(__rtentry2.o)
    0x08000318   0x08000318   0x00000006   Code   RO        12469    .ARM.Collect$$rtentry$$00000004  c_w.l(__rtentry4.o)
    0x0800031e   0x0800031e   0x00000000   Code   RO        12459    .ARM.Collect$$rtentry$$00000009  c_w.l(__rtentry2.o)
    0x0800031e   0x0800031e   0x00000004   Code   RO        12460    .ARM.Collect$$rtentry$$0000000A  c_w.l(__rtentry2.o)
    0x08000322   0x08000322   0x00000000   Code   RO        12462    .ARM.Collect$$rtentry$$0000000C  c_w.l(__rtentry2.o)
    0x08000322   0x08000322   0x00000008   Code   RO        12463    .ARM.Collect$$rtentry$$0000000D  c_w.l(__rtentry2.o)
    0x0800032a   0x0800032a   0x00000002   Code   RO        12501    .ARM.Collect$$rtexit$$00000000  c_w.l(rtexit.o)
    0x0800032c   0x0800032c   0x00000000   Code   RO        12557    .ARM.Collect$$rtexit$$00000002  c_w.l(rtexit2.o)
    0x0800032c   0x0800032c   0x00000004   Code   RO        12558    .ARM.Collect$$rtexit$$00000003  c_w.l(rtexit2.o)
    0x08000330   0x08000330   0x00000006   Code   RO        12559    .ARM.Collect$$rtexit$$00000004  c_w.l(rtexit2.o)
    0x08000336   0x08000336   0x00000002   PAD
    0x08000338   0x08000338   0x00000040   Code   RO            4    .text               startup_stm32h743xx.o
    0x08000378   0x08000378   0x000000ee   Code   RO        12234    .text               c_w.l(lludivv7m.o)
    0x08000466   0x08000466   0x0000004e   Code   RO        12246    .text               c_w.l(rt_memclr_w.o)
    0x080004b4   0x080004b4   0x00000006   Code   RO        12248    .text               c_w.l(heapauxi.o)
    0x080004ba   0x080004ba   0x00000002   PAD
    0x080004bc   0x080004bc   0x00000008   Code   RO        12484    .text               c_w.l(libspace.o)
    0x080004c4   0x080004c4   0x0000004a   Code   RO        12487    .text               c_w.l(sys_stackheap_outer.o)
    0x0800050e   0x0800050e   0x00000012   Code   RO        12489    .text               c_w.l(exit.o)
    0x08000520   0x08000520   0x0000000c   Code   RO        12554    .text               c_w.l(sys_exit.o)
    0x0800052c   0x0800052c   0x00000002   Code   RO        12573    .text               c_w.l(use_no_semi.o)
    0x0800052e   0x0800052e   0x00000000   Code   RO        12575    .text               c_w.l(indicate_semi.o)
    0x0800052e   0x0800052e   0x00000004   Code   RO          540    i.BusFault_Handler  stm32h7xx_it.o
    0x08000532   0x08000532   0x00000044   Code   RO          806    i.CDC_Control_FS    usbd_cdc_if.o
    0x08000576   0x08000576   0x00000004   Code   RO          807    i.CDC_DeInit_FS     usbd_cdc_if.o
    0x0800057a   0x0800057a   0x00000002   PAD
    0x0800057c   0x0800057c   0x00000024   Code   RO          808    i.CDC_Init_FS       usbd_cdc_if.o
    0x080005a0   0x080005a0   0x0000001c   Code   RO          809    i.CDC_Receive_FS    usbd_cdc_if.o
    0x080005bc   0x080005bc   0x0000000c   Code   RO          810    i.CDC_TransmitCplt_FS  usbd_cdc_if.o
    0x080005c8   0x080005c8   0x00000010   Code   RO          541    i.DMA1_Stream0_IRQHandler  stm32h7xx_it.o
    0x080005d8   0x080005d8   0x00000010   Code   RO          542    i.DMA1_Stream1_IRQHandler  stm32h7xx_it.o
    0x080005e8   0x080005e8   0x000000ec   Code   RO         2410    i.DMA_CalcBaseAndBitshift  stm32h7xx_hal_dma.o
    0x080006d4   0x080006d4   0x000000c4   Code   RO         2411    i.DMA_CalcDMAMUXChannelBaseAndMask  stm32h7xx_hal_dma.o
    0x08000798   0x08000798   0x00000098   Code   RO         2412    i.DMA_CalcDMAMUXRequestGenBaseAndMask  stm32h7xx_hal_dma.o
    0x08000830   0x08000830   0x000000ae   Code   RO         2413    i.DMA_CheckFifoParam  stm32h7xx_hal_dma.o
    0x080008de   0x080008de   0x00000002   Code   RO          543    i.DebugMon_Handler  stm32h7xx_it.o
    0x080008e0   0x080008e0   0x00000006   Code   RO           13    i.Error_Handler     main.o
    0x080008e6   0x080008e6   0x00000002   PAD
    0x080008e8   0x080008e8   0x00000034   Code   RO          716    i.Get_SerialNum     usbd_desc.o
    0x0800091c   0x0800091c   0x000004dc   Code   RO         2415    i.HAL_DMA_Abort     stm32h7xx_hal_dma.o
    0x08000df8   0x08000df8   0x00000398   Code   RO         2416    i.HAL_DMA_Abort_IT  stm32h7xx_hal_dma.o
    0x08001190   0x08001190   0x00000af8   Code   RO         2420    i.HAL_DMA_IRQHandler  stm32h7xx_hal_dma.o
    0x08001c88   0x08001c88   0x00000520   Code   RO         2421    i.HAL_DMA_Init      stm32h7xx_hal_dma.o
    0x080021a8   0x080021a8   0x00000028   Code   RO         3282    i.HAL_Delay         stm32h7xx_hal.o
    0x080021d0   0x080021d0   0x000001fc   Code   RO         2263    i.HAL_GPIO_Init     stm32h7xx_hal_gpio.o
    0x080023cc   0x080023cc   0x0000000c   Code   RO         2267    i.HAL_GPIO_WritePin  stm32h7xx_hal_gpio.o
    0x080023d8   0x080023d8   0x0000000c   Code   RO         3293    i.HAL_GetREVID      stm32h7xx_hal.o
    0x080023e4   0x080023e4   0x0000000c   Code   RO         3294    i.HAL_GetTick       stm32h7xx_hal.o
    0x080023f0   0x080023f0   0x0000006a   Code   RO         4059    i.HAL_I2CEx_ConfigAnalogFilter  stm32h7xx_hal_i2c_ex.o
    0x0800245a   0x0800245a   0x00000068   Code   RO         4060    i.HAL_I2CEx_ConfigDigitalFilter  stm32h7xx_hal_i2c_ex.o
    0x080024c2   0x080024c2   0x00000002   PAD
    0x080024c4   0x080024c4   0x000000d8   Code   RO         3598    i.HAL_I2C_Init      stm32h7xx_hal_i2c.o
    0x0800259c   0x0800259c   0x0000011c   Code   RO          343    i.HAL_I2C_MspInit   i2c.o
    0x080026b8   0x080026b8   0x00000198   Code   RO         4198    i.HAL_I2S_Init      stm32h7xx_hal_i2s.o
    0x08002850   0x08002850   0x000001ec   Code   RO          391    i.HAL_I2S_MspInit   i2s.o
    0x08002a3c   0x08002a3c   0x00000018   Code   RO         3300    i.HAL_IncTick       stm32h7xx_hal.o
    0x08002a54   0x08002a54   0x00000060   Code   RO         3301    i.HAL_Init          stm32h7xx_hal.o
    0x08002ab4   0x08002ab4   0x00000058   Code   RO         3302    i.HAL_InitTick      stm32h7xx_hal.o
    0x08002b0c   0x08002b0c   0x0000005c   Code   RO         3118    i.HAL_MPU_ConfigRegion  stm32h7xx_hal_cortex.o
    0x08002b68   0x08002b68   0x0000002c   Code   RO         3119    i.HAL_MPU_Disable   stm32h7xx_hal_cortex.o
    0x08002b94   0x08002b94   0x00000040   Code   RO         3121    i.HAL_MPU_Enable    stm32h7xx_hal_cortex.o
    0x08002bd4   0x08002bd4   0x00000024   Code   RO          640    i.HAL_MspInit       stm32h7xx_hal_msp.o
    0x08002bf8   0x08002bf8   0x00000028   Code   RO         3125    i.HAL_NVIC_EnableIRQ  stm32h7xx_hal_cortex.o
    0x08002c20   0x08002c20   0x0000007a   Code   RO         3131    i.HAL_NVIC_SetPriority  stm32h7xx_hal_cortex.o
    0x08002c9a   0x08002c9a   0x00000002   PAD
    0x08002c9c   0x08002c9c   0x00000028   Code   RO         3132    i.HAL_NVIC_SetPriorityGrouping  stm32h7xx_hal_cortex.o
    0x08002cc4   0x08002cc4   0x00000028   Code   RO         1316    i.HAL_PCDEx_ActivateLPM  stm32h7xx_hal_pcd_ex.o
    0x08002cec   0x08002cec   0x00000002   Code   RO         1321    i.HAL_PCDEx_LPM_Callback  stm32h7xx_hal_pcd_ex.o
    0x08002cee   0x08002cee   0x0000000a   Code   RO         1322    i.HAL_PCDEx_SetRxFiFo  stm32h7xx_hal_pcd_ex.o
    0x08002cf8   0x08002cf8   0x0000004e   Code   RO         1323    i.HAL_PCDEx_SetTxFiFo  stm32h7xx_hal_pcd_ex.o
    0x08002d46   0x08002d46   0x0000000e   Code   RO          867    i.HAL_PCD_ConnectCallback  usbd_conf.o
    0x08002d54   0x08002d54   0x00000020   Code   RO          868    i.HAL_PCD_DataInStageCallback  usbd_conf.o
    0x08002d74   0x08002d74   0x00000020   Code   RO          869    i.HAL_PCD_DataOutStageCallback  usbd_conf.o
    0x08002d94   0x08002d94   0x0000000e   Code   RO          870    i.HAL_PCD_DisconnectCallback  usbd_conf.o
    0x08002da2   0x08002da2   0x00000042   Code   RO         1087    i.HAL_PCD_EP_Abort  stm32h7xx_hal_pcd.o
    0x08002de4   0x08002de4   0x0000006a   Code   RO         1088    i.HAL_PCD_EP_Close  stm32h7xx_hal_pcd.o
    0x08002e4e   0x08002e4e   0x0000007c   Code   RO         1089    i.HAL_PCD_EP_ClrStall  stm32h7xx_hal_pcd.o
    0x08002eca   0x08002eca   0x00000016   Code   RO         1091    i.HAL_PCD_EP_GetRxCount  stm32h7xx_hal_pcd.o
    0x08002ee0   0x08002ee0   0x0000008c   Code   RO         1092    i.HAL_PCD_EP_Open   stm32h7xx_hal_pcd.o
    0x08002f6c   0x08002f6c   0x00000046   Code   RO         1093    i.HAL_PCD_EP_Receive  stm32h7xx_hal_pcd.o
    0x08002fb2   0x08002fb2   0x0000008a   Code   RO         1094    i.HAL_PCD_EP_SetStall  stm32h7xx_hal_pcd.o
    0x0800303c   0x0800303c   0x00000048   Code   RO         1095    i.HAL_PCD_EP_Transmit  stm32h7xx_hal_pcd.o
    0x08003084   0x08003084   0x0000070e   Code   RO         1097    i.HAL_PCD_IRQHandler  stm32h7xx_hal_pcd.o
    0x08003792   0x08003792   0x00000012   Code   RO          871    i.HAL_PCD_ISOINIncompleteCallback  usbd_conf.o
    0x080037a4   0x080037a4   0x00000012   Code   RO          872    i.HAL_PCD_ISOOUTIncompleteCallback  usbd_conf.o
    0x080037b6   0x080037b6   0x0000015e   Code   RO         1100    i.HAL_PCD_Init      stm32h7xx_hal_pcd.o
    0x08003914   0x08003914   0x000000b8   Code   RO          874    i.HAL_PCD_MspInit   usbd_conf.o
    0x080039cc   0x080039cc   0x00000030   Code   RO          875    i.HAL_PCD_ResetCallback  usbd_conf.o
    0x080039fc   0x080039fc   0x0000000e   Code   RO          876    i.HAL_PCD_ResumeCallback  usbd_conf.o
    0x08003a0a   0x08003a0a   0x0000000e   Code   RO          877    i.HAL_PCD_SOFCallback  usbd_conf.o
    0x08003a18   0x08003a18   0x00000034   Code   RO         1106    i.HAL_PCD_SetAddress  stm32h7xx_hal_pcd.o
    0x08003a4c   0x08003a4c   0x00000012   Code   RO          878    i.HAL_PCD_SetupStageCallback  usbd_conf.o
    0x08003a5e   0x08003a5e   0x0000004c   Code   RO         1109    i.HAL_PCD_Start     stm32h7xx_hal_pcd.o
    0x08003aaa   0x08003aaa   0x00000002   PAD
    0x08003aac   0x08003aac   0x00000034   Code   RO          879    i.HAL_PCD_SuspendCallback  usbd_conf.o
    0x08003ae0   0x08003ae0   0x00000060   Code   RO         2864    i.HAL_PWREx_ConfigSupply  stm32h7xx_hal_pwr_ex.o
    0x08003b40   0x08003b40   0x00000014   Code   RO         2881    i.HAL_PWREx_EnableUSBVoltageDetector  stm32h7xx_hal_pwr_ex.o
    0x08003b54   0x08003b54   0x000000b0   Code   RO         4439    i.HAL_QSPI_Init     stm32h7xx_hal_qspi.o
    0x08003c04   0x08003c04   0x00000130   Code   RO          457    i.HAL_QSPI_MspInit  quadspi.o
    0x08003d34   0x08003d34   0x00000004   Code   RO         4449    i.HAL_QSPI_SetTimeout  stm32h7xx_hal_qspi.o
    0x08003d38   0x08003d38   0x00000024   Code   RO         1814    i.HAL_RCCEx_GetD3PCLK1Freq  stm32h7xx_hal_rcc_ex.o
    0x08003d5c   0x08003d5c   0x00000230   Code   RO         1815    i.HAL_RCCEx_GetPLL1ClockFreq  stm32h7xx_hal_rcc_ex.o
    0x08003f8c   0x08003f8c   0x00000230   Code   RO         1816    i.HAL_RCCEx_GetPLL2ClockFreq  stm32h7xx_hal_rcc_ex.o
    0x080041bc   0x080041bc   0x00000230   Code   RO         1817    i.HAL_RCCEx_GetPLL3ClockFreq  stm32h7xx_hal_rcc_ex.o
    0x080043ec   0x080043ec   0x000008b0   Code   RO         1819    i.HAL_RCCEx_GetPeriphCLKFreq  stm32h7xx_hal_rcc_ex.o
    0x08004c9c   0x08004c9c   0x00000d68   Code   RO         1823    i.HAL_RCCEx_PeriphCLKConfig  stm32h7xx_hal_rcc_ex.o
    0x08005a04   0x08005a04   0x00000320   Code   RO         1699    i.HAL_RCC_ClockConfig  stm32h7xx_hal_rcc.o
    0x08005d24   0x08005d24   0x0000004c   Code   RO         1704    i.HAL_RCC_GetHCLKFreq  stm32h7xx_hal_rcc.o
    0x08005d70   0x08005d70   0x00000024   Code   RO         1706    i.HAL_RCC_GetPCLK1Freq  stm32h7xx_hal_rcc.o
    0x08005d94   0x08005d94   0x00000024   Code   RO         1707    i.HAL_RCC_GetPCLK2Freq  stm32h7xx_hal_rcc.o
    0x08005db8   0x08005db8   0x0000022c   Code   RO         1708    i.HAL_RCC_GetSysClockFreq  stm32h7xx_hal_rcc.o
    0x08005fe4   0x08005fe4   0x00000858   Code   RO         1711    i.HAL_RCC_OscConfig  stm32h7xx_hal_rcc.o
    0x0800683c   0x0800683c   0x00000034   Code   RO         3136    i.HAL_SYSTICK_Config  stm32h7xx_hal_cortex.o
    0x08006870   0x08006870   0x0000004e   Code   RO         5125    i.HAL_UARTEx_DisableFifoMode  stm32h7xx_hal_uart_ex.o
    0x080068be   0x080068be   0x00000002   Code   RO         4709    i.HAL_UARTEx_RxEventCallback  stm32h7xx_hal_uart.o
    0x080068c0   0x080068c0   0x00000002   Code   RO         5133    i.HAL_UARTEx_RxFifoFullCallback  stm32h7xx_hal_uart_ex.o
    0x080068c2   0x080068c2   0x0000005e   Code   RO         5134    i.HAL_UARTEx_SetRxFifoThreshold  stm32h7xx_hal_uart_ex.o
    0x08006920   0x08006920   0x0000005e   Code   RO         5135    i.HAL_UARTEx_SetTxFifoThreshold  stm32h7xx_hal_uart_ex.o
    0x0800697e   0x0800697e   0x00000002   Code   RO         5137    i.HAL_UARTEx_TxFifoEmptyCallback  stm32h7xx_hal_uart_ex.o
    0x08006980   0x08006980   0x00000002   Code   RO         5138    i.HAL_UARTEx_WakeupCallback  stm32h7xx_hal_uart_ex.o
    0x08006982   0x08006982   0x00000002   Code   RO         4725    i.HAL_UART_ErrorCallback  stm32h7xx_hal_uart.o
    0x08006984   0x08006984   0x00000494   Code   RO         4728    i.HAL_UART_IRQHandler  stm32h7xx_hal_uart.o
    0x08006e18   0x08006e18   0x00000078   Code   RO         4729    i.HAL_UART_Init     stm32h7xx_hal_uart.o
    0x08006e90   0x08006e90   0x000000b0   Code   RO          499    i.HAL_UART_MspInit  usart.o
    0x08006f40   0x08006f40   0x00000002   Code   RO         4741    i.HAL_UART_TxCpltCallback  stm32h7xx_hal_uart.o
    0x08006f42   0x08006f42   0x00000004   Code   RO          544    i.HardFault_Handler  stm32h7xx_it.o
    0x08006f46   0x08006f46   0x0000003e   Code   RO          717    i.IntToUnicode      usbd_desc.o
    0x08006f84   0x08006f84   0x00000056   Code   RO           14    i.MPU_Config        main.o
    0x08006fda   0x08006fda   0x00000002   PAD
    0x08006fdc   0x08006fdc   0x00000044   Code   RO          318    i.MX_DMA_Init       dma.o
    0x08007020   0x08007020   0x0000010c   Code   RO          294    i.MX_GPIO_Init      gpio.o
    0x0800712c   0x0800712c   0x00000058   Code   RO          344    i.MX_I2C1_Init      i2c.o
    0x08007184   0x08007184   0x00000058   Code   RO          345    i.MX_I2C2_Init      i2c.o
    0x080071dc   0x080071dc   0x0000003c   Code   RO          392    i.MX_I2S1_Init      i2s.o
    0x08007218   0x08007218   0x0000003c   Code   RO          393    i.MX_I2S2_Init      i2s.o
    0x08007254   0x08007254   0x00000038   Code   RO          458    i.MX_QUADSPI_Init   quadspi.o
    0x0800728c   0x0800728c   0x0000006c   Code   RO          500    i.MX_USART1_UART_Init  usart.o
    0x080072f8   0x080072f8   0x00000050   Code   RO          664    i.MX_USB_DEVICE_Init  usb_device.o
    0x08007348   0x08007348   0x00000004   Code   RO          545    i.MemManage_Handler  stm32h7xx_it.o
    0x0800734c   0x0800734c   0x00000004   Code   RO          546    i.NMI_Handler       stm32h7xx_it.o
    0x08007350   0x08007350   0x00000010   Code   RO          547    i.OTG_FS_IRQHandler  stm32h7xx_it.o
    0x08007360   0x08007360   0x00000064   Code   RO         1112    i.PCD_EP_OutSetupPacket_int  stm32h7xx_hal_pcd.o
    0x080073c4   0x080073c4   0x00000144   Code   RO         1113    i.PCD_EP_OutXfrComplete_int  stm32h7xx_hal_pcd.o
    0x08007508   0x08007508   0x000000b6   Code   RO         1114    i.PCD_WriteEmptyTxFifo  stm32h7xx_hal_pcd.o
    0x080075be   0x080075be   0x00000002   Code   RO          548    i.PendSV_Handler    stm32h7xx_it.o
    0x080075c0   0x080075c0   0x0000004c   Code   RO         4461    i.QSPI_WaitFlagStateUntilTimeout  stm32h7xx_hal_qspi.o
    0x0800760c   0x0800760c   0x00000164   Code   RO         1826    i.RCCEx_PLL2_Config  stm32h7xx_hal_rcc_ex.o
    0x08007770   0x08007770   0x00000164   Code   RO         1827    i.RCCEx_PLL3_Config  stm32h7xx_hal_rcc_ex.o
    0x080078d4   0x080078d4   0x00000002   Code   RO          549    i.SVC_Handler       stm32h7xx_it.o
    0x080078d6   0x080078d6   0x00000012   Code   RO         5451    i.SWAPBYTE          usbd_ctlreq.o
    0x080078e8   0x080078e8   0x00000008   Code   RO          550    i.SysTick_Handler   stm32h7xx_it.o
    0x080078f0   0x080078f0   0x00000138   Code   RO           15    i.SystemClock_Config  main.o
    0x08007a28   0x08007a28   0x000000fc   Code   RO         5249    i.SystemInit        system_stm32h7xx.o
    0x08007b24   0x08007b24   0x00000058   Code   RO         5139    i.UARTEx_SetNbDataToProcess  stm32h7xx_hal_uart_ex.o
    0x08007b7c   0x08007b7c   0x000000f8   Code   RO         4743    i.UART_AdvFeatureConfig  stm32h7xx_hal_uart.o
    0x08007c74   0x08007c74   0x000000ea   Code   RO         4744    i.UART_CheckIdleState  stm32h7xx_hal_uart.o
    0x08007d5e   0x08007d5e   0x00000018   Code   RO         4745    i.UART_DMAAbortOnError  stm32h7xx_hal_uart.o
    0x08007d76   0x08007d76   0x00000002   PAD
    0x08007d78   0x08007d78   0x0000006c   Code   RO         4755    i.UART_EndRxTransfer  stm32h7xx_hal_uart.o
    0x08007de4   0x08007de4   0x00000030   Code   RO         4756    i.UART_EndTransmit_IT  stm32h7xx_hal_uart.o
    0x08007e14   0x08007e14   0x0000058c   Code   RO         4762    i.UART_SetConfig    stm32h7xx_hal_uart.o
    0x080083a0   0x080083a0   0x000000ac   Code   RO         4769    i.UART_WaitOnFlagUntilTimeout  stm32h7xx_hal_uart.o
    0x0800844c   0x0800844c   0x00000010   Code   RO          551    i.USART1_IRQHandler  stm32h7xx_it.o
    0x0800845c   0x0800845c   0x000000c4   Code   RO         5622    i.USBD_CDC_DataIn   usbd_cdc.o
    0x08008520   0x08008520   0x00000048   Code   RO         5623    i.USBD_CDC_DataOut  usbd_cdc.o
    0x08008568   0x08008568   0x000000d4   Code   RO         5624    i.USBD_CDC_DeInit   usbd_cdc.o
    0x0800863c   0x0800863c   0x00000050   Code   RO         5625    i.USBD_CDC_EP0_RxReady  usbd_cdc.o
    0x0800868c   0x0800868c   0x00000010   Code   RO         5626    i.USBD_CDC_GetDeviceQualifierDescriptor  usbd_cdc.o
    0x0800869c   0x0800869c   0x00000044   Code   RO         5627    i.USBD_CDC_GetFSCfgDesc  usbd_cdc.o
    0x080086e0   0x080086e0   0x00000048   Code   RO         5628    i.USBD_CDC_GetHSCfgDesc  usbd_cdc.o
    0x08008728   0x08008728   0x00000044   Code   RO         5629    i.USBD_CDC_GetOtherSpeedCfgDesc  usbd_cdc.o
    0x0800876c   0x0800876c   0x000001a0   Code   RO         5630    i.USBD_CDC_Init     usbd_cdc.o
    0x0800890c   0x0800890c   0x00000050   Code   RO         5631    i.USBD_CDC_ReceivePacket  usbd_cdc.o
    0x0800895c   0x0800895c   0x00000018   Code   RO         5632    i.USBD_CDC_RegisterInterface  usbd_cdc.o
    0x08008974   0x08008974   0x0000001e   Code   RO         5633    i.USBD_CDC_SetRxBuffer  usbd_cdc.o
    0x08008992   0x08008992   0x00000024   Code   RO         5634    i.USBD_CDC_SetTxBuffer  usbd_cdc.o
    0x080089b6   0x080089b6   0x00000140   Code   RO         5635    i.USBD_CDC_Setup    usbd_cdc.o
    0x08008af6   0x08008af6   0x0000001c   Code   RO         5285    i.USBD_ClrClassConfig  usbd_core.o
    0x08008b12   0x08008b12   0x0000003e   Code   RO         5452    i.USBD_ClrFeature   usbd_ctlreq.o
    0x08008b50   0x08008b50   0x00000006   Code   RO         5286    i.USBD_CoreFindEP   usbd_core.o
    0x08008b56   0x08008b56   0x00000006   Code   RO         5287    i.USBD_CoreFindIF   usbd_core.o
    0x08008b5c   0x08008b5c   0x00000018   Code   RO         5558    i.USBD_CtlContinueRx  usbd_ioreq.o
    0x08008b74   0x08008b74   0x00000018   Code   RO         5559    i.USBD_CtlContinueSendData  usbd_ioreq.o
    0x08008b8c   0x08008b8c   0x00000018   Code   RO         5453    i.USBD_CtlError     usbd_ctlreq.o
    0x08008ba4   0x08008ba4   0x00000028   Code   RO         5560    i.USBD_CtlPrepareRx  usbd_ioreq.o
    0x08008bcc   0x08008bcc   0x0000001a   Code   RO         5561    i.USBD_CtlReceiveStatus  usbd_ioreq.o
    0x08008be6   0x08008be6   0x00000022   Code   RO         5562    i.USBD_CtlSendData  usbd_ioreq.o
    0x08008c08   0x08008c08   0x0000001a   Code   RO         5563    i.USBD_CtlSendStatus  usbd_ioreq.o
    0x08008c22   0x08008c22   0x00000002   PAD
    0x08008c24   0x08008c24   0x00000034   Code   RO          718    i.USBD_FS_ConfigStrDescriptor  usbd_desc.o
    0x08008c58   0x08008c58   0x00000010   Code   RO          719    i.USBD_FS_DeviceDescriptor  usbd_desc.o
    0x08008c68   0x08008c68   0x00000038   Code   RO          720    i.USBD_FS_InterfaceStrDescriptor  usbd_desc.o
    0x08008ca0   0x08008ca0   0x00000010   Code   RO          721    i.USBD_FS_LangIDStrDescriptor  usbd_desc.o
    0x08008cb0   0x08008cb0   0x00000020   Code   RO          722    i.USBD_FS_ManufacturerStrDescriptor  usbd_desc.o
    0x08008cd0   0x08008cd0   0x00000044   Code   RO          723    i.USBD_FS_ProductStrDescriptor  usbd_desc.o
    0x08008d14   0x08008d14   0x00000018   Code   RO          724    i.USBD_FS_SerialStrDescriptor  usbd_desc.o
    0x08008d2c   0x08008d2c   0x00000056   Code   RO         5454    i.USBD_GetConfig    usbd_ctlreq.o
    0x08008d82   0x08008d82   0x00000232   Code   RO         5455    i.USBD_GetDescriptor  usbd_ctlreq.o
    0x08008fb4   0x08008fb4   0x00000050   Code   RO         5289    i.USBD_GetEpDesc    usbd_core.o
    0x08009004   0x08009004   0x00000016   Code   RO         5456    i.USBD_GetLen       usbd_ctlreq.o
    0x0800901a   0x0800901a   0x00000014   Code   RO         5290    i.USBD_GetNextDesc  usbd_core.o
    0x0800902e   0x0800902e   0x0000005a   Code   RO         5457    i.USBD_GetStatus    usbd_ctlreq.o
    0x08009088   0x08009088   0x00000068   Code   RO         5458    i.USBD_GetString    usbd_ctlreq.o
    0x080090f0   0x080090f0   0x0000002c   Code   RO          880    i.USBD_Get_USB_Status  usbd_conf.o
    0x0800911c   0x0800911c   0x0000003a   Code   RO         5291    i.USBD_Init         usbd_core.o
    0x08009156   0x08009156   0x00000026   Code   RO          881    i.USBD_LL_ClearStallEP  usbd_conf.o
    0x0800917c   0x0800917c   0x00000026   Code   RO          882    i.USBD_LL_CloseEP   usbd_conf.o
    0x080091a2   0x080091a2   0x00000108   Code   RO         5292    i.USBD_LL_DataInStage  usbd_core.o
    0x080092aa   0x080092aa   0x00000102   Code   RO         5293    i.USBD_LL_DataOutStage  usbd_core.o
    0x080093ac   0x080093ac   0x00000006   Code   RO         5294    i.USBD_LL_DevConnected  usbd_core.o
    0x080093b2   0x080093b2   0x00000026   Code   RO         5295    i.USBD_LL_DevDisconnected  usbd_core.o
    0x080093d8   0x080093d8   0x00000012   Code   RO          886    i.USBD_LL_GetRxDataSize  usbd_conf.o
    0x080093ea   0x080093ea   0x00000002   PAD
    0x080093ec   0x080093ec   0x0000006c   Code   RO          887    i.USBD_LL_Init      usbd_conf.o
    0x08009458   0x08009458   0x00000038   Code   RO          888    i.USBD_LL_IsStallEP  usbd_conf.o
    0x08009490   0x08009490   0x00000048   Code   RO         5296    i.USBD_LL_IsoINIncomplete  usbd_core.o
    0x080094d8   0x080094d8   0x00000048   Code   RO         5297    i.USBD_LL_IsoOUTIncomplete  usbd_core.o
    0x08009520   0x08009520   0x00000030   Code   RO          889    i.USBD_LL_OpenEP    usbd_conf.o
    0x08009550   0x08009550   0x00000030   Code   RO          890    i.USBD_LL_PrepareReceive  usbd_conf.o
    0x08009580   0x08009580   0x0000006c   Code   RO         5298    i.USBD_LL_Reset     usbd_core.o
    0x080095ec   0x080095ec   0x00000016   Code   RO         5299    i.USBD_LL_Resume    usbd_core.o
    0x08009602   0x08009602   0x00000028   Code   RO         5300    i.USBD_LL_SOF       usbd_core.o
    0x0800962a   0x0800962a   0x00000008   Code   RO         5301    i.USBD_LL_SetSpeed  usbd_core.o
    0x08009632   0x08009632   0x00000026   Code   RO          891    i.USBD_LL_SetUSBAddress  usbd_conf.o
    0x08009658   0x08009658   0x00000076   Code   RO         5302    i.USBD_LL_SetupStage  usbd_core.o
    0x080096ce   0x080096ce   0x00000026   Code   RO          892    i.USBD_LL_StallEP   usbd_conf.o
    0x080096f4   0x080096f4   0x0000001e   Code   RO          893    i.USBD_LL_Start     usbd_conf.o
    0x08009712   0x08009712   0x0000001c   Code   RO         5303    i.USBD_LL_Suspend   usbd_core.o
    0x0800972e   0x0800972e   0x00000030   Code   RO          895    i.USBD_LL_Transmit  usbd_conf.o
    0x0800975e   0x0800975e   0x00000036   Code   RO         5459    i.USBD_ParseSetupRequest  usbd_ctlreq.o
    0x08009794   0x08009794   0x00000048   Code   RO         5304    i.USBD_RegisterClass  usbd_core.o
    0x080097dc   0x080097dc   0x00000006   Code   RO         5305    i.USBD_RunTestMode  usbd_core.o
    0x080097e2   0x080097e2   0x0000005a   Code   RO         5460    i.USBD_SetAddress   usbd_ctlreq.o
    0x0800983c   0x0800983c   0x00000020   Code   RO         5306    i.USBD_SetClassConfig  usbd_core.o
    0x0800985c   0x0800985c   0x00000104   Code   RO         5461    i.USBD_SetConfig    usbd_ctlreq.o
    0x08009960   0x08009960   0x00000038   Code   RO         5462    i.USBD_SetFeature   usbd_ctlreq.o
    0x08009998   0x08009998   0x0000000c   Code   RO         5307    i.USBD_Start        usbd_core.o
    0x080099a4   0x080099a4   0x000000ae   Code   RO         5463    i.USBD_StdDevReq    usbd_ctlreq.o
    0x08009a52   0x08009a52   0x00000280   Code   RO         5464    i.USBD_StdEPReq     usbd_ctlreq.o
    0x08009cd2   0x08009cd2   0x000000ae   Code   RO         5465    i.USBD_StdItfReq    usbd_ctlreq.o
    0x08009d80   0x08009d80   0x00000002   Code   RO          896    i.USBD_static_free  usbd_conf.o
    0x08009d82   0x08009d82   0x00000002   PAD
    0x08009d84   0x08009d84   0x0000000c   Code   RO          897    i.USBD_static_malloc  usbd_conf.o
    0x08009d90   0x08009d90   0x000000d0   Code   RO         1388    i.USB_ActivateEndpoint  stm32h7xx_ll_usb.o
    0x08009e60   0x08009e60   0x00000028   Code   RO         1390    i.USB_ActivateSetup  stm32h7xx_ll_usb.o
    0x08009e88   0x08009e88   0x000000a0   Code   RO         1392    i.USB_CoreInit      stm32h7xx_ll_usb.o
    0x08009f28   0x08009f28   0x00000054   Code   RO         1393    i.USB_CoreReset     stm32h7xx_ll_usb.o
    0x08009f7c   0x08009f7c   0x0000014c   Code   RO         1396    i.USB_DeactivateEndpoint  stm32h7xx_ll_usb.o
    0x0800a0c8   0x0800a0c8   0x00000024   Code   RO         1397    i.USB_DevConnect    stm32h7xx_ll_usb.o
    0x0800a0ec   0x0800a0ec   0x00000024   Code   RO         1398    i.USB_DevDisconnect  stm32h7xx_ll_usb.o
    0x0800a110   0x0800a110   0x000001e0   Code   RO         1399    i.USB_DevInit       stm32h7xx_ll_usb.o
    0x0800a2f0   0x0800a2f0   0x0000000e   Code   RO         1400    i.USB_DisableGlobalInt  stm32h7xx_ll_usb.o
    0x0800a2fe   0x0800a2fe   0x00000002   PAD
    0x0800a300   0x0800a300   0x00000070   Code   RO         1403    i.USB_EP0_OutStart  stm32h7xx_ll_usb.o
    0x0800a370   0x0800a370   0x0000008e   Code   RO         1404    i.USB_EPClearStall  stm32h7xx_ll_usb.o
    0x0800a3fe   0x0800a3fe   0x0000009a   Code   RO         1405    i.USB_EPSetStall    stm32h7xx_ll_usb.o
    0x0800a498   0x0800a498   0x000003b4   Code   RO         1406    i.USB_EPStartXfer   stm32h7xx_ll_usb.o
    0x0800a84c   0x0800a84c   0x000000ec   Code   RO         1407    i.USB_EPStopXfer    stm32h7xx_ll_usb.o
    0x0800a938   0x0800a938   0x0000000e   Code   RO         1408    i.USB_EnableGlobalInt  stm32h7xx_ll_usb.o
    0x0800a946   0x0800a946   0x00000050   Code   RO         1409    i.USB_FlushRxFifo   stm32h7xx_ll_usb.o
    0x0800a996   0x0800a996   0x00000054   Code   RO         1410    i.USB_FlushTxFifo   stm32h7xx_ll_usb.o
    0x0800a9ea   0x0800a9ea   0x00000026   Code   RO         1412    i.USB_GetDevSpeed   stm32h7xx_ll_usb.o
    0x0800aa10   0x0800aa10   0x0000000a   Code   RO         1414    i.USB_GetMode       stm32h7xx_ll_usb.o
    0x0800aa1a   0x0800aa1a   0x00000014   Code   RO         1422    i.USB_ReadDevAllInEpInterrupt  stm32h7xx_ll_usb.o
    0x0800aa2e   0x0800aa2e   0x00000014   Code   RO         1423    i.USB_ReadDevAllOutEpInterrupt  stm32h7xx_ll_usb.o
    0x0800aa42   0x0800aa42   0x00000032   Code   RO         1424    i.USB_ReadDevInEPInterrupt  stm32h7xx_ll_usb.o
    0x0800aa74   0x0800aa74   0x0000001a   Code   RO         1425    i.USB_ReadDevOutEPInterrupt  stm32h7xx_ll_usb.o
    0x0800aa8e   0x0800aa8e   0x0000000a   Code   RO         1426    i.USB_ReadInterrupts  stm32h7xx_ll_usb.o
    0x0800aa98   0x0800aa98   0x00000060   Code   RO         1427    i.USB_ReadPacket    stm32h7xx_ll_usb.o
    0x0800aaf8   0x0800aaf8   0x00000068   Code   RO         1429    i.USB_SetCurrentMode  stm32h7xx_ll_usb.o
    0x0800ab60   0x0800ab60   0x0000002a   Code   RO         1430    i.USB_SetDevAddress  stm32h7xx_ll_usb.o
    0x0800ab8a   0x0800ab8a   0x00000012   Code   RO         1431    i.USB_SetDevSpeed   stm32h7xx_ll_usb.o
    0x0800ab9c   0x0800ab9c   0x000000e8   Code   RO         1432    i.USB_SetTurnaroundTime  stm32h7xx_ll_usb.o
    0x0800ac84   0x0800ac84   0x00000044   Code   RO         1435    i.USB_WritePacket   stm32h7xx_ll_usb.o
    0x0800acc8   0x0800acc8   0x00000004   Code   RO          552    i.UsageFault_Handler  stm32h7xx_it.o
    0x0800accc   0x0800accc   0x00000010   Code   RO         3138    i.__NVIC_GetPriorityGrouping  stm32h7xx_hal_cortex.o
    0x0800acdc   0x0800acdc   0x00000028   Code   RO         3139    i.__NVIC_SetPriority  stm32h7xx_hal_cortex.o
    0x0800ad04   0x0800ad04   0x000000a4   Code   RO         7183    i.arm_cos_f32       fastmathfunctions.o
    0x0800ada8   0x0800ada8   0x0000004c   Code   RO           16    i.main              main.o
    0x0800adf4   0x0800adf4   0x0000000a   Code   RO        12569    x$fpl$fpinit        fz_wv.l(fpinit.o)
    0x0800adfe   0x0800adfe   0x00000008   Data   RO         2427    .constdata          stm32h7xx_hal_dma.o
    0x0800ae06   0x0800ae06   0x00000018   Data   RO         4770    .constdata          stm32h7xx_hal_uart.o
    0x0800ae1e   0x0800ae1e   0x00000010   Data   RO         5141    .constdata          stm32h7xx_hal_uart_ex.o
    0x0800ae2e   0x0800ae2e   0x00000010   Data   RO         5250    .constdata          system_stm32h7xx.o
    0x0800ae3e   0x0800ae3e   0x00000002   PAD
    0x0800ae40   0x0800ae40   0x000e0bd4   Data   RO         6425    .constdata          commontables.o
    0x080eba14   0x080eba14   0x00000020   Data   RO        12627    Region$$Table       anon$$obj.o


    Execution Region RW_IRAM1 (Exec base: 0x20000000, Load base: 0x080eba34, Size: 0x00000000, Max: 0x00020000, ABSOLUTE)

    **** No section assigned to this execution region ****


    Execution Region RW_IRAM2 (Exec base: 0x24000000, Load base: 0x080eba34, Size: 0x00002c78, Max: 0x00080000, ABSOLUTE)

    Exec Addr    Load Addr    Size         Type   Attr      Idx    E Section Name        Object

    0x24000000   0x080eba34   0x0000005e   Data   RW          726    .data               usbd_desc.o
    0x2400005e   0x080eba92   0x00000002   PAD
    0x24000060   0x080eba94   0x00000014   Data   RW          813    .data               usbd_cdc_if.o
    0x24000074   0x080ebaa8   0x00000009   Data   RW         3323    .data               stm32h7xx_hal.o
    0x2400007d   0x080ebab1   0x00000003   PAD
    0x24000080   0x080ebab4   0x00000008   Data   RW         5251    .data               system_stm32h7xx.o
    0x24000088   0x080ebabc   0x00000001   Data   RW         5466    .data               usbd_ctlreq.o
    0x24000089   0x080ebabd   0x00000003   PAD
    0x2400008c   0x080ebac0   0x0000008a   Data   RW         5637    .data               usbd_cdc.o
    0x24000116   0x080ebb4a   0x00000002   PAD
    0x24000118        -       0x000000a8   Zero   RW          346    .bss                i2c.o
    0x240001c0        -       0x00000198   Zero   RW          394    .bss                i2s.o
    0x24000358        -       0x0000004c   Zero   RW          459    .bss                quadspi.o
    0x240003a4        -       0x00000094   Zero   RW          501    .bss                usart.o
    0x24000438        -       0x000002dc   Zero   RW          665    .bss                usb_device.o
    0x24000714        -       0x00000200   Zero   RW          725    .bss                usbd_desc.o
    0x24000914        -       0x00001000   Zero   RW          812    .bss                usbd_cdc_if.o
    0x24001914        -       0x00000704   Zero   RW          898    .bss                usbd_conf.o
    0x24002018        -       0x00000060   Zero   RW        12485    .bss                c_w.l(libspace.o)
    0x24002078        -       0x00000400   Zero   RW            2    HEAP                startup_stm32h743xx.o
    0x24002478        -       0x00000800   Zero   RW            1    STACK               startup_stm32h743xx.o


==============================================================================

Image component sizes


      Code (inc. data)   RO Data    RW Data    ZI Data      Debug   Object Name

         0          0     920532          0          0      13649   commontables.o
        68          4          0          0          0        922   dma.o
       164         14          0          0          0        854   fastmathfunctions.o
       268         18          0          0          0       1211   gpio.o
       460         44          0          0        168       2606   i2c.o
       612         52          0          0        408       2836   i2s.o
       480         18          0          0          0    1287672   main.o
       360         28          0          0         76       2085   quadspi.o
        64         26        664          0       3072        860   startup_stm32h743xx.o
       272         52          0          9          0      23540   stm32h7xx_hal.o
       510         40          0          0          0      42457   stm32h7xx_hal_cortex.o
      7042        142          8          0          0      11139   stm32h7xx_hal_dma.o
       520         52          0          0          0       2276   stm32h7xx_hal_gpio.o
       216          4          0          0          0       2919   stm32h7xx_hal_i2c.o
       210          0          0          0          0       2119   stm32h7xx_hal_i2c_ex.o
       408         10          0          0          0       1759   stm32h7xx_hal_i2s.o
        36          4          0          0          0        966   stm32h7xx_hal_msp.o
      3628         16          0          0          0      14120   stm32h7xx_hal_pcd.o
       130          4          0          0          0       3285   stm32h7xx_hal_pcd_ex.o
       116         12          0          0          0       1374   stm32h7xx_hal_pwr_ex.o
       256          8          0          0          0       3354   stm32h7xx_hal_qspi.o
      3640        114          0          0          0       7124   stm32h7xx_hal_rcc.o
      8084        186          0          0          0      11071   stm32h7xx_hal_rcc_ex.o
      3552        148         24          0          0      30848   stm32h7xx_hal_uart.o
       360         10         16          0          0       5678   stm32h7xx_hal_uart_ex.o
        98         24          0          0          0       6414   stm32h7xx_it.o
      3894         88          0          0          0      23400   stm32h7xx_ll_usb.o
       252         40         16          8          0       1450   system_stm32h7xx.o
       284         24          0          0        148       1974   usart.o
        80         16          0          0        732       2639   usb_device.o
      1690         48          0        138          0      13843   usbd_cdc.o
       148         16          0         20       4096       3738   usbd_cdc_if.o
      1024         34          0          0       1796      18192   usbd_conf.o
      1354          0          0          0          0      16993   usbd_core.o
      2416         22          0          1          0      18352   usbd_ctlreq.o
       378        114          0         94        512       7221   usbd_desc.o
       174          0          0          0          0       4940   usbd_ioreq.o

    ----------------------------------------------------------------------
     43270       1432     921294        280      11008    1595880   Object Totals
         0          0         32          0          0          0   (incl. Generated)
        22          0          2         10          0          0   (incl. Padding)

    ----------------------------------------------------------------------

      Code (inc. data)   RO Data    RW Data    ZI Data      Debug   Library Member Name

         8          0          0          0          0         68   __main.o
         0          0          0          0          0          0   __rtentry.o
        12          0          0          0          0          0   __rtentry2.o
         6          0          0          0          0          0   __rtentry4.o
        52          8          0          0          0          0   __scatter.o
        26          0          0          0          0          0   __scatter_copy.o
        28          0          0          0          0          0   __scatter_zi.o
        18          0          0          0          0         80   exit.o
         6          0          0          0          0        152   heapauxi.o
         0          0          0          0          0          0   indicate_semi.o
         2          0          0          0          0          0   libinit.o
         6          0          0          0          0          0   libinit2.o
         2          0          0          0          0          0   libshutdown.o
         2          0          0          0          0          0   libshutdown2.o
         8          4          0          0         96         68   libspace.o
       238          0          0          0          0        100   lludivv7m.o
        78          0          0          0          0         80   rt_memclr_w.o
         2          0          0          0          0          0   rtexit.o
        10          0          0          0          0          0   rtexit2.o
        12          4          0          0          0         68   sys_exit.o
        74          0          0          0          0         80   sys_stackheap_outer.o
         2          0          0          0          0         68   use_no_semi.o
        10          0          0          0          0        116   fpinit.o

    ----------------------------------------------------------------------
       608         16          0          0         96        880   Library Totals
         6          0          0          0          0          0   (incl. Padding)

    ----------------------------------------------------------------------

      Code (inc. data)   RO Data    RW Data    ZI Data      Debug   Library Name

       592         16          0          0         96        764   c_w.l
        10          0          0          0          0        116   fz_wv.l

    ----------------------------------------------------------------------
       608         16          0          0         96        880   Library Totals

    ----------------------------------------------------------------------

==============================================================================


      Code (inc. data)   RO Data    RW Data    ZI Data      Debug   

     43878       1448     921294        280      11104    1572800   Grand Totals
     43878       1448     921294        280      11104    1572800   ELF Image Totals
     43878       1448     921294        280          0          0   ROM Totals

==============================================================================

    Total RO  Size (Code + RO Data)               965172 ( 942.55kB)
    Total RW  Size (RW Data + ZI Data)             11384 (  11.12kB)
    Total ROM Size (Code + RO Data + RW Data)     965452 ( 942.82kB)

==============================================================================

