Component: ARM Compiler 5.06 update 7 (build 960) Tool: armlink [4d3601]

==============================================================================

Section Cross References

    startup_stm32h743xx.o(STACK) refers (Special) to heapauxi.o(.text) for __use_two_region_memory
    startup_stm32h743xx.o(HEAP) refers (Special) to heapauxi.o(.text) for __use_two_region_memory
    startup_stm32h743xx.o(RESET) refers (Special) to heapauxi.o(.text) for __use_two_region_memory
    startup_stm32h743xx.o(RESET) refers to startup_stm32h743xx.o(STACK) for __initial_sp
    startup_stm32h743xx.o(RESET) refers to startup_stm32h743xx.o(.text) for Reset_Handler
    startup_stm32h743xx.o(RESET) refers to stm32h7xx_it.o(i.NMI_Handler) for NMI_Handler
    startup_stm32h743xx.o(RESET) refers to stm32h7xx_it.o(i.HardFault_Handler) for HardFault_Handler
    startup_stm32h743xx.o(RESET) refers to stm32h7xx_it.o(i.MemManage_Handler) for MemManage_Handler
    startup_stm32h743xx.o(RESET) refers to stm32h7xx_it.o(i.BusFault_Handler) for BusFault_Handler
    startup_stm32h743xx.o(RESET) refers to stm32h7xx_it.o(i.UsageFault_Handler) for UsageFault_Handler
    startup_stm32h743xx.o(RESET) refers to stm32h7xx_it.o(i.SVC_Handler) for SVC_Handler
    startup_stm32h743xx.o(RESET) refers to stm32h7xx_it.o(i.DebugMon_Handler) for DebugMon_Handler
    startup_stm32h743xx.o(RESET) refers to stm32h7xx_it.o(i.PendSV_Handler) for PendSV_Handler
    startup_stm32h743xx.o(RESET) refers to stm32h7xx_it.o(i.SysTick_Handler) for SysTick_Handler
    startup_stm32h743xx.o(RESET) refers to stm32h7xx_it.o(i.DMA1_Stream0_IRQHandler) for DMA1_Stream0_IRQHandler
    startup_stm32h743xx.o(RESET) refers to stm32h7xx_it.o(i.SPI1_IRQHandler) for SPI1_IRQHandler
    startup_stm32h743xx.o(RESET) refers to stm32h7xx_it.o(i.USART1_IRQHandler) for USART1_IRQHandler
    startup_stm32h743xx.o(RESET) refers to stm32h7xx_it.o(i.OTG_FS_IRQHandler) for OTG_FS_IRQHandler
    startup_stm32h743xx.o(.text) refers (Special) to heapauxi.o(.text) for __use_two_region_memory
    startup_stm32h743xx.o(.text) refers to system_stm32h7xx.o(i.SystemInit) for SystemInit
    startup_stm32h743xx.o(.text) refers to __main.o(!!!main) for __main
    startup_stm32h743xx.o(.text) refers to startup_stm32h743xx.o(HEAP) for Heap_Mem
    startup_stm32h743xx.o(.text) refers to startup_stm32h743xx.o(STACK) for Stack_Mem
    main.o(i.MPU_Config) refers to stm32h7xx_hal_cortex.o(i.HAL_MPU_Disable) for HAL_MPU_Disable
    main.o(i.MPU_Config) refers to stm32h7xx_hal_cortex.o(i.HAL_MPU_ConfigRegion) for HAL_MPU_ConfigRegion
    main.o(i.MPU_Config) refers to stm32h7xx_hal_cortex.o(i.HAL_MPU_Enable) for HAL_MPU_Enable
    main.o(i.SystemClock_Config) refers to rt_memclr_w.o(.text) for __aeabi_memclr4
    main.o(i.SystemClock_Config) refers to stm32h7xx_hal_pwr_ex.o(i.HAL_PWREx_ConfigSupply) for HAL_PWREx_ConfigSupply
    main.o(i.SystemClock_Config) refers to stm32h7xx_hal_rcc.o(i.HAL_RCC_OscConfig) for HAL_RCC_OscConfig
    main.o(i.SystemClock_Config) refers to main.o(i.Error_Handler) for Error_Handler
    main.o(i.SystemClock_Config) refers to stm32h7xx_hal_rcc.o(i.HAL_RCC_ClockConfig) for HAL_RCC_ClockConfig
    main.o(i.main) refers to main.o(i.MPU_Config) for MPU_Config
    main.o(i.main) refers to stm32h7xx_hal.o(i.HAL_Init) for HAL_Init
    main.o(i.main) refers to main.o(i.SystemClock_Config) for SystemClock_Config
    main.o(i.main) refers to gpio.o(i.MX_GPIO_Init) for MX_GPIO_Init
    main.o(i.main) refers to dma.o(i.MX_DMA_Init) for MX_DMA_Init
    main.o(i.main) refers to i2s.o(i.MX_I2S1_Init) for MX_I2S1_Init
    main.o(i.main) refers to quadspi.o(i.MX_QUADSPI_Init) for MX_QUADSPI_Init
    main.o(i.main) refers to i2s.o(i.MX_I2S2_Init) for MX_I2S2_Init
    main.o(i.main) refers to usb_device.o(i.MX_USB_DEVICE_Init) for MX_USB_DEVICE_Init
    main.o(i.main) refers to usart.o(i.MX_USART1_UART_Init) for MX_USART1_UART_Init
    main.o(i.main) refers to i2s.o(i.MX_I2S3_Init) for MX_I2S3_Init
    main.o(i.main) refers to sdmmc.o(i.MX_SDMMC1_SD_Init) for MX_SDMMC1_SD_Init
    main.o(i.main) refers to fatfs.o(i.MX_FATFS_Init) for MX_FATFS_Init
    main.o(i.main) refers to stm32h7xx_hal.o(i.HAL_Delay) for HAL_Delay
    main.o(i.main) refers to wav_file.o(i.File_Init) for File_Init
    main.o(i.main) refers to wav_file.o(i.File_Wav_Create) for File_Wav_Create
    main.o(i.main) refers to uart_screen.o(i.Screen_Init) for Screen_Init
    main.o(i.main) refers to mic.o(i.Mic_Init) for Mic_Init
    main.o(i.main) refers to mic.o(i.Mic_Sample_Start) for Mic_Sample_Start
    main.o(i.main) refers to audio_process.o(i.Audio_Get_From_Mic) for Audio_Get_From_Mic
    main.o(i.main) refers to wav_file.o(i.File_Wav_Write_Data_And_Sync) for File_Wav_Write_Data_And_Sync
    main.o(i.main) refers to stm32h7xx_hal_i2s.o(i.HAL_I2S_DMAStop) for HAL_I2S_DMAStop
[...]
    __fplib_config_pureend_doubles           0x0801130d   Thumb Code     0  fpinit.o(x$fpl$fpinit)
    UARTPrescTable                           0x08011316   Data          24  stm32h7xx_hal_uart.o(.constdata)
    D1CorePrescTable                         0x0801133e   Data          16  system_stm32h7xx.o(.constdata)
    SD_Driver                                0x08011350   Data          20  sd_diskio.o(.constdata)
    armBitRevTable                           0x0803bf48   Data        2048  commontables.o(.constdata)
    twiddleCoefF64_16                        0x0803c748   Data         256  commontables.o(.constdata)
    twiddleCoefF64_32                        0x0803c848   Data         512  commontables.o(.constdata)
    twiddleCoefF64_64                        0x0803ca48   Data        1024  commontables.o(.constdata)
    twiddleCoefF64_128                       0x0803ce48   Data        2048  commontables.o(.constdata)
    twiddleCoefF64_256                       0x0803d648   Data        4096  commontables.o(.constdata)
    twiddleCoefF64_512                       0x0803e648   Data        8192  commontables.o(.constdata)
    twiddleCoefF64_1024                      0x08040648   Data       16384  commontables.o(.constdata)
    twiddleCoefF64_2048                      0x08044648   Data       32768  commontables.o(.constdata)
    twiddleCoefF64_4096                      0x0804c648   Data       65536  commontables.o(.constdata)
    twiddleCoef_16                           0x0805c648   Data         128  commontables.o(.constdata)
    twiddleCoef_32                           0x0805c6c8   Data         256  commontables.o(.constdata)
    twiddleCoef_64                           0x0805c7c8   Data         512  commontables.o(.constdata)
    twiddleCoef_128                          0x0805c9c8   Data        1024  commontables.o(.constdata)
    twiddleCoef_256                          0x0805cdc8   Data        2048  commontables.o(.constdata)
    twiddleCoef_512                          0x0805d5c8   Data        4096  commontables.o(.constdata)
    twiddleCoef_1024                         0x0805e5c8   Data        8192  commontables.o(.constdata)
    twiddleCoef_2048                         0x080605c8   Data       16384  commontables.o(.constdata)
    twiddleCoef_4096                         0x080645c8   Data       32768  commontables.o(.constdata)
    twiddleCoef_16_q31                       0x0806c5c8   Data          96  commontables.o(.constdata)
    twiddleCoef_32_q31                       0x0806c628   Data         192  commontables.o(.constdata)
    twiddleCoef_64_q31                       0x0806c6e8   Data         384  commontables.o(.constdata)
    twiddleCoef_128_q31                      0x0806c868   Data         768  commontables.o(.constdata)
    twiddleCoef_256_q31                      0x0806cb68   Data        1536  commontables.o(.constdata)
    twiddleCoef_512_q31                      0x0806d168   Data        3072  commontables.o(.constdata)
    twiddleCoef_1024_q31                     0x0806dd68   Data        6144  commontables.o(.constdata)
    twiddleCoef_2048_q31                     0x0806f568   Data       12288  commontables.o(.constdata)
    twiddleCoef_4096_q31                     0x08072568   Data       24576  commontables.o(.constdata)
    twiddleCoef_16_q15                       0x08078568   Data          48  commontables.o(.constdata)
    twiddleCoef_32_q15                       0x08078598   Data          96  commontables.o(.constdata)
    twiddleCoef_64_q15                       0x080785f8   Data         192  commontables.o(.constdata)
    twiddleCoef_128_q15                      0x080786b8   Data         384  commontables.o(.constdata)
    twiddleCoef_256_q15                      0x08078838   Data         768  commontables.o(.constdata)
    twiddleCoef_512_q15                      0x08078b38   Data        1536  commontables.o(.constdata)
    twiddleCoef_1024_q15                     0x08079138   Data        3072  commontables.o(.constdata)
    twiddleCoef_2048_q15                     0x08079d38   Data        6144  commontables.o(.constdata)
    twiddleCoef_4096_q15                     0x0807b538   Data       12288  commontables.o(.constdata)
    armBitRevIndexTableF64_16                0x0807e538   Data          24  commontables.o(.constdata)
    armBitRevIndexTableF64_32                0x0807e550   Data          48  commontables.o(.constdata)
    armBitRevIndexTableF64_64                0x0807e580   Data         112  commontables.o(.constdata)
    armBitRevIndexTableF64_128               0x0807e5f0   Data         224  commontables.o(.constdata)
    armBitRevIndexTableF64_256               0x0807e6d0   Data         480  commontables.o(.constdata)
    armBitRevIndexTableF64_512               0x0807e8b0   Data         960  commontables.o(.constdata)
    armBitRevIndexTableF64_1024              0x0807ec70   Data        1984  commontables.o(.constdata)
    armBitRevIndexTableF64_2048              0x0807f430   Data        3968  commontables.o(.constdata)
    armBitRevIndexTableF64_4096              0x080803b0   Data        8064  commontables.o(.constdata)
    armBitRevIndexTable16                    0x08082330   Data          40  commontables.o(.constdata)
    armBitRevIndexTable32                    0x08082358   Data          96  commontables.o(.constdata)
    armBitRevIndexTable64                    0x080823b8   Data         112  commontables.o(.constdata)
    armBitRevIndexTable128                   0x08082428   Data         416  commontables.o(.constdata)
    armBitRevIndexTable256                   0x080825c8   Data         880  commontables.o(.constdata)
    armBitRevIndexTable512                   0x08082938   Data         896  commontables.o(.constdata)
    armBitRevIndexTable1024                  0x08082cb8   Data        3600  commontables.o(.constdata)
    armBitRevIndexTable2048                  0x08083ac8   Data        7616  commontables.o(.constdata)
    armBitRevIndexTable4096                  0x08085888   Data        8064  commontables.o(.constdata)
    armBitRevIndexTable_fixed_16             0x08087808   Data          24  commontables.o(.constdata)
    armBitRevIndexTable_fixed_32             0x08087820   Data          48  commontables.o(.constdata)
    armBitRevIndexTable_fixed_64             0x08087850   Data         112  commontables.o(.constdata)
    armBitRevIndexTable_fixed_128            0x080878c0   Data         224  commontables.o(.constdata)
    armBitRevIndexTable_fixed_256            0x080879a0   Data         480  commontables.o(.constdata)
    armBitRevIndexTable_fixed_512            0x08087b80   Data         960  commontables.o(.constdata)
    armBitRevIndexTable_fixed_1024           0x08087f40   Data        1984  commontables.o(.constdata)
    armBitRevIndexTable_fixed_2048           0x08088700   Data        3968  commontables.o(.constdata)
    armBitRevIndexTable_fixed_4096           0x08089680   Data        8064  commontables.o(.constdata)
    twiddleCoefF64_rfft_32                   0x0808b600   Data         256  commontables.o(.constdata)
    twiddleCoefF64_rfft_64                   0x0808b700   Data         512  commontables.o(.constdata)
    twiddleCoefF64_rfft_128                  0x0808b900   Data        1024  commontables.o(.constdata)
    twiddleCoefF64_rfft_256                  0x0808bd00   Data        2048  commontables.o(.constdata)
    twiddleCoefF64_rfft_512                  0x0808c500   Data        4096  commontables.o(.constdata)
    twiddleCoefF64_rfft_1024                 0x0808d500   Data        8192  commontables.o(.constdata)
    twiddleCoefF64_rfft_2048                 0x0808f500   Data       16384  commontables.o(.constdata)
    twiddleCoefF64_rfft_4096                 0x08093500   Data       32768  commontables.o(.constdata)
    twiddleCoef_rfft_32                      0x0809b500   Data         128  commontables.o(.constdata)
    twiddleCoef_rfft_64                      0x0809b580   Data         256  commontables.o(.constdata)
    twiddleCoef_rfft_128                     0x0809b680   Data         512  commontables.o(.constdata)
    twiddleCoef_rfft_256                     0x0809b880   Data        1024  commontables.o(.constdata)
    twiddleCoef_rfft_512                     0x0809bc80   Data        2048  commontables.o(.constdata)
    twiddleCoef_rfft_1024                    0x0809c480   Data        4096  commontables.o(.constdata)
    twiddleCoef_rfft_2048                    0x0809d480   Data        8192  commontables.o(.constdata)
    twiddleCoef_rfft_4096                    0x0809f480   Data       16384  commontables.o(.constdata)
    realCoefA                                0x080a3480   Data       32768  commontables.o(.constdata)
    realCoefB                                0x080ab480   Data       32768  commontables.o(.constdata)
    realCoefAQ31                             0x080b3480   Data       32768  commontables.o(.constdata)
    realCoefBQ31                             0x080bb480   Data       32768  commontables.o(.constdata)
    realCoefAQ15                             0x080c3480   Data       16384  commontables.o(.constdata)
    realCoefBQ15                             0x080c7480   Data       16384  commontables.o(.constdata)
    Weights_128                              0x080cb480   Data        1024  commontables.o(.constdata)
    cos_factors_128                          0x080cb880   Data         512  commontables.o(.constdata)
    Weights_512                              0x080cba80   Data        4096  commontables.o(.constdata)
    cos_factors_512                          0x080cca80   Data        2048  commontables.o(.constdata)
    Weights_2048                             0x080cd280   Data       16384  commontables.o(.constdata)
    cos_factors_2048                         0x080d1280   Data        8192  commontables.o(.constdata)
    Weights_8192                             0x080d3280   Data       65536  commontables.o(.constdata)
    cos_factors_8192                         0x080e3280   Data       32768  commontables.o(.constdata)
    WeightsQ15_128                           0x080eb280   Data         512  commontables.o(.constdata)
    cos_factorsQ15_128                       0x080eb480   Data         256  commontables.o(.constdata)
    WeightsQ15_512                           0x080eb580   Data        2048  commontables.o(.constdata)
    cos_factorsQ15_512                       0x080ebd80   Data        1024  commontables.o(.constdata)
    WeightsQ15_2048                          0x080ec180   Data        8192  commontables.o(.constdata)
    cos_factorsQ15_2048                      0x080ee180   Data        4096  commontables.o(.constdata)
    WeightsQ15_8192                          0x080ef180   Data       32768  commontables.o(.constdata)
    cos_factorsQ15_8192                      0x080f7180   Data       16384  commontables.o(.constdata)
    WeightsQ31_128                           0x080fb180   Data        1024  commontables.o(.constdata)
    cos_factorsQ31_128                       0x080fb580   Data         512  commontables.o(.constdata)
    WeightsQ31_512                           0x080fb780   Data        4096  commontables.o(.constdata)
    cos_factorsQ31_512                       0x080fc780   Data        2048  commontables.o(.constdata)
    WeightsQ31_2048                          0x080fcf80   Data       16384  commontables.o(.constdata)
    cos_factorsQ31_2048                      0x08100f80   Data        8192  commontables.o(.constdata)
    WeightsQ31_8192                          0x08102f80   Data       65536  commontables.o(.constdata)
    cos_factorsQ31_8192                      0x08112f80   Data       32768  commontables.o(.constdata)
    armRecipTableQ15                         0x0811af80   Data         128  commontables.o(.constdata)
    armRecipTableQ31                         0x0811b000   Data         256  commontables.o(.constdata)
    sinTable_f32                             0x0811b100   Data        2052  commontables.o(.constdata)
    sinTable_q31                             0x0811b904   Data        2052  commontables.o(.constdata)
    sinTable_q15                             0x0811c108   Data        1026  commontables.o(.constdata)
    sqrt_initial_lut_q31                     0x0811c50c   Data         128  commontables.o(.constdata)
    sqrt_initial_lut_q15                     0x0811c58c   Data          32  commontables.o(.constdata)
    arm_cfft_sR_f64_len16                    0x0811c5ac   Data          16  commontables.o(.constdata)
    arm_cfft_sR_f64_len32                    0x0811c5bc   Data          16  commontables.o(.constdata)
    arm_cfft_sR_f64_len64                    0x0811c5cc   Data          16  commontables.o(.constdata)
    arm_cfft_sR_f64_len128                   0x0811c5dc   Data          16  commontables.o(.constdata)
    arm_cfft_sR_f64_len256                   0x0811c5ec   Data          16  commontables.o(.constdata)
    arm_cfft_sR_f64_len512                   0x0811c5fc   Data          16  commontables.o(.constdata)
    arm_cfft_sR_f64_len1024                  0x0811c60c   Data          16  commontables.o(.constdata)
    arm_cfft_sR_f64_len2048                  0x0811c61c   Data          16  commontables.o(.constdata)
    arm_cfft_sR_f64_len4096                  0x0811c62c   Data          16  commontables.o(.constdata)
    arm_cfft_sR_f32_len16                    0x0811c63c   Data          16  commontables.o(.constdata)
    arm_cfft_sR_f32_len32                    0x0811c64c   Data          16  commontables.o(.constdata)
    arm_cfft_sR_f32_len64                    0x0811c65c   Data          16  commontables.o(.constdata)
    arm_cfft_sR_f32_len128                   0x0811c66c   Data          16  commontables.o(.constdata)
    arm_cfft_sR_f32_len256                   0x0811c67c   Data          16  commontables.o(.constdata)
    arm_cfft_sR_f32_len512                   0x0811c68c   Data          16  commontables.o(.constdata)
    arm_cfft_sR_f32_len1024                  0x0811c69c   Data          16  commontables.o(.constdata)
    arm_cfft_sR_f32_len2048                  0x0811c6ac   Data          16  commontables.o(.constdata)
    arm_cfft_sR_f32_len4096                  0x0811c6bc   Data          16  commontables.o(.constdata)
    arm_cfft_sR_q31_len16                    0x0811c6cc   Data          16  commontables.o(.constdata)
    arm_cfft_sR_q31_len32                    0x0811c6dc   Data          16  commontables.o(.constdata)
    arm_cfft_sR_q31_len64                    0x0811c6ec   Data          16  commontables.o(.constdata)
    arm_cfft_sR_q31_len128                   0x0811c6fc   Data          16  commontables.o(.constdata)
    arm_cfft_sR_q31_len256                   0x0811c70c   Data          16  commontables.o(.constdata)
    arm_cfft_sR_q31_len512                   0x0811c71c   Data          16  commontables.o(.constdata)
    arm_cfft_sR_q31_len1024                  0x0811c72c   Data          16  commontables.o(.constdata)
    arm_cfft_sR_q31_len2048                  0x0811c73c   Data          16  commontables.o(.constdata)
    arm_cfft_sR_q31_len4096                  0x0811c74c   Data          16  commontables.o(.constdata)
    arm_cfft_sR_q15_len16                    0x0811c75c   Data          16  commontables.o(.constdata)
    arm_cfft_sR_q15_len32                    0x0811c76c   Data          16  commontables.o(.constdata)
    arm_cfft_sR_q15_len64                    0x0811c77c   Data          16  commontables.o(.constdata)
    arm_cfft_sR_q15_len128                   0x0811c78c   Data          16  commontables.o(.constdata)
    arm_cfft_sR_q15_len256                   0x0811c79c   Data          16  commontables.o(.constdata)
    arm_cfft_sR_q15_len512                   0x0811c7ac   Data          16  commontables.o(.constdata)
    arm_cfft_sR_q15_len1024                  0x0811c7bc   Data          16  commontables.o(.constdata)
    arm_cfft_sR_q15_len2048                  0x0811c7cc   Data          16  commontables.o(.constdata)
    arm_cfft_sR_q15_len4096                  0x0811c7dc   Data          16  commontables.o(.constdata)
    arm_rfft_fast_sR_f64_len32               0x0811c7ec   Data          24  commontables.o(.constdata)
    arm_rfft_fast_sR_f64_len64               0x0811c804   Data          24  commontables.o(.constdata)
    arm_rfft_fast_sR_f64_len128              0x0811c81c   Data          24  commontables.o(.constdata)
    arm_rfft_fast_sR_f64_len256              0x0811c834   Data          24  commontables.o(.constdata)
    arm_rfft_fast_sR_f64_len512              0x0811c84c   Data          24  commontables.o(.constdata)
    arm_rfft_fast_sR_f64_len1024             0x0811c864   Data          24  commontables.o(.constdata)
    arm_rfft_fast_sR_f64_len2048             0x0811c87c   Data          24  commontables.o(.constdata)
    arm_rfft_fast_sR_f64_len4096             0x0811c894   Data          24  commontables.o(.constdata)
    arm_rfft_fast_sR_f32_len32               0x0811c8ac   Data          24  commontables.o(.constdata)
    arm_rfft_fast_sR_f32_len64               0x0811c8c4   Data          24  commontables.o(.constdata)
    arm_rfft_fast_sR_f32_len128              0x0811c8dc   Data          24  commontables.o(.constdata)
    arm_rfft_fast_sR_f32_len256              0x0811c8f4   Data          24  commontables.o(.constdata)
    arm_rfft_fast_sR_f32_len512              0x0811c90c   Data          24  commontables.o(.constdata)
    arm_rfft_fast_sR_f32_len1024             0x0811c924   Data          24  commontables.o(.constdata)
    arm_rfft_fast_sR_f32_len2048             0x0811c93c   Data          24  commontables.o(.constdata)
    arm_rfft_fast_sR_f32_len4096             0x0811c954   Data          24  commontables.o(.constdata)
    arm_rfft_sR_q31_len32                    0x0811c96c   Data          24  commontables.o(.constdata)
    arm_rfft_sR_q31_len64                    0x0811c984   Data          24  commontables.o(.constdata)
    arm_rfft_sR_q31_len128                   0x0811c99c   Data          24  commontables.o(.constdata)
    arm_rfft_sR_q31_len256                   0x0811c9b4   Data          24  commontables.o(.constdata)
    arm_rfft_sR_q31_len512                   0x0811c9cc   Data          24  commontables.o(.constdata)
    arm_rfft_sR_q31_len1024                  0x0811c9e4   Data          24  commontables.o(.constdata)
    arm_rfft_sR_q31_len2048                  0x0811c9fc   Data          24  commontables.o(.constdata)
    arm_rfft_sR_q31_len4096                  0x0811ca14   Data          24  commontables.o(.constdata)
    arm_rfft_sR_q31_len8192                  0x0811ca2c   Data          24  commontables.o(.constdata)
    arm_rfft_sR_q15_len32                    0x0811ca44   Data          24  commontables.o(.constdata)
    arm_rfft_sR_q15_len64                    0x0811ca5c   Data          24  commontables.o(.constdata)
    arm_rfft_sR_q15_len128                   0x0811ca74   Data          24  commontables.o(.constdata)
    arm_rfft_sR_q15_len256                   0x0811ca8c   Data          24  commontables.o(.constdata)
    arm_rfft_sR_q15_len512                   0x0811caa4   Data          24  commontables.o(.constdata)
    arm_rfft_sR_q15_len1024                  0x0811cabc   Data          24  commontables.o(.constdata)
    arm_rfft_sR_q15_len2048                  0x0811cad4   Data          24  commontables.o(.constdata)
    arm_rfft_sR_q15_len4096                  0x0811caec   Data          24  commontables.o(.constdata)
    arm_rfft_sR_q15_len8192                  0x0811cb04   Data          24  commontables.o(.constdata)
    Region$$Table$$Base                      0x0811cb30   Number         0  anon$$obj.o(Region$$Table)
    Region$$Table$$Limit                     0x0811cb50   Number         0  anon$$obj.o(Region$$Table)
    counter                                  0x24000000   Data           4  main.o(.data)
    FS_Desc                                  0x24000004   Data          32  usbd_desc.o(.data)
    USBD_FS_DeviceDesc                       0x24000024   Data          18  usbd_desc.o(.data)
    USBD_FS_BOSDesc                          0x24000038   Data          12  usbd_desc.o(.data)
    USBD_LangIDDesc                          0x24000044   Data           4  usbd_desc.o(.data)
    USBD_StringSerial                        0x24000048   Data          26  usbd_desc.o(.data)
    USBD_Interface_fops_FS                   0x24000064   Data          20  usbd_cdc_if.o(.data)
    uwTick                                   0x24000078   Data           4  stm32h7xx_hal.o(.data)
    uwTickPrio                               0x2400007c   Data           4  stm32h7xx_hal.o(.data)
    uwTickFreq                               0x24000080   Data           1  stm32h7xx_hal.o(.data)
    SystemCoreClock                          0x24000084   Data           4  system_stm32h7xx.o(.data)
    SystemD2Clock                            0x24000088   Data           4  system_stm32h7xx.o(.data)
    USBD_CDC                                 0x2400009c   Data          56  usbd_cdc.o(.data)
    retSD                                    0x2400011b   Data           1  fatfs.o(.data)
    SDPath                                   0x2400011c   Data           4  fatfs.o(.data)
    hi2s1                                    0x24000128   Data          84  i2s.o(.bss)
    hi2s2                                    0x2400017c   Data          84  i2s.o(.bss)
    hi2s3                                    0x240001d0   Data          84  i2s.o(.bss)
    hdma_spi1_rx                             0x24000224   Data         120  i2s.o(.bss)
    hqspi                                    0x2400029c   Data          76  quadspi.o(.bss)
    hsd1                                     0x240002e8   Data         124  sdmmc.o(.bss)
    huart1                                   0x24000364   Data         148  usart.o(.bss)
    hUsbDeviceFS                             0x240003f8   Data         732  usb_device.o(.bss)
    USBD_StrDesc                             0x240006d4   Data         512  usbd_desc.o(.bss)
    UserRxBufferFS                           0x240008d4   Data        2048  usbd_cdc_if.o(.bss)
    UserTxBufferFS                           0x240010d4   Data        2048  usbd_cdc_if.o(.bss)
    hpcd_USB_OTG_FS                          0x240018d4   Data        1252  usbd_conf.o(.bss)
    screenTxBuffer                           0x24001fd8   Data         256  uart_screen.o(.bss)
    screenRxBuffer                           0x240020d8   Data         256  uart_screen.o(.bss)
    usbTxBuffer                              0x240021d8   Data         256  usb_debug.o(.bss)
    usbRxBuffer                              0x240022d8   Data         256  usb_debug.o(.bss)
    audio_buffer                             0x240023d8   Data        4096  audio_process.o(.bss)
    audio_buffer_mixed                       0x240033d8   Data        4096  audio_process.o(.bss)
    mics                                     0x240043d8   Data       32808  mic.o(.bss)
    SDFatFS                                  0x2400c400   Data         568  fatfs.o(.bss)
    SDFile                                   0x2400c638   Data         600  fatfs.o(.bss)
    disk                                     0x2400c8b0   Data          12  ff_gen_drv.o(.bss)
    wavFile                                  0x2400c8c0   Data         640  wav_file.o(.bss)
    wavHead                                  0x2400cb40   Data          44  wav_file.o(.bss)
    __libspace_start                         0x2400cb6c   Data          96  libspace.o(.bss)
    __temporary_stack_top$libspace           0x2400cbcc   Data           0  libspace.o(.bss)



==============================================================================

Memory Map of the image

  Image Entry point : 0x08000299

  Load Region LR_IROM1 (Base: 0x08000000, Size: 0x0011cc78, Max: 0x00200000, ABSOLUTE)

    Execution Region ER_IROM1 (Exec base: 0x08000000, Load base: 0x08000000, Size: 0x0011cb50, Max: 0x00200000, ABSOLUTE)

    Exec Addr    Load Addr    Size         Type   Attr      Idx    E Section Name        Object

    0x08000000   0x08000000   0x00000298   Data   RO            3    RESET               startup_stm32h743xx.o
    0x08000298   0x08000298   0x00000008   Code   RO        14154  * !!!main             c_w.l(__main.o)
    0x080002a0   0x080002a0   0x00000034   Code   RO        14708    !!!scatter          c_w.l(__scatter.o)
    0x080002d4   0x080002d4   0x0000001a   Code   RO        14710    !!handler_copy      c_w.l(__scatter_copy.o)
    0x080002ee   0x080002ee   0x00000002   PAD
    0x080002f0   0x080002f0   0x0000001c   Code   RO        14712    !!handler_zi        c_w.l(__scatter_zi.o)
    0x0800030c   0x0800030c   0x00000000   Code   RO        14141    .ARM.Collect$$_printf_percent$$00000000  c_w.l(_printf_percent.o)
    0x0800030c   0x0800030c   0x00000006   Code   RO        14140    .ARM.Collect$$_printf_percent$$00000009  c_w.l(_printf_d.o)
    0x08000312   0x08000312   0x00000004   Code   RO        14384    .ARM.Collect$$_printf_percent$$00000017  c_w.l(_printf_percent_end.o)
    0x08000316   0x08000316   0x00000002   Code   RO        14640    .ARM.Collect$$libinit$$00000000  c_w.l(libinit.o)
    0x08000318   0x08000318   0x00000004   Code   RO        14396    .ARM.Collect$$libinit$$00000001  c_w.l(libinit2.o)
    0x0800031c   0x0800031c   0x00000000   Code   RO        14399    .ARM.Collect$$libinit$$00000004  c_w.l(libinit2.o)
    0x0800031c   0x0800031c   0x00000008   Code   RO        14400    .ARM.Collect$$libinit$$00000005  c_w.l(libinit2.o)
    0x08000324   0x08000324   0x00000000   Code   RO        14402    .ARM.Collect$$libinit$$0000000A  c_w.l(libinit2.o)
    0x08000324   0x08000324   0x00000000   Code   RO        14404    .ARM.Collect$$libinit$$0000000C  c_w.l(libinit2.o)
    0x08000324   0x08000324   0x00000000   Code   RO        14406    .ARM.Collect$$libinit$$0000000E  c_w.l(libinit2.o)
    0x08000324   0x08000324   0x00000000   Code   RO        14409    .ARM.Collect$$libinit$$00000011  c_w.l(libinit2.o)
    0x08000324   0x08000324   0x00000000   Code   RO        14411    .ARM.Collect$$libinit$$00000013  c_w.l(libinit2.o)
    0x08000324   0x08000324   0x00000000   Code   RO        14413    .ARM.Collect$$libinit$$00000015  c_w.l(libinit2.o)
    0x08000324   0x08000324   0x00000000   Code   RO        14415    .ARM.Collect$$libinit$$00000017  c_w.l(libinit2.o)
    0x08000324   0x08000324   0x00000000   Code   RO        14417    .ARM.Collect$$libinit$$00000019  c_w.l(libinit2.o)
    0x08000324   0x08000324   0x00000000   Code   RO        14419    .ARM.Collect$$libinit$$0000001B  c_w.l(libinit2.o)
    0x08000324   0x08000324   0x00000000   Code   RO        14421    .ARM.Collect$$libinit$$0000001D  c_w.l(libinit2.o)
    0x08000324   0x08000324   0x00000000   Code   RO        14423    .ARM.Collect$$libinit$$0000001F  c_w.l(libinit2.o)
    0x08000324   0x08000324   0x00000000   Code   RO        14425    .ARM.Collect$$libinit$$00000021  c_w.l(libinit2.o)
    0x08000324   0x08000324   0x00000000   Code   RO        14427    .ARM.Collect$$libinit$$00000023  c_w.l(libinit2.o)
    0x08000324   0x08000324   0x00000000   Code   RO        14429    .ARM.Collect$$libinit$$00000025  c_w.l(libinit2.o)
    0x08000324   0x08000324   0x00000000   Code   RO        14433    .ARM.Collect$$libinit$$0000002C  c_w.l(libinit2.o)
    0x08000324   0x08000324   0x00000000   Code   RO        14435    .ARM.Collect$$libinit$$0000002E  c_w.l(libinit2.o)
    0x08000324   0x08000324   0x00000000   Code   RO        14437    .ARM.Collect$$libinit$$00000030  c_w.l(libinit2.o)
    0x08000324   0x08000324   0x00000000   Code   RO        14439    .ARM.Collect$$libinit$$00000032  c_w.l(libinit2.o)
    0x08000324   0x08000324   0x00000002   Code   RO        14440    .ARM.Collect$$libinit$$00000033  c_w.l(libinit2.o)
    0x08000326   0x08000326   0x00000002   Code   RO        14705    .ARM.Collect$$libshutdown$$00000000  c_w.l(libshutdown.o)
    0x08000328   0x08000328   0x00000000   Code   RO        14661    .ARM.Collect$$libshutdown$$00000002  c_w.l(libshutdown2.o)
    0x08000328   0x08000328   0x00000000   Code   RO        14663    .ARM.Collect$$libshutdown$$00000004  c_w.l(libshutdown2.o)
    0x08000328   0x08000328   0x00000000   Code   RO        14665    .ARM.Collect$$libshutdown$$00000006  c_w.l(libshutdown2.o)
    0x08000328   0x08000328   0x00000000   Code   RO        14668    .ARM.Collect$$libshutdown$$00000009  c_w.l(libshutdown2.o)
    0x08000328   0x08000328   0x00000000   Code   RO        14671    .ARM.Collect$$libshutdown$$0000000C  c_w.l(libshutdown2.o)
    0x08000328   0x08000328   0x00000000   Code   RO        14673    .ARM.Collect$$libshutdown$$0000000E  c_w.l(libshutdown2.o)
    0x08000328   0x08000328   0x00000000   Code   RO        14676    .ARM.Collect$$libshutdown$$00000011  c_w.l(libshutdown2.o)
    0x08000328   0x08000328   0x00000002   Code   RO        14677    .ARM.Collect$$libshutdown$$00000012  c_w.l(libshutdown2.o)
    0x0800032a   0x0800032a   0x00000000   Code   RO        14296    .ARM.Collect$$rtentry$$00000000  c_w.l(__rtentry.o)
    0x0800032a   0x0800032a   0x00000000   Code   RO        14514    .ARM.Collect$$rtentry$$00000002  c_w.l(__rtentry2.o)
    0x0800032a   0x0800032a   0x00000006   Code   RO        14526    .ARM.Collect$$rtentry$$00000004  c_w.l(__rtentry4.o)
    0x08000330   0x08000330   0x00000000   Code   RO        14516    .ARM.Collect$$rtentry$$00000009  c_w.l(__rtentry2.o)
    0x08000330   0x08000330   0x00000004   Code   RO        14517    .ARM.Collect$$rtentry$$0000000A  c_w.l(__rtentry2.o)
    0x08000334   0x08000334   0x00000000   Code   RO        14519    .ARM.Collect$$rtentry$$0000000C  c_w.l(__rtentry2.o)
    0x08000334   0x08000334   0x00000008   Code   RO        14520    .ARM.Collect$$rtentry$$0000000D  c_w.l(__rtentry2.o)
    0x0800033c   0x0800033c   0x00000002   Code   RO        14643    .ARM.Collect$$rtexit$$00000000  c_w.l(rtexit.o)
    0x0800033e   0x0800033e   0x00000000   Code   RO        14681    .ARM.Collect$$rtexit$$00000002  c_w.l(rtexit2.o)
    0x0800033e   0x0800033e   0x00000004   Code   RO        14682    .ARM.Collect$$rtexit$$00000003  c_w.l(rtexit2.o)
    0x08000342   0x08000342   0x00000006   Code   RO        14683    .ARM.Collect$$rtexit$$00000004  c_w.l(rtexit2.o)
    0x08000348   0x08000348   0x00000000   Code   RO        14537    .emb_text           c_w.l(maybetermalloc1.o)
    0x08000348   0x08000348   0x00000040   Code   RO            4    .text               startup_stm32h743xx.o
    0x08000388   0x08000388   0x0000005e   Code   RO        14042    .text               c_w.l(h1_alloc.o)
    0x080003e6   0x080003e6   0x0000004e   Code   RO        14044    .text               c_w.l(h1_free.o)
    0x08000434   0x08000434   0x000000ee   Code   RO        14100    .text               c_w.l(lludivv7m.o)
    0x08000522   0x08000522   0x00000002   PAD
    0x08000524   0x08000524   0x0000002c   Code   RO        14110    .text               c_w.l(__2sprintf.o)
    0x08000550   0x08000550   0x0000004e   Code   RO        14116    .text               c_w.l(_printf_pad.o)
    0x0800059e   0x0800059e   0x00000002   PAD
    0x080005a0   0x080005a0   0x00000078   Code   RO        14118    .text               c_w.l(_printf_dec.o)
    0x08000618   0x08000618   0x00000188   Code   RO        14137    .text               c_w.l(__printf_flags_ss_wp.o)
    0x080007a0   0x080007a0   0x0000008a   Code   RO        14144    .text               c_w.l(rt_memcpy_v6.o)
    0x0800082a   0x0800082a   0x00000064   Code   RO        14146    .text               c_w.l(rt_memcpy_w.o)
    0x0800088e   0x0800088e   0x0000004e   Code   RO        14150    .text               c_w.l(rt_memclr_w.o)
    0x080008dc   0x080008dc   0x00000006   Code   RO        14152    .text               c_w.l(heapauxi.o)
    0x080008e2   0x080008e2   0x00000002   PAD
    0x080008e4   0x080008e4   0x00000008   Code   RO        14304    .text               c_w.l(rt_heap_descriptor_intlibspace.o)
    0x080008ec   0x080008ec   0x00000004   Code   RO        14306    .text               c_w.l(hguard.o)
    0x080008f0   0x080008f0   0x0000008a   Code   RO        14308    .text               c_w.l(init_alloc.o)
    0x0800097a   0x0800097a   0x0000000e   Code   RO        14312    .text               c_w.l(h1_init.o)
    0x08000988   0x08000988   0x000000b2   Code   RO        14332    .text               c_w.l(_printf_intcommon.o)
    0x08000a3a   0x08000a3a   0x00000002   PAD
    0x08000a3c   0x08000a3c   0x00000030   Code   RO        14336    .text               c_w.l(_printf_char_common.o)
    0x08000a6c   0x08000a6c   0x0000000a   Code   RO        14338    .text               c_w.l(_sputc.o)
    0x08000a76   0x08000a76   0x00000002   PAD
    0x08000a78   0x08000a78   0x00000008   Code   RO        14510    .text               c_w.l(libspace.o)
    0x08000a80   0x08000a80   0x00000034   Code   RO        14539    .text               c_w.l(h1_extend.o)
    0x08000ab4   0x08000ab4   0x0000000e   Code   RO        14558    .text               c_w.l(defsig_rtmem_outer.o)
    0x08000ac2   0x08000ac2   0x00000002   Code   RO        14575    .text               c_w.l(use_no_semi.o)
    0x08000ac4   0x08000ac4   0x00000000   Code   RO        14577    .text               c_w.l(indicate_semi.o)
    0x08000ac4   0x08000ac4   0x0000004a   Code   RO        14578    .text               c_w.l(sys_stackheap_outer.o)
    0x08000b0e   0x08000b0e   0x00000012   Code   RO        14621    .text               c_w.l(exit.o)
    0x08000b20   0x08000b20   0x0000000a   Code   RO        14623    .text               c_w.l(defsig_exit.o)
    0x08000b2a   0x08000b2a   0x00000002   PAD
    0x08000b2c   0x08000b2c   0x00000050   Code   RO        14629    .text               c_w.l(defsig_rtmem_inner.o)
    0x08000b7c   0x08000b7c   0x0000000c   Code   RO        14641    .text               c_w.l(sys_exit.o)
    0x08000b88   0x08000b88   0x00000032   Code   RO        14654    .text               c_w.l(defsig_general.o)
    0x08000bba   0x08000bba   0x0000000e   Code   RO        14678    .text               c_w.l(sys_wrch.o)
    0x08000bc8   0x08000bc8   0x00000098   Code   RO         6580    i.Audio_Get_From_Mic  audio_process.o
    0x08000c60   0x08000c60   0x00000014   Code   RO         6663    i.BSP_SD_GetCardInfo  bsp_driver_sd.o
    0x08000c74   0x08000c74   0x00000018   Code   RO         6664    i.BSP_SD_GetCardState  bsp_driver_sd.o
    0x08000c8c   0x08000c8c   0x00000030   Code   RO         6666    i.BSP_SD_Init       bsp_driver_sd.o
    0x08000cbc   0x08000cbc   0x0000000c   Code   RO         6667    i.BSP_SD_IsDetected  bsp_driver_sd.o
    0x08000cc8   0x08000cc8   0x00000030   Code   RO         6668    i.BSP_SD_ReadBlocks  bsp_driver_sd.o
    0x08000cf8   0x08000cf8   0x00000030   Code   RO         6671    i.BSP_SD_WriteBlocks  bsp_driver_sd.o
    0x08000d28   0x08000d28   0x00000004   Code   RO          616    i.BusFault_Handler  stm32h7xx_it.o
    0x08000d2c   0x08000d2c   0x00000044   Code   RO          865    i.CDC_Control_FS    usbd_cdc_if.o
    0x08000d70   0x08000d70   0x00000004   Code   RO          866    i.CDC_DeInit_FS     usbd_cdc_if.o
    0x08000d74   0x08000d74   0x00000024   Code   RO          867    i.CDC_Init_FS       usbd_cdc_if.o
    0x08000d98   0x08000d98   0x00000028   Code   RO          868    i.CDC_Receive_FS    usbd_cdc_if.o
    0x08000dc0   0x08000dc0   0x0000000c   Code   RO          869    i.CDC_TransmitCplt_FS  usbd_cdc_if.o
    0x08000dcc   0x08000dcc   0x00000010   Code   RO          617    i.DMA1_Stream0_IRQHandler  stm32h7xx_it.o
    0x08000ddc   0x08000ddc   0x000000ec   Code   RO         2469    i.DMA_CalcBaseAndBitshift  stm32h7xx_hal_dma.o
    0x08000ec8   0x08000ec8   0x000000c4   Code   RO         2470    i.DMA_CalcDMAMUXChannelBaseAndMask  stm32h7xx_hal_dma.o
    0x08000f8c   0x08000f8c   0x00000098   Code   RO         2471    i.DMA_CalcDMAMUXRequestGenBaseAndMask  stm32h7xx_hal_dma.o
    0x08001024   0x08001024   0x000000ae   Code   RO         2472    i.DMA_CheckFifoParam  stm32h7xx_hal_dma.o
    0x080010d2   0x080010d2   0x00000002   PAD
    0x080010d4   0x080010d4   0x00000274   Code   RO         2473    i.DMA_SetConfig     stm32h7xx_hal_dma.o
    0x08001348   0x08001348   0x00000002   Code   RO          618    i.DebugMon_Handler  stm32h7xx_it.o
    0x0800134a   0x0800134a   0x00000006   Code   RO           13    i.Error_Handler     main.o
    0x08001350   0x08001350   0x00000012   Code   RO         7377    i.FATFS_LinkDriver  ff_gen_drv.o
    0x08001362   0x08001362   0x00000002   PAD
    0x08001364   0x08001364   0x00000054   Code   RO         7378    i.FATFS_LinkDriverEx  ff_gen_drv.o
    0x080013b8   0x080013b8   0x00000020   Code   RO         7496    i.File_Init         wav_file.o
    0x080013d8   0x080013d8   0x0000003c   Code   RO         7497    i.File_Wav_Create   wav_file.o
    0x08001414   0x08001414   0x00000034   Code   RO         7498    i.File_Wav_Write_Data_And_Sync  wav_file.o
    0x08001448   0x08001448   0x0000004c   Code   RO         7499    i.File_Wav_Write_Head_And_Close  wav_file.o
    0x08001494   0x08001494   0x00000034   Code   RO          775    i.Get_SerialNum     usbd_desc.o
    0x080014c8   0x080014c8   0x000004dc   Code   RO         2474    i.HAL_DMA_Abort     stm32h7xx_hal_dma.o
    0x080019a4   0x080019a4   0x00000398   Code   RO         2475    i.HAL_DMA_Abort_IT  stm32h7xx_hal_dma.o
    0x08001d3c   0x08001d3c   0x00000af8   Code   RO         2479    i.HAL_DMA_IRQHandler  stm32h7xx_hal_dma.o
    0x08002834   0x08002834   0x00000520   Code   RO         2480    i.HAL_DMA_Init      stm32h7xx_hal_dma.o
    0x08002d54   0x08002d54   0x000003e0   Code   RO         2484    i.HAL_DMA_Start_IT  stm32h7xx_hal_dma.o
    0x08003134   0x08003134   0x00000028   Code   RO         3341    i.HAL_Delay         stm32h7xx_hal.o
    0x0800315c   0x0800315c   0x000001fc   Code   RO         2322    i.HAL_GPIO_Init     stm32h7xx_hal_gpio.o
    0x08003358   0x08003358   0x0000000c   Code   RO         2326    i.HAL_GPIO_WritePin  stm32h7xx_hal_gpio.o
    0x08003364   0x08003364   0x0000000c   Code   RO         3352    i.HAL_GetREVID      stm32h7xx_hal.o
    0x08003370   0x08003370   0x0000000c   Code   RO         3353    i.HAL_GetTick       stm32h7xx_hal.o
    0x0800337c   0x0800337c   0x00000060   Code   RO         4251    i.HAL_I2S_DMAStop   stm32h7xx_hal_i2s.o
    0x080033dc   0x080033dc   0x00000002   Code   RO         4253    i.HAL_I2S_ErrorCallback  stm32h7xx_hal_i2s.o
    0x080033de   0x080033de   0x00000164   Code   RO         4256    i.HAL_I2S_IRQHandler  stm32h7xx_hal_i2s.o
    0x08003542   0x08003542   0x00000002   PAD
    0x08003544   0x08003544   0x00000198   Code   RO         4257    i.HAL_I2S_Init      stm32h7xx_hal_i2s.o
    0x080036dc   0x080036dc   0x000002bc   Code   RO          419    i.HAL_I2S_MspInit   i2s.o
    0x08003998   0x08003998   0x000000e4   Code   RO         4261    i.HAL_I2S_Receive_DMA  stm32h7xx_hal_i2s.o
    0x08003a7c   0x08003a7c   0x00000024   Code   RO         6613    i.HAL_I2S_RxCpltCallback  mic.o
    0x08003aa0   0x08003aa0   0x00000024   Code   RO         6614    i.HAL_I2S_RxHalfCpltCallback  mic.o
    0x08003ac4   0x08003ac4   0x00000018   Code   RO         3359    i.HAL_IncTick       stm32h7xx_hal.o
    0x08003adc   0x08003adc   0x00000060   Code   RO         3360    i.HAL_Init          stm32h7xx_hal.o
    0x08003b3c   0x08003b3c   0x00000058   Code   RO         3361    i.HAL_InitTick      stm32h7xx_hal.o
    0x08003b94   0x08003b94   0x0000005c   Code   RO         3177    i.HAL_MPU_ConfigRegion  stm32h7xx_hal_cortex.o
    0x08003bf0   0x08003bf0   0x0000002c   Code   RO         3178    i.HAL_MPU_Disable   stm32h7xx_hal_cortex.o
    0x08003c1c   0x08003c1c   0x00000040   Code   RO         3180    i.HAL_MPU_Enable    stm32h7xx_hal_cortex.o
    0x08003c5c   0x08003c5c   0x00000024   Code   RO          716    i.HAL_MspInit       stm32h7xx_hal_msp.o
    0x08003c80   0x08003c80   0x00000028   Code   RO         3184    i.HAL_NVIC_EnableIRQ  stm32h7xx_hal_cortex.o
    0x08003ca8   0x08003ca8   0x0000007a   Code   RO         3190    i.HAL_NVIC_SetPriority  stm32h7xx_hal_cortex.o
    0x08003d22   0x08003d22   0x00000002   PAD
    0x08003d24   0x08003d24   0x00000028   Code   RO         3191    i.HAL_NVIC_SetPriorityGrouping  stm32h7xx_hal_cortex.o
    0x08003d4c   0x08003d4c   0x00000028   Code   RO         1375    i.HAL_PCDEx_ActivateLPM  stm32h7xx_hal_pcd_ex.o
    0x08003d74   0x08003d74   0x00000002   Code   RO         1380    i.HAL_PCDEx_LPM_Callback  stm32h7xx_hal_pcd_ex.o
    0x08003d76   0x08003d76   0x0000000a   Code   RO         1381    i.HAL_PCDEx_SetRxFiFo  stm32h7xx_hal_pcd_ex.o
    0x08003d80   0x08003d80   0x0000004e   Code   RO         1382    i.HAL_PCDEx_SetTxFiFo  stm32h7xx_hal_pcd_ex.o
    0x08003dce   0x08003dce   0x0000000e   Code   RO          926    i.HAL_PCD_ConnectCallback  usbd_conf.o
    0x08003ddc   0x08003ddc   0x00000020   Code   RO          927    i.HAL_PCD_DataInStageCallback  usbd_conf.o
    0x08003dfc   0x08003dfc   0x00000020   Code   RO          928    i.HAL_PCD_DataOutStageCallback  usbd_conf.o
    0x08003e1c   0x08003e1c   0x0000000e   Code   RO          929    i.HAL_PCD_DisconnectCallback  usbd_conf.o
    0x08003e2a   0x08003e2a   0x00000042   Code   RO         1146    i.HAL_PCD_EP_Abort  stm32h7xx_hal_pcd.o
    0x08003e6c   0x08003e6c   0x0000006a   Code   RO         1147    i.HAL_PCD_EP_Close  stm32h7xx_hal_pcd.o
    0x08003ed6   0x08003ed6   0x0000007c   Code   RO         1148    i.HAL_PCD_EP_ClrStall  stm32h7xx_hal_pcd.o
    0x08003f52   0x08003f52   0x00000016   Code   RO         1150    i.HAL_PCD_EP_GetRxCount  stm32h7xx_hal_pcd.o
    0x08003f68   0x08003f68   0x0000008c   Code   RO         1151    i.HAL_PCD_EP_Open   stm32h7xx_hal_pcd.o
    0x08003ff4   0x08003ff4   0x00000046   Code   RO         1152    i.HAL_PCD_EP_Receive  stm32h7xx_hal_pcd.o
    0x0800403a   0x0800403a   0x0000008a   Code   RO         1153    i.HAL_PCD_EP_SetStall  stm32h7xx_hal_pcd.o
    0x080040c4   0x080040c4   0x00000048   Code   RO         1154    i.HAL_PCD_EP_Transmit  stm32h7xx_hal_pcd.o
    0x0800410c   0x0800410c   0x0000070e   Code   RO         1156    i.HAL_PCD_IRQHandler  stm32h7xx_hal_pcd.o
    0x0800481a   0x0800481a   0x00000012   Code   RO          930    i.HAL_PCD_ISOINIncompleteCallback  usbd_conf.o
    0x0800482c   0x0800482c   0x00000012   Code   RO          931    i.HAL_PCD_ISOOUTIncompleteCallback  usbd_conf.o
    0x0800483e   0x0800483e   0x0000015e   Code   RO         1159    i.HAL_PCD_Init      stm32h7xx_hal_pcd.o
    0x0800499c   0x0800499c   0x000000b8   Code   RO          933    i.HAL_PCD_MspInit   usbd_conf.o
    0x08004a54   0x08004a54   0x00000030   Code   RO          934    i.HAL_PCD_ResetCallback  usbd_conf.o
    0x08004a84   0x08004a84   0x0000000e   Code   RO          935    i.HAL_PCD_ResumeCallback  usbd_conf.o
    0x08004a92   0x08004a92   0x0000000e   Code   RO          936    i.HAL_PCD_SOFCallback  usbd_conf.o
    0x08004aa0   0x08004aa0   0x00000034   Code   RO         1165    i.HAL_PCD_SetAddress  stm32h7xx_hal_pcd.o
    0x08004ad4   0x08004ad4   0x00000012   Code   RO          937    i.HAL_PCD_SetupStageCallback  usbd_conf.o
    0x08004ae6   0x08004ae6   0x0000004c   Code   RO         1168    i.HAL_PCD_Start     stm32h7xx_hal_pcd.o
    0x08004b32   0x08004b32   0x00000002   PAD
    0x08004b34   0x08004b34   0x00000034   Code   RO          938    i.HAL_PCD_SuspendCallback  usbd_conf.o
    0x08004b68   0x08004b68   0x00000060   Code   RO         2923    i.HAL_PWREx_ConfigSupply  stm32h7xx_hal_pwr_ex.o
    0x08004bc8   0x08004bc8   0x00000014   Code   RO         2940    i.HAL_PWREx_EnableUSBVoltageDetector  stm32h7xx_hal_pwr_ex.o
    0x08004bdc   0x08004bdc   0x000000b0   Code   RO         4498    i.HAL_QSPI_Init     stm32h7xx_hal_qspi.o
    0x08004c8c   0x08004c8c   0x00000130   Code   RO          491    i.HAL_QSPI_MspInit  quadspi.o
    0x08004dbc   0x08004dbc   0x00000004   Code   RO         4508    i.HAL_QSPI_SetTimeout  stm32h7xx_hal_qspi.o
    0x08004dc0   0x08004dc0   0x00000024   Code   RO         1873    i.HAL_RCCEx_GetD3PCLK1Freq  stm32h7xx_hal_rcc_ex.o
    0x08004de4   0x08004de4   0x00000230   Code   RO         1874    i.HAL_RCCEx_GetPLL1ClockFreq  stm32h7xx_hal_rcc_ex.o
    0x08005014   0x08005014   0x00000230   Code   RO         1875    i.HAL_RCCEx_GetPLL2ClockFreq  stm32h7xx_hal_rcc_ex.o
    0x08005244   0x08005244   0x00000230   Code   RO         1876    i.HAL_RCCEx_GetPLL3ClockFreq  stm32h7xx_hal_rcc_ex.o
    0x08005474   0x08005474   0x000008b0   Code   RO         1878    i.HAL_RCCEx_GetPeriphCLKFreq  stm32h7xx_hal_rcc_ex.o
    0x08005d24   0x08005d24   0x00000d68   Code   RO         1882    i.HAL_RCCEx_PeriphCLKConfig  stm32h7xx_hal_rcc_ex.o
    0x08006a8c   0x08006a8c   0x00000320   Code   RO         1758    i.HAL_RCC_ClockConfig  stm32h7xx_hal_rcc.o
    0x08006dac   0x08006dac   0x0000004c   Code   RO         1763    i.HAL_RCC_GetHCLKFreq  stm32h7xx_hal_rcc.o
    0x08006df8   0x08006df8   0x00000024   Code   RO         1765    i.HAL_RCC_GetPCLK1Freq  stm32h7xx_hal_rcc.o
    0x08006e1c   0x08006e1c   0x00000024   Code   RO         1766    i.HAL_RCC_GetPCLK2Freq  stm32h7xx_hal_rcc.o
    0x08006e40   0x08006e40   0x0000022c   Code   RO         1767    i.HAL_RCC_GetSysClockFreq  stm32h7xx_hal_rcc.o
    0x0800706c   0x0800706c   0x00000858   Code   RO         1770    i.HAL_RCC_OscConfig  stm32h7xx_hal_rcc.o
    0x080078c4   0x080078c4   0x00000180   Code   RO         5078    i.HAL_SD_ConfigWideBusOperation  stm32h7xx_hal_sd.o
    0x08007a44   0x08007a44   0x000001c8   Code   RO         5083    i.HAL_SD_GetCardCSD  stm32h7xx_hal_sd.o
    0x08007c0c   0x08007c0c   0x00000026   Code   RO         5084    i.HAL_SD_GetCardInfo  stm32h7xx_hal_sd.o
    0x08007c32   0x08007c32   0x00000024   Code   RO         5085    i.HAL_SD_GetCardState  stm32h7xx_hal_sd.o
    0x08007c56   0x08007c56   0x00000002   PAD
    0x08007c58   0x08007c58   0x000000e8   Code   RO         5086    i.HAL_SD_GetCardStatus  stm32h7xx_hal_sd.o
    0x08007d40   0x08007d40   0x000000b2   Code   RO         5090    i.HAL_SD_Init       stm32h7xx_hal_sd.o
    0x08007df2   0x08007df2   0x00000002   PAD
    0x08007df4   0x08007df4   0x000000d0   Code   RO         5091    i.HAL_SD_InitCard   stm32h7xx_hal_sd.o
    0x08007ec4   0x08007ec4   0x000000fc   Code   RO          533    i.HAL_SD_MspInit    sdmmc.o
    0x08007fc0   0x08007fc0   0x00000238   Code   RO         5094    i.HAL_SD_ReadBlocks  stm32h7xx_hal_sd.o
    0x080081f8   0x080081f8   0x00000244   Code   RO         5099    i.HAL_SD_WriteBlocks  stm32h7xx_hal_sd.o
    0x0800843c   0x0800843c   0x00000034   Code   RO         3195    i.HAL_SYSTICK_Config  stm32h7xx_hal_cortex.o
    0x08008470   0x08008470   0x0000004e   Code   RO         5838    i.HAL_UARTEx_DisableFifoMode  stm32h7xx_hal_uart_ex.o
    0x080084be   0x080084be   0x00000060   Code   RO         5845    i.HAL_UARTEx_ReceiveToIdle_IT  stm32h7xx_hal_uart_ex.o
    0x0800851e   0x0800851e   0x00000002   PAD
    0x08008520   0x08008520   0x00000030   Code   RO         6489    i.HAL_UARTEx_RxEventCallback  uart_screen.o
    0x08008550   0x08008550   0x00000002   Code   RO         5846    i.HAL_UARTEx_RxFifoFullCallback  stm32h7xx_hal_uart_ex.o
    0x08008552   0x08008552   0x0000005e   Code   RO         5847    i.HAL_UARTEx_SetRxFifoThreshold  stm32h7xx_hal_uart_ex.o
    0x080085b0   0x080085b0   0x0000005e   Code   RO         5848    i.HAL_UARTEx_SetTxFifoThreshold  stm32h7xx_hal_uart_ex.o
    0x0800860e   0x0800860e   0x00000002   Code   RO         5850    i.HAL_UARTEx_TxFifoEmptyCallback  stm32h7xx_hal_uart_ex.o
    0x08008610   0x08008610   0x00000002   Code   RO         5851    i.HAL_UARTEx_WakeupCallback  stm32h7xx_hal_uart_ex.o
    0x08008612   0x08008612   0x00000002   Code   RO         5438    i.HAL_UART_ErrorCallback  stm32h7xx_hal_uart.o
    0x08008614   0x08008614   0x00000494   Code   RO         5441    i.HAL_UART_IRQHandler  stm32h7xx_hal_uart.o
    0x08008aa8   0x08008aa8   0x00000078   Code   RO         5442    i.HAL_UART_Init     stm32h7xx_hal_uart.o
    0x08008b20   0x08008b20   0x000000b0   Code   RO          575    i.HAL_UART_MspInit  usart.o
    0x08008bd0   0x08008bd0   0x00000002   Code   RO         5449    i.HAL_UART_RxCpltCallback  stm32h7xx_hal_uart.o
    0x08008bd2   0x08008bd2   0x00000002   Code   RO         5454    i.HAL_UART_TxCpltCallback  stm32h7xx_hal_uart.o
    0x08008bd4   0x08008bd4   0x00000004   Code   RO          619    i.HardFault_Handler  stm32h7xx_it.o
    0x08008bd8   0x08008bd8   0x0000002e   Code   RO         4272    i.I2S_DMAError      stm32h7xx_hal_i2s.o
    0x08008c06   0x08008c06   0x00000028   Code   RO         4273    i.I2S_DMARxCplt     stm32h7xx_hal_i2s.o
    0x08008c2e   0x08008c2e   0x0000000e   Code   RO         4274    i.I2S_DMARxHalfCplt  stm32h7xx_hal_i2s.o
    0x08008c3c   0x08008c3c   0x0000003e   Code   RO          776    i.IntToUnicode      usbd_desc.o
    0x08008c7a   0x08008c7a   0x00000056   Code   RO           14    i.MPU_Config        main.o
    0x08008cd0   0x08008cd0   0x00000034   Code   RO          394    i.MX_DMA_Init       dma.o
    0x08008d04   0x08008d04   0x0000001c   Code   RO         6836    i.MX_FATFS_Init     fatfs.o
    0x08008d20   0x08008d20   0x0000010c   Code   RO          370    i.MX_GPIO_Init      gpio.o
    0x08008e2c   0x08008e2c   0x00000044   Code   RO          420    i.MX_I2S1_Init      i2s.o
    0x08008e70   0x08008e70   0x00000044   Code   RO          421    i.MX_I2S2_Init      i2s.o
    0x08008eb4   0x08008eb4   0x00000044   Code   RO          422    i.MX_I2S3_Init      i2s.o
    0x08008ef8   0x08008ef8   0x00000038   Code   RO          492    i.MX_QUADSPI_Init   quadspi.o
    0x08008f30   0x08008f30   0x00000028   Code   RO          534    i.MX_SDMMC1_SD_Init  sdmmc.o
    0x08008f58   0x08008f58   0x0000006c   Code   RO          576    i.MX_USART1_UART_Init  usart.o
    0x08008fc4   0x08008fc4   0x00000050   Code   RO          740    i.MX_USB_DEVICE_Init  usb_device.o
    0x08009014   0x08009014   0x00000004   Code   RO          620    i.MemManage_Handler  stm32h7xx_it.o
    0x08009018   0x08009018   0x00000020   Code   RO         6615    i.Mic_Init          mic.o
    0x08009038   0x08009038   0x00000028   Code   RO         6616    i.Mic_Sample_Start  mic.o
    0x08009060   0x08009060   0x00000004   Code   RO          621    i.NMI_Handler       stm32h7xx_it.o
    0x08009064   0x08009064   0x00000010   Code   RO          622    i.OTG_FS_IRQHandler  stm32h7xx_it.o
    0x08009074   0x08009074   0x00000064   Code   RO         1171    i.PCD_EP_OutSetupPacket_int  stm32h7xx_hal_pcd.o
    0x080090d8   0x080090d8   0x00000144   Code   RO         1172    i.PCD_EP_OutXfrComplete_int  stm32h7xx_hal_pcd.o
    0x0800921c   0x0800921c   0x000000b6   Code   RO         1173    i.PCD_WriteEmptyTxFifo  stm32h7xx_hal_pcd.o
    0x080092d2   0x080092d2   0x00000002   Code   RO          623    i.PendSV_Handler    stm32h7xx_it.o
    0x080092d4   0x080092d4   0x0000004c   Code   RO         4520    i.QSPI_WaitFlagStateUntilTimeout  stm32h7xx_hal_qspi.o
    0x08009320   0x08009320   0x00000164   Code   RO         1885    i.RCCEx_PLL2_Config  stm32h7xx_hal_rcc_ex.o
    0x08009484   0x08009484   0x00000164   Code   RO         1886    i.RCCEx_PLL3_Config  stm32h7xx_hal_rcc_ex.o
    0x080095e8   0x080095e8   0x0000003a   Code   RO         4723    i.SDMMC_CmdAppCommand  stm32h7xx_ll_sdmmc.o
    0x08009622   0x08009622   0x00000034   Code   RO         4724    i.SDMMC_CmdAppOperCommand  stm32h7xx_ll_sdmmc.o
    0x08009656   0x08009656   0x00000038   Code   RO         4725    i.SDMMC_CmdBlockLength  stm32h7xx_ll_sdmmc.o
    0x0800968e   0x0800968e   0x0000003a   Code   RO         4726    i.SDMMC_CmdBusWidth  stm32h7xx_ll_sdmmc.o
    0x080096c8   0x080096c8   0x0000002c   Code   RO         4730    i.SDMMC_CmdGoIdleState  stm32h7xx_ll_sdmmc.o
    0x080096f4   0x080096f4   0x00000034   Code   RO         4732    i.SDMMC_CmdOperCond  stm32h7xx_ll_sdmmc.o
    0x08009728   0x08009728   0x0000003a   Code   RO         4733    i.SDMMC_CmdReadMultiBlock  stm32h7xx_ll_sdmmc.o
    0x08009762   0x08009762   0x0000003a   Code   RO         4734    i.SDMMC_CmdReadSingleBlock  stm32h7xx_ll_sdmmc.o
    0x0800979c   0x0800979c   0x0000003a   Code   RO         4737    i.SDMMC_CmdSelDesel  stm32h7xx_ll_sdmmc.o
    0x080097d6   0x080097d6   0x00000034   Code   RO         4738    i.SDMMC_CmdSendCID  stm32h7xx_ll_sdmmc.o
    0x0800980a   0x0800980a   0x00000034   Code   RO         4739    i.SDMMC_CmdSendCSD  stm32h7xx_ll_sdmmc.o
    0x0800983e   0x0800983e   0x0000003a   Code   RO         4741    i.SDMMC_CmdSendSCR  stm32h7xx_ll_sdmmc.o
    0x08009878   0x08009878   0x0000003a   Code   RO         4742    i.SDMMC_CmdSendStatus  stm32h7xx_ll_sdmmc.o
    0x080098b2   0x080098b2   0x0000003a   Code   RO         4743    i.SDMMC_CmdSetRelAdd  stm32h7xx_ll_sdmmc.o
    0x080098ec   0x080098ec   0x0000003a   Code   RO         4746    i.SDMMC_CmdStatusRegister  stm32h7xx_ll_sdmmc.o
    0x08009926   0x08009926   0x00000002   PAD
    0x08009928   0x08009928   0x0000005c   Code   RO         4747    i.SDMMC_CmdStopTransfer  stm32h7xx_ll_sdmmc.o
    0x08009984   0x08009984   0x0000003a   Code   RO         4750    i.SDMMC_CmdWriteMultiBlock  stm32h7xx_ll_sdmmc.o
    0x080099be   0x080099be   0x0000003a   Code   RO         4751    i.SDMMC_CmdWriteSingleBlock  stm32h7xx_ll_sdmmc.o
    0x080099f8   0x080099f8   0x0000002c   Code   RO         4752    i.SDMMC_ConfigData  stm32h7xx_ll_sdmmc.o
    0x08009a24   0x08009a24   0x00000044   Code   RO         4753    i.SDMMC_GetCmdError  stm32h7xx_ll_sdmmc.o
    0x08009a68   0x08009a68   0x000001b0   Code   RO         4754    i.SDMMC_GetCmdResp1  stm32h7xx_ll_sdmmc.o
    0x08009c18   0x08009c18   0x00000068   Code   RO         4755    i.SDMMC_GetCmdResp2  stm32h7xx_ll_sdmmc.o
    0x08009c80   0x08009c80   0x0000005c   Code   RO         4756    i.SDMMC_GetCmdResp3  stm32h7xx_ll_sdmmc.o
    0x08009cdc   0x08009cdc   0x000000bc   Code   RO         4757    i.SDMMC_GetCmdResp6  stm32h7xx_ll_sdmmc.o
    0x08009d98   0x08009d98   0x0000006c   Code   RO         4758    i.SDMMC_GetCmdResp7  stm32h7xx_ll_sdmmc.o
    0x08009e04   0x08009e04   0x00000008   Code   RO         4759    i.SDMMC_GetCommandResponse  stm32h7xx_ll_sdmmc.o
    0x08009e0c   0x08009e0c   0x0000000a   Code   RO         4762    i.SDMMC_GetPowerState  stm32h7xx_ll_sdmmc.o
    0x08009e16   0x08009e16   0x0000000c   Code   RO         4763    i.SDMMC_GetResponse  stm32h7xx_ll_sdmmc.o
    0x08009e22   0x08009e22   0x00000002   PAD
    0x08009e24   0x08009e24   0x00000034   Code   RO         4764    i.SDMMC_Init        stm32h7xx_ll_sdmmc.o
    0x08009e58   0x08009e58   0x0000000e   Code   RO         4767    i.SDMMC_PowerState_ON  stm32h7xx_ll_sdmmc.o
    0x08009e66   0x08009e66   0x00000008   Code   RO         4768    i.SDMMC_ReadFIFO    stm32h7xx_ll_sdmmc.o
    0x08009e6e   0x08009e6e   0x00000002   PAD
    0x08009e70   0x08009e70   0x0000002c   Code   RO         4769    i.SDMMC_SendCommand  stm32h7xx_ll_sdmmc.o
    0x08009e9c   0x08009e9c   0x0000000c   Code   RO         4771    i.SDMMC_WriteFIFO   stm32h7xx_ll_sdmmc.o
    0x08009ea8   0x08009ea8   0x00000028   Code   RO         6776    i.SD_CheckStatus    sd_diskio.o
    0x08009ed0   0x08009ed0   0x00000140   Code   RO         5102    i.SD_FindSCR        stm32h7xx_hal_sd.o
    0x0800a010   0x0800a010   0x0000010a   Code   RO         5103    i.SD_InitCard       stm32h7xx_hal_sd.o
    0x0800a11a   0x0800a11a   0x00000002   PAD
    0x0800a11c   0x0800a11c   0x000000cc   Code   RO         5105    i.SD_PowerON        stm32h7xx_hal_sd.o
    0x0800a1e8   0x0800a1e8   0x00000134   Code   RO         5107    i.SD_SendSDStatus   stm32h7xx_hal_sd.o
    0x0800a31c   0x0800a31c   0x00000030   Code   RO         5108    i.SD_SendStatus     stm32h7xx_hal_sd.o
    0x0800a34c   0x0800a34c   0x00000068   Code   RO         5110    i.SD_WideBus_Disable  stm32h7xx_hal_sd.o
    0x0800a3b4   0x0800a3b4   0x00000068   Code   RO         5111    i.SD_WideBus_Enable  stm32h7xx_hal_sd.o
    0x0800a41c   0x0800a41c   0x00000024   Code   RO         6777    i.SD_initialize     sd_diskio.o
    0x0800a440   0x0800a440   0x0000006c   Code   RO         6778    i.SD_ioctl          sd_diskio.o
    0x0800a4ac   0x0800a4ac   0x0000002e   Code   RO         6779    i.SD_read           sd_diskio.o
    0x0800a4da   0x0800a4da   0x0000000c   Code   RO         6780    i.SD_status         sd_diskio.o
    0x0800a4e6   0x0800a4e6   0x0000002e   Code   RO         6781    i.SD_write          sd_diskio.o
    0x0800a514   0x0800a514   0x00000010   Code   RO          624    i.SPI1_IRQHandler   stm32h7xx_it.o
    0x0800a524   0x0800a524   0x00000002   Code   RO          625    i.SVC_Handler       stm32h7xx_it.o
    0x0800a526   0x0800a526   0x00000012   Code   RO         6164    i.SWAPBYTE          usbd_ctlreq.o
    0x0800a538   0x0800a538   0x00000002   Code   RO         6490    i.Screen_Decode     uart_screen.o
    0x0800a53a   0x0800a53a   0x00000002   PAD
    0x0800a53c   0x0800a53c   0x0000001c   Code   RO         6491    i.Screen_Init       uart_screen.o
    0x0800a558   0x0800a558   0x00000008   Code   RO          626    i.SysTick_Handler   stm32h7xx_it.o
    0x0800a560   0x0800a560   0x00000140   Code   RO           15    i.SystemClock_Config  main.o
    0x0800a6a0   0x0800a6a0   0x000000fc   Code   RO         5962    i.SystemInit        system_stm32h7xx.o
    0x0800a79c   0x0800a79c   0x00000058   Code   RO         5852    i.UARTEx_SetNbDataToProcess  stm32h7xx_hal_uart_ex.o
    0x0800a7f4   0x0800a7f4   0x000000f8   Code   RO         5456    i.UART_AdvFeatureConfig  stm32h7xx_hal_uart.o
    0x0800a8ec   0x0800a8ec   0x000000ea   Code   RO         5457    i.UART_CheckIdleState  stm32h7xx_hal_uart.o
    0x0800a9d6   0x0800a9d6   0x00000018   Code   RO         5458    i.UART_DMAAbortOnError  stm32h7xx_hal_uart.o
    0x0800a9ee   0x0800a9ee   0x00000002   PAD
    0x0800a9f0   0x0800a9f0   0x0000006c   Code   RO         5468    i.UART_EndRxTransfer  stm32h7xx_hal_uart.o
    0x0800aa5c   0x0800aa5c   0x00000030   Code   RO         5469    i.UART_EndTransmit_IT  stm32h7xx_hal_uart.o
    0x0800aa8c   0x0800aa8c   0x00000104   Code   RO         5471    i.UART_RxISR_16BIT  stm32h7xx_hal_uart.o
    0x0800ab90   0x0800ab90   0x000001fc   Code   RO         5472    i.UART_RxISR_16BIT_FIFOEN  stm32h7xx_hal_uart.o
    0x0800ad8c   0x0800ad8c   0x00000104   Code   RO         5473    i.UART_RxISR_8BIT   stm32h7xx_hal_uart.o
    0x0800ae90   0x0800ae90   0x000001f8   Code   RO         5474    i.UART_RxISR_8BIT_FIFOEN  stm32h7xx_hal_uart.o
    0x0800b088   0x0800b088   0x0000058c   Code   RO         5475    i.UART_SetConfig    stm32h7xx_hal_uart.o
    0x0800b614   0x0800b614   0x0000015c   Code   RO         5477    i.UART_Start_Receive_IT  stm32h7xx_hal_uart.o
    0x0800b770   0x0800b770   0x000000ac   Code   RO         5482    i.UART_WaitOnFlagUntilTimeout  stm32h7xx_hal_uart.o
    0x0800b81c   0x0800b81c   0x00000010   Code   RO          627    i.USART1_IRQHandler  stm32h7xx_it.o
    0x0800b82c   0x0800b82c   0x000000c4   Code   RO         6335    i.USBD_CDC_DataIn   usbd_cdc.o
    0x0800b8f0   0x0800b8f0   0x00000048   Code   RO         6336    i.USBD_CDC_DataOut  usbd_cdc.o
    0x0800b938   0x0800b938   0x000000d4   Code   RO         6337    i.USBD_CDC_DeInit   usbd_cdc.o
    0x0800ba0c   0x0800ba0c   0x00000050   Code   RO         6338    i.USBD_CDC_EP0_RxReady  usbd_cdc.o
    0x0800ba5c   0x0800ba5c   0x00000010   Code   RO         6339    i.USBD_CDC_GetDeviceQualifierDescriptor  usbd_cdc.o
    0x0800ba6c   0x0800ba6c   0x00000044   Code   RO         6340    i.USBD_CDC_GetFSCfgDesc  usbd_cdc.o
    0x0800bab0   0x0800bab0   0x00000048   Code   RO         6341    i.USBD_CDC_GetHSCfgDesc  usbd_cdc.o
    0x0800baf8   0x0800baf8   0x00000044   Code   RO         6342    i.USBD_CDC_GetOtherSpeedCfgDesc  usbd_cdc.o
    0x0800bb3c   0x0800bb3c   0x000001a0   Code   RO         6343    i.USBD_CDC_Init     usbd_cdc.o
    0x0800bcdc   0x0800bcdc   0x00000050   Code   RO         6344    i.USBD_CDC_ReceivePacket  usbd_cdc.o
    0x0800bd2c   0x0800bd2c   0x00000018   Code   RO         6345    i.USBD_CDC_RegisterInterface  usbd_cdc.o
    0x0800bd44   0x0800bd44   0x0000001e   Code   RO         6346    i.USBD_CDC_SetRxBuffer  usbd_cdc.o
    0x0800bd62   0x0800bd62   0x00000024   Code   RO         6347    i.USBD_CDC_SetTxBuffer  usbd_cdc.o
    0x0800bd86   0x0800bd86   0x00000140   Code   RO         6348    i.USBD_CDC_Setup    usbd_cdc.o
    0x0800bec6   0x0800bec6   0x0000001c   Code   RO         5998    i.USBD_ClrClassConfig  usbd_core.o
    0x0800bee2   0x0800bee2   0x0000003e   Code   RO         6165    i.USBD_ClrFeature   usbd_ctlreq.o
    0x0800bf20   0x0800bf20   0x00000006   Code   RO         5999    i.USBD_CoreFindEP   usbd_core.o
    0x0800bf26   0x0800bf26   0x00000006   Code   RO         6000    i.USBD_CoreFindIF   usbd_core.o
    0x0800bf2c   0x0800bf2c   0x00000018   Code   RO         6271    i.USBD_CtlContinueRx  usbd_ioreq.o
    0x0800bf44   0x0800bf44   0x00000018   Code   RO         6272    i.USBD_CtlContinueSendData  usbd_ioreq.o
    0x0800bf5c   0x0800bf5c   0x00000018   Code   RO         6166    i.USBD_CtlError     usbd_ctlreq.o
    0x0800bf74   0x0800bf74   0x00000028   Code   RO         6273    i.USBD_CtlPrepareRx  usbd_ioreq.o
    0x0800bf9c   0x0800bf9c   0x0000001a   Code   RO         6274    i.USBD_CtlReceiveStatus  usbd_ioreq.o
    0x0800bfb6   0x0800bfb6   0x00000022   Code   RO         6275    i.USBD_CtlSendData  usbd_ioreq.o
    0x0800bfd8   0x0800bfd8   0x0000001a   Code   RO         6276    i.USBD_CtlSendStatus  usbd_ioreq.o
    0x0800bff2   0x0800bff2   0x00000002   PAD
    0x0800bff4   0x0800bff4   0x00000034   Code   RO          777    i.USBD_FS_ConfigStrDescriptor  usbd_desc.o
    0x0800c028   0x0800c028   0x00000010   Code   RO          778    i.USBD_FS_DeviceDescriptor  usbd_desc.o
    0x0800c038   0x0800c038   0x00000038   Code   RO          779    i.USBD_FS_InterfaceStrDescriptor  usbd_desc.o
    0x0800c070   0x0800c070   0x00000010   Code   RO          780    i.USBD_FS_LangIDStrDescriptor  usbd_desc.o
    0x0800c080   0x0800c080   0x00000020   Code   RO          781    i.USBD_FS_ManufacturerStrDescriptor  usbd_desc.o
    0x0800c0a0   0x0800c0a0   0x00000034   Code   RO          782    i.USBD_FS_ProductStrDescriptor  usbd_desc.o
    0x0800c0d4   0x0800c0d4   0x00000018   Code   RO          783    i.USBD_FS_SerialStrDescriptor  usbd_desc.o
    0x0800c0ec   0x0800c0ec   0x00000056   Code   RO         6167    i.USBD_GetConfig    usbd_ctlreq.o
    0x0800c142   0x0800c142   0x00000232   Code   RO         6168    i.USBD_GetDescriptor  usbd_ctlreq.o
    0x0800c374   0x0800c374   0x00000050   Code   RO         6002    i.USBD_GetEpDesc    usbd_core.o
    0x0800c3c4   0x0800c3c4   0x00000016   Code   RO         6169    i.USBD_GetLen       usbd_ctlreq.o
    0x0800c3da   0x0800c3da   0x00000014   Code   RO         6003    i.USBD_GetNextDesc  usbd_core.o
    0x0800c3ee   0x0800c3ee   0x0000005a   Code   RO         6170    i.USBD_GetStatus    usbd_ctlreq.o
    0x0800c448   0x0800c448   0x00000068   Code   RO         6171    i.USBD_GetString    usbd_ctlreq.o
    0x0800c4b0   0x0800c4b0   0x0000002c   Code   RO          939    i.USBD_Get_USB_Status  usbd_conf.o
    0x0800c4dc   0x0800c4dc   0x0000003a   Code   RO         6004    i.USBD_Init         usbd_core.o
    0x0800c516   0x0800c516   0x00000026   Code   RO          940    i.USBD_LL_ClearStallEP  usbd_conf.o
    0x0800c53c   0x0800c53c   0x00000026   Code   RO          941    i.USBD_LL_CloseEP   usbd_conf.o
    0x0800c562   0x0800c562   0x00000108   Code   RO         6005    i.USBD_LL_DataInStage  usbd_core.o
    0x0800c66a   0x0800c66a   0x00000102   Code   RO         6006    i.USBD_LL_DataOutStage  usbd_core.o
    0x0800c76c   0x0800c76c   0x00000006   Code   RO         6007    i.USBD_LL_DevConnected  usbd_core.o
    0x0800c772   0x0800c772   0x00000026   Code   RO         6008    i.USBD_LL_DevDisconnected  usbd_core.o
    0x0800c798   0x0800c798   0x00000012   Code   RO          945    i.USBD_LL_GetRxDataSize  usbd_conf.o
    0x0800c7aa   0x0800c7aa   0x00000002   PAD
    0x0800c7ac   0x0800c7ac   0x0000006c   Code   RO          946    i.USBD_LL_Init      usbd_conf.o
    0x0800c818   0x0800c818   0x00000038   Code   RO          947    i.USBD_LL_IsStallEP  usbd_conf.o
    0x0800c850   0x0800c850   0x00000048   Code   RO         6009    i.USBD_LL_IsoINIncomplete  usbd_core.o
    0x0800c898   0x0800c898   0x00000048   Code   RO         6010    i.USBD_LL_IsoOUTIncomplete  usbd_core.o
    0x0800c8e0   0x0800c8e0   0x00000030   Code   RO          948    i.USBD_LL_OpenEP    usbd_conf.o
    0x0800c910   0x0800c910   0x00000030   Code   RO          949    i.USBD_LL_PrepareReceive  usbd_conf.o
    0x0800c940   0x0800c940   0x0000006c   Code   RO         6011    i.USBD_LL_Reset     usbd_core.o
    0x0800c9ac   0x0800c9ac   0x00000016   Code   RO         6012    i.USBD_LL_Resume    usbd_core.o
    0x0800c9c2   0x0800c9c2   0x00000028   Code   RO         6013    i.USBD_LL_SOF       usbd_core.o
    0x0800c9ea   0x0800c9ea   0x00000008   Code   RO         6014    i.USBD_LL_SetSpeed  usbd_core.o
    0x0800c9f2   0x0800c9f2   0x00000026   Code   RO          950    i.USBD_LL_SetUSBAddress  usbd_conf.o
    0x0800ca18   0x0800ca18   0x00000076   Code   RO         6015    i.USBD_LL_SetupStage  usbd_core.o
    0x0800ca8e   0x0800ca8e   0x00000026   Code   RO          951    i.USBD_LL_StallEP   usbd_conf.o
    0x0800cab4   0x0800cab4   0x0000001e   Code   RO          952    i.USBD_LL_Start     usbd_conf.o
    0x0800cad2   0x0800cad2   0x0000001c   Code   RO         6016    i.USBD_LL_Suspend   usbd_core.o
    0x0800caee   0x0800caee   0x00000030   Code   RO          954    i.USBD_LL_Transmit  usbd_conf.o
    0x0800cb1e   0x0800cb1e   0x00000036   Code   RO         6172    i.USBD_ParseSetupRequest  usbd_ctlreq.o
    0x0800cb54   0x0800cb54   0x00000048   Code   RO         6017    i.USBD_RegisterClass  usbd_core.o
    0x0800cb9c   0x0800cb9c   0x00000006   Code   RO         6018    i.USBD_RunTestMode  usbd_core.o
    0x0800cba2   0x0800cba2   0x0000005a   Code   RO         6173    i.USBD_SetAddress   usbd_ctlreq.o
    0x0800cbfc   0x0800cbfc   0x00000020   Code   RO         6019    i.USBD_SetClassConfig  usbd_core.o
    0x0800cc1c   0x0800cc1c   0x00000104   Code   RO         6174    i.USBD_SetConfig    usbd_ctlreq.o
    0x0800cd20   0x0800cd20   0x00000038   Code   RO         6175    i.USBD_SetFeature   usbd_ctlreq.o
    0x0800cd58   0x0800cd58   0x0000000c   Code   RO         6020    i.USBD_Start        usbd_core.o
    0x0800cd64   0x0800cd64   0x000000ae   Code   RO         6176    i.USBD_StdDevReq    usbd_ctlreq.o
    0x0800ce12   0x0800ce12   0x00000280   Code   RO         6177    i.USBD_StdEPReq     usbd_ctlreq.o
    0x0800d092   0x0800d092   0x000000ae   Code   RO         6178    i.USBD_StdItfReq    usbd_ctlreq.o
    0x0800d140   0x0800d140   0x00000002   Code   RO          955    i.USBD_static_free  usbd_conf.o
    0x0800d142   0x0800d142   0x00000002   PAD
    0x0800d144   0x0800d144   0x0000000c   Code   RO          956    i.USBD_static_malloc  usbd_conf.o
    0x0800d150   0x0800d150   0x000000d0   Code   RO         1447    i.USB_ActivateEndpoint  stm32h7xx_ll_usb.o
    0x0800d220   0x0800d220   0x00000028   Code   RO         1449    i.USB_ActivateSetup  stm32h7xx_ll_usb.o
    0x0800d248   0x0800d248   0x000000a0   Code   RO         1451    i.USB_CoreInit      stm32h7xx_ll_usb.o
    0x0800d2e8   0x0800d2e8   0x00000054   Code   RO         1452    i.USB_CoreReset     stm32h7xx_ll_usb.o
    0x0800d33c   0x0800d33c   0x0000014c   Code   RO         1455    i.USB_DeactivateEndpoint  stm32h7xx_ll_usb.o
    0x0800d488   0x0800d488   0x0000001c   Code   RO         6544    i.USB_Decode        usb_debug.o
    0x0800d4a4   0x0800d4a4   0x00000024   Code   RO         1456    i.USB_DevConnect    stm32h7xx_ll_usb.o
    0x0800d4c8   0x0800d4c8   0x00000024   Code   RO         1457    i.USB_DevDisconnect  stm32h7xx_ll_usb.o
    0x0800d4ec   0x0800d4ec   0x000001e0   Code   RO         1458    i.USB_DevInit       stm32h7xx_ll_usb.o
    0x0800d6cc   0x0800d6cc   0x0000000e   Code   RO         1459    i.USB_DisableGlobalInt  stm32h7xx_ll_usb.o
    0x0800d6da   0x0800d6da   0x00000002   PAD
    0x0800d6dc   0x0800d6dc   0x00000070   Code   RO         1462    i.USB_EP0_OutStart  stm32h7xx_ll_usb.o
    0x0800d74c   0x0800d74c   0x0000008e   Code   RO         1463    i.USB_EPClearStall  stm32h7xx_ll_usb.o
    0x0800d7da   0x0800d7da   0x0000009a   Code   RO         1464    i.USB_EPSetStall    stm32h7xx_ll_usb.o
    0x0800d874   0x0800d874   0x000003b4   Code   RO         1465    i.USB_EPStartXfer   stm32h7xx_ll_usb.o
    0x0800dc28   0x0800dc28   0x000000ec   Code   RO         1466    i.USB_EPStopXfer    stm32h7xx_ll_usb.o
    0x0800dd14   0x0800dd14   0x0000000e   Code   RO         1467    i.USB_EnableGlobalInt  stm32h7xx_ll_usb.o
    0x0800dd22   0x0800dd22   0x00000050   Code   RO         1468    i.USB_FlushRxFifo   stm32h7xx_ll_usb.o
    0x0800dd72   0x0800dd72   0x00000054   Code   RO         1469    i.USB_FlushTxFifo   stm32h7xx_ll_usb.o
    0x0800ddc6   0x0800ddc6   0x00000026   Code   RO         1471    i.USB_GetDevSpeed   stm32h7xx_ll_usb.o
    0x0800ddec   0x0800ddec   0x0000000a   Code   RO         1473    i.USB_GetMode       stm32h7xx_ll_usb.o
    0x0800ddf6   0x0800ddf6   0x00000014   Code   RO         1481    i.USB_ReadDevAllInEpInterrupt  stm32h7xx_ll_usb.o
    0x0800de0a   0x0800de0a   0x00000014   Code   RO         1482    i.USB_ReadDevAllOutEpInterrupt  stm32h7xx_ll_usb.o
    0x0800de1e   0x0800de1e   0x00000032   Code   RO         1483    i.USB_ReadDevInEPInterrupt  stm32h7xx_ll_usb.o
    0x0800de50   0x0800de50   0x0000001a   Code   RO         1484    i.USB_ReadDevOutEPInterrupt  stm32h7xx_ll_usb.o
    0x0800de6a   0x0800de6a   0x0000000a   Code   RO         1485    i.USB_ReadInterrupts  stm32h7xx_ll_usb.o
    0x0800de74   0x0800de74   0x00000060   Code   RO         1486    i.USB_ReadPacket    stm32h7xx_ll_usb.o
    0x0800ded4   0x0800ded4   0x00000068   Code   RO         1488    i.USB_SetCurrentMode  stm32h7xx_ll_usb.o
    0x0800df3c   0x0800df3c   0x0000002a   Code   RO         1489    i.USB_SetDevAddress  stm32h7xx_ll_usb.o
    0x0800df66   0x0800df66   0x00000012   Code   RO         1490    i.USB_SetDevSpeed   stm32h7xx_ll_usb.o
    0x0800df78   0x0800df78   0x000000e8   Code   RO         1491    i.USB_SetTurnaroundTime  stm32h7xx_ll_usb.o
    0x0800e060   0x0800e060   0x00000044   Code   RO         1494    i.USB_WritePacket   stm32h7xx_ll_usb.o
    0x0800e0a4   0x0800e0a4   0x00000004   Code   RO          628    i.UsageFault_Handler  stm32h7xx_it.o
    0x0800e0a8   0x0800e0a8   0x00000050   Code   RO         7500    i.Wav_Head_Init     wav_file.o
    0x0800e0f8   0x0800e0f8   0x00000010   Code   RO         3197    i.__NVIC_GetPriorityGrouping  stm32h7xx_hal_cortex.o
    0x0800e108   0x0800e108   0x00000028   Code   RO         3198    i.__NVIC_SetPriority  stm32h7xx_hal_cortex.o
    0x0800e130   0x0800e130   0x0000000e   Code   RO        14130    i._is_digit         c_w.l(__printf_wp.o)
    0x0800e13e   0x0800e13e   0x00000002   PAD
    0x0800e140   0x0800e140   0x000000a0   Code   RO         8994    i.arm_sin_f32       fastmathfunctions.o
    0x0800e1e0   0x0800e1e0   0x0000008a   Code   RO         6928    i.change_bitmap     ff.o
    0x0800e26a   0x0800e26a   0x00000002   PAD
    0x0800e26c   0x0800e26c   0x0000009c   Code   RO         6929    i.check_fs          ff.o
    0x0800e308   0x0800e308   0x00000014   Code   RO         6930    i.chk_chr           ff.o
    0x0800e31c   0x0800e31c   0x0000007c   Code   RO         6931    i.chk_lock          ff.o
    0x0800e398   0x0800e398   0x00000028   Code   RO         6932    i.clear_lock        ff.o
    0x0800e3c0   0x0800e3c0   0x00000062   Code   RO         6933    i.clmt_clust        ff.o
    0x0800e422   0x0800e422   0x0000001a   Code   RO         6934    i.clust2sect        ff.o
    0x0800e43c   0x0800e43c   0x00000098   Code   RO         6935    i.cmp_lfn           ff.o
    0x0800e4d4   0x0800e4d4   0x00000188   Code   RO         6936    i.create_chain      ff.o
    0x0800e65c   0x0800e65c   0x0000026c   Code   RO         6937    i.create_name       ff.o
    0x0800e8c8   0x0800e8c8   0x00000092   Code   RO         6938    i.create_xdir       ff.o
    0x0800e95a   0x0800e95a   0x00000002   PAD
    0x0800e95c   0x0800e95c   0x00000044   Code   RO         6939    i.dec_lock          ff.o
    0x0800e9a0   0x0800e9a0   0x0000007c   Code   RO         6940    i.dir_alloc         ff.o
    0x0800ea1c   0x0800ea1c   0x000001a8   Code   RO         6941    i.dir_find          ff.o
    0x0800ebc4   0x0800ebc4   0x00000120   Code   RO         6942    i.dir_next          ff.o
    0x0800ece4   0x0800ece4   0x000000f8   Code   RO         6943    i.dir_read          ff.o
    0x0800eddc   0x0800eddc   0x0000021c   Code   RO         6944    i.dir_register      ff.o
    0x0800eff8   0x0800eff8   0x000000aa   Code   RO         6946    i.dir_sdi           ff.o
    0x0800f0a2   0x0800f0a2   0x00000002   PAD
    0x0800f0a4   0x0800f0a4   0x00000030   Code   RO         6873    i.disk_initialize   diskio.o
    0x0800f0d4   0x0800f0d4   0x00000028   Code   RO         6874    i.disk_ioctl        diskio.o
    0x0800f0fc   0x0800f0fc   0x00000030   Code   RO         6875    i.disk_read         diskio.o
    0x0800f12c   0x0800f12c   0x0000001c   Code   RO         6876    i.disk_status       diskio.o
    0x0800f148   0x0800f148   0x00000030   Code   RO         6877    i.disk_write        diskio.o
    0x0800f178   0x0800f178   0x00000028   Code   RO         6947    i.enq_lock          ff.o
    0x0800f1a0   0x0800f1a0   0x0000002c   Code   RO         6948    i.f_close           ff.o
    0x0800f1cc   0x0800f1cc   0x0000046e   Code   RO         6952    i.f_lseek           ff.o
    0x0800f63a   0x0800f63a   0x00000002   PAD
    0x0800f63c   0x0800f63c   0x00000060   Code   RO         6955    i.f_mount           ff.o
    0x0800f69c   0x0800f69c   0x000003c8   Code   RO         6956    i.f_open            ff.o
    0x0800fa64   0x0800fa64   0x000001a8   Code   RO         6965    i.f_sync            ff.o
    0x0800fc0c   0x0800fc0c   0x00000284   Code   RO         6968    i.f_write           ff.o
    0x0800fe90   0x0800fe90   0x0000007c   Code   RO         7463    i.ff_convert        cc936.o
    0x0800ff0c   0x0800ff0c   0x0000000c   Code   RO         7427    i.ff_memalloc       syscall.o
    0x0800ff18   0x0800ff18   0x0000000c   Code   RO         7428    i.ff_memfree        syscall.o
    0x0800ff24   0x0800ff24   0x000000a4   Code   RO         7464    i.ff_wtoupper       cc936.o
    0x0800ffc8   0x0800ffc8   0x00000036   Code   RO         6969    i.fill_first_frag   ff.o
    0x0800fffe   0x0800fffe   0x00000044   Code   RO         6970    i.fill_last_frag    ff.o
    0x08010042   0x08010042   0x000000a4   Code   RO         6971    i.find_bitmap       ff.o
    0x080100e6   0x080100e6   0x00000002   PAD
    0x080100e8   0x080100e8   0x0000046c   Code   RO         6972    i.find_volume       ff.o
    0x08010554   0x08010554   0x000000e4   Code   RO         6973    i.follow_path       ff.o
    0x08010638   0x08010638   0x000000cc   Code   RO         6974    i.gen_numname       ff.o
    0x08010704   0x08010704   0x00000186   Code   RO         6975    i.get_fat           ff.o
    0x0801088a   0x0801088a   0x00000004   Code   RO         6837    i.get_fattime       fatfs.o
    0x0801088e   0x0801088e   0x00000048   Code   RO         6977    i.get_ldnumber      ff.o
    0x080108d6   0x080108d6   0x00000002   PAD
    0x080108d8   0x080108d8   0x000000bc   Code   RO         6979    i.inc_lock          ff.o
    0x08010994   0x08010994   0x00000026   Code   RO         6980    i.ld_clust          ff.o
    0x080109ba   0x080109ba   0x00000018   Code   RO         6981    i.ld_dword          ff.o
    0x080109d2   0x080109d2   0x00000062   Code   RO         6982    i.ld_qword          ff.o
    0x08010a34   0x08010a34   0x0000000c   Code   RO         6983    i.ld_word           ff.o
    0x08010a40   0x08010a40   0x0000003c   Code   RO         6984    i.load_obj_dir      ff.o
    0x08010a7c   0x08010a7c   0x00000102   Code   RO         6985    i.load_xdir         ff.o
    0x08010b7e   0x08010b7e   0x00000002   PAD
    0x08010b80   0x08010b80   0x000000cc   Code   RO           16    i.main              main.o
    0x08010c4c   0x08010c4c   0x00000024   Code   RO         6986    i.mem_cmp           ff.o
    0x08010c70   0x08010c70   0x0000001a   Code   RO         6987    i.mem_cpy           ff.o
    0x08010c8a   0x08010c8a   0x00000012   Code   RO         6988    i.mem_set           ff.o
    0x08010c9c   0x08010c9c   0x00000034   Code   RO         6989    i.move_window       ff.o
    0x08010cd0   0x08010cd0   0x00000088   Code   RO         6990    i.pick_lfn          ff.o
    0x08010d58   0x08010d58   0x00000144   Code   RO         6991    i.put_fat           ff.o
    0x08010e9c   0x08010e9c   0x00000080   Code   RO         6992    i.put_lfn           ff.o
    0x08010f1c   0x08010f1c   0x0000010e   Code   RO         6996    i.remove_chain      ff.o
    0x0801102a   0x0801102a   0x00000024   Code   RO         6997    i.st_clust          ff.o
    0x0801104e   0x0801104e   0x00000018   Code   RO         6998    i.st_dword          ff.o
    0x08011066   0x08011066   0x0000005c   Code   RO         6999    i.st_qword          ff.o
    0x080110c2   0x080110c2   0x0000000c   Code   RO         7000    i.st_word           ff.o
    0x080110ce   0x080110ce   0x00000072   Code   RO         7001    i.store_xdir        ff.o
    0x08011140   0x08011140   0x00000020   Code   RO         7002    i.sum_sfn           ff.o
    0x08011160   0x08011160   0x00000090   Code   RO         7003    i.sync_fs           ff.o
    0x080111f0   0x080111f0   0x00000052   Code   RO         7004    i.sync_window       ff.o
    0x08011242   0x08011242   0x0000003c   Code   RO         7005    i.validate          ff.o
    0x0801127e   0x0801127e   0x0000003a   Code   RO         7006    i.xdir_sum          ff.o
    0x080112b8   0x080112b8   0x0000004c   Code   RO         7007    i.xname_sum         ff.o
    0x08011304   0x08011304   0x0000000a   Code   RO        14567    x$fpl$fpinit        fz_wv.l(fpinit.o)
    0x0801130e   0x0801130e   0x00000008   Data   RO         2486    .constdata          stm32h7xx_hal_dma.o
    0x08011316   0x08011316   0x00000018   Data   RO         5483    .constdata          stm32h7xx_hal_uart.o
    0x0801132e   0x0801132e   0x00000010   Data   RO         5854    .constdata          stm32h7xx_hal_uart_ex.o
    0x0801133e   0x0801133e   0x00000010   Data   RO         5963    .constdata          system_stm32h7xx.o
    0x0801134e   0x0801134e   0x00000002   PAD
    0x08011350   0x08011350   0x00000014   Data   RO         6782    .constdata          sd_diskio.o
    0x08011364   0x08011364   0x0000002a   Data   RO         7010    .constdata          ff.o
    0x0801138e   0x0801138e   0x0002abb6   Data   RO         7465    .constdata          cc936.o
    0x0803bf44   0x0803bf44   0x00000004   PAD
    0x0803bf48   0x0803bf48   0x000e0bd4   Data   RO         8229    .constdata          commontables.o
    0x0811cb1c   0x0811cb1c   0x00000011   Data   RO        14138    .constdata          c_w.l(__printf_flags_ss_wp.o)
    0x0811cb2d   0x0811cb2d   0x00000003   PAD
    0x0811cb30   0x0811cb30   0x00000020   Data   RO        14706    Region$$Table       anon$$obj.o


    Execution Region RW_IRAM1 (Exec base: 0x20000000, Load base: 0x0811cb50, Size: 0x00000000, Max: 0x00020000, ABSOLUTE)

    **** No section assigned to this execution region ****


    Execution Region RW_IRAM2 (Exec base: 0x24000000, Load base: 0x0811cb50, Size: 0x0000ebd0, Max: 0x00080000, ABSOLUTE)

    Exec Addr    Load Addr    Size         Type   Attr      Idx    E Section Name        Object

    0x24000000   0x0811cb50   0x00000004   Data   RW           17    .data               main.o
    0x24000004   0x0811cb54   0x0000005e   Data   RW          785    .data               usbd_desc.o
    0x24000062   0x0811cbb2   0x00000002   PAD
    0x24000064   0x0811cbb4   0x00000014   Data   RW          872    .data               usbd_cdc_if.o
    0x24000078   0x0811cbc8   0x00000009   Data   RW         3382    .data               stm32h7xx_hal.o
    0x24000081   0x0811cbd1   0x00000003   PAD
    0x24000084   0x0811cbd4   0x00000008   Data   RW         5964    .data               system_stm32h7xx.o
    0x2400008c   0x0811cbdc   0x00000001   Data   RW         6179    .data               usbd_ctlreq.o
    0x2400008d   0x0811cbdd   0x00000003   PAD
    0x24000090   0x0811cbe0   0x0000008a   Data   RW         6350    .data               usbd_cdc.o
    0x2400011a   0x0811cc6a   0x00000001   Data   RW         6783    .data               sd_diskio.o
    0x2400011b   0x0811cc6b   0x00000005   Data   RW         6839    .data               fatfs.o
    0x24000120   0x0811cc70   0x00000006   Data   RW         7011    .data               ff.o
    0x24000126   0x0811cc76   0x00000002   PAD
    0x24000128        -       0x00000174   Zero   RW          423    .bss                i2s.o
    0x2400029c        -       0x0000004c   Zero   RW          493    .bss                quadspi.o
    0x240002e8        -       0x0000007c   Zero   RW          535    .bss                sdmmc.o
    0x24000364        -       0x00000094   Zero   RW          577    .bss                usart.o
    0x240003f8        -       0x000002dc   Zero   RW          741    .bss                usb_device.o
    0x240006d4        -       0x00000200   Zero   RW          784    .bss                usbd_desc.o
    0x240008d4        -       0x00001000   Zero   RW          871    .bss                usbd_cdc_if.o
    0x240018d4        -       0x00000704   Zero   RW          957    .bss                usbd_conf.o
    0x24001fd8        -       0x00000200   Zero   RW         6493    .bss                uart_screen.o
    0x240021d8        -       0x00000200   Zero   RW         6546    .bss                usb_debug.o
    0x240023d8        -       0x00002000   Zero   RW         6581    .bss                audio_process.o
    0x240043d8        -       0x00008028   Zero   RW         6617    .bss                mic.o
    0x2400c400        -       0x00000490   Zero   RW         6838    .bss                fatfs.o
    0x2400c890        -       0x00000020   Zero   RW         7009    .bss                ff.o
    0x2400c8b0        -       0x0000000c   Zero   RW         7381    .bss                ff_gen_drv.o
    0x2400c8bc   0x0811cc76   0x00000004   PAD
    0x2400c8c0        -       0x000002ac   Zero   RW         7501    .bss                wav_file.o
    0x2400cb6c        -       0x00000060   Zero   RW        14511    .bss                c_w.l(libspace.o)
    0x2400cbcc   0x0811cc76   0x00000004   PAD
    0x2400cbd0        -       0x00001000   Zero   RW            2    HEAP                startup_stm32h743xx.o
    0x2400dbd0        -       0x00001000   Zero   RW            1    STACK               startup_stm32h743xx.o


==============================================================================

Image component sizes


      Code (inc. data)   RO Data    RW Data    ZI Data      Debug   Object Name

       152         24          0          0       8192       1679   audio_process.o
       200         26          0          0          0       4421   bsp_driver_sd.o
       288         26     175030          0          0       2571   cc936.o
         0          0     920532          0          0      13649   commontables.o
       212         26          0          0          0       4117   diskio.o
        52          4          0          0          0        914   dma.o
       160         14          0          0          0        854   fastmathfunctions.o
        32         12          0          5       1168       1696   fatfs.o
     11834        122         42          6         32      59691   ff.o
       102          6          0          0         12       1719   ff_gen_drv.o
       268         18          0          0          0       1211   gpio.o
       904         72          0          0        372       3564   i2s.o
       616         44          0          4          0    1311808   main.o
       144         26          0          0      32808       3399   mic.o
       360         28          0          0         76       2085   quadspi.o
       288         16         20          1          0       4860   sd_diskio.o
       292         26          0          0        124       1968   sdmmc.o
        64         26        664          0       8192        860   startup_stm32h743xx.o
       272         52          0          9          0      23540   stm32h7xx_hal.o
       510         40          0          0          0      42457   stm32h7xx_hal_cortex.o
      8662        168          8          0          0      13490   stm32h7xx_hal_dma.o
       520         52          0          0          0       2276   stm32h7xx_hal_gpio.o
      1190         22          0          0          0       6784   stm32h7xx_hal_i2s.o
        36          4          0          0          0        966   stm32h7xx_hal_msp.o
      3628         16          0          0          0      14120   stm32h7xx_hal_pcd.o
       130          4          0          0          0       3285   stm32h7xx_hal_pcd_ex.o
       116         12          0          0          0       1374   stm32h7xx_hal_pwr_ex.o
       256          8          0          0          0       3354   stm32h7xx_hal_qspi.o
      3640        114          0          0          0       7124   stm32h7xx_hal_rcc.o
      8084        186          0          0          0      11071   stm32h7xx_hal_rcc_ex.o
      4034         64          0          0          0      16615   stm32h7xx_hal_sd.o
      5432        200         24          0          0      36837   stm32h7xx_hal_uart.o
       456         10         16          0          0       6608   stm32h7xx_hal_uart_ex.o
        98         24          0          0          0       6398   stm32h7xx_it.o
      2234         66          0          0          0      25970   stm32h7xx_ll_sdmmc.o
      3894         88          0          0          0      23400   stm32h7xx_ll_usb.o
        24          0          0          0          0       1803   syscall.o
       252         40         16          8          0       1450   system_stm32h7xx.o
        78         18          0          0        512       3143   uart_screen.o
       284         24          0          0        148       1974   usart.o
        28          6          0          0        512       1315   usb_debug.o
        80         16          0          0        732        812   usb_device.o
      1690         48          0        138          0      13843   usbd_cdc.o
       160         18          0         20       4096       3774   usbd_cdc_if.o
      1024         32          0          0       1796      18192   usbd_conf.o
      1354          0          0          0          0      16993   usbd_core.o
      2416         22          0          1          0      18352   usbd_ctlreq.o
       362         98          0         94        512       7209   usbd_desc.o
       174          0          0          0          0       4940   usbd_ioreq.o
       300         52          0          0        684       4591   wav_file.o

    ----------------------------------------------------------------------
     67436       2020    1096390        296      59972    1765126   Object Totals
         0          0         32          0          0          0   (incl. Generated)
        50          0          6         10          4          0   (incl. Padding)

    ----------------------------------------------------------------------

      Code (inc. data)   RO Data    RW Data    ZI Data      Debug   Library Member Name

        44          6          0          0          0         84   __2sprintf.o
         8          0          0          0          0         68   __main.o
       392          4         17          0          0         92   __printf_flags_ss_wp.o
        14          0          0          0          0         68   __printf_wp.o
         0          0          0          0          0          0   __rtentry.o
        12          0          0          0          0          0   __rtentry2.o
         6          0          0          0          0          0   __rtentry4.o
        52          8          0          0          0          0   __scatter.o
        26          0          0          0          0          0   __scatter_copy.o
        28          0          0          0          0          0   __scatter_zi.o
        48          6          0          0          0         96   _printf_char_common.o
         6          0          0          0          0          0   _printf_d.o
       120         16          0          0          0         92   _printf_dec.o
       178          0          0          0          0         88   _printf_intcommon.o
        78          0          0          0          0        108   _printf_pad.o
         0          0          0          0          0          0   _printf_percent.o
         4          0          0          0          0          0   _printf_percent_end.o
        10          0          0          0          0         68   _sputc.o
        10          0          0          0          0         68   defsig_exit.o
        50          0          0          0          0         88   defsig_general.o
        80         58          0          0          0         76   defsig_rtmem_inner.o
        14          0          0          0          0         80   defsig_rtmem_outer.o
        18          0          0          0          0         80   exit.o
        94          0          0          0          0         80   h1_alloc.o
        52          0          0          0          0         68   h1_extend.o
        78          0          0          0          0         80   h1_free.o
        14          0          0          0          0         84   h1_init.o
         6          0          0          0          0        152   heapauxi.o
         4          0          0          0          0        136   hguard.o
         0          0          0          0          0          0   indicate_semi.o
       138          0          0          0          0        168   init_alloc.o
         2          0          0          0          0          0   libinit.o
        14          0          0          0          0          0   libinit2.o
         2          0          0          0          0          0   libshutdown.o
         2          0          0          0          0          0   libshutdown2.o
         8          4          0          0         96         68   libspace.o
       238          0          0          0          0        100   lludivv7m.o
         0          0          0          0          0          0   maybetermalloc1.o
         8          4          0          0          0         68   rt_heap_descriptor_intlibspace.o
        78          0          0          0          0         80   rt_memclr_w.o
       138          0          0          0          0         68   rt_memcpy_v6.o
       100          0          0          0          0         80   rt_memcpy_w.o
         2          0          0          0          0          0   rtexit.o
        10          0          0          0          0          0   rtexit2.o
        12          4          0          0          0         68   sys_exit.o
        74          0          0          0          0         80   sys_stackheap_outer.o
        14          0          0          0          0         76   sys_wrch.o
         2          0          0          0          0         68   use_no_semi.o
        10          0          0          0          0        116   fpinit.o

    ----------------------------------------------------------------------
      2314        110         20          0        100       2796   Library Totals
        16          0          3          0          4          0   (incl. Padding)

    ----------------------------------------------------------------------

      Code (inc. data)   RO Data    RW Data    ZI Data      Debug   Library Name

      2288        110         17          0         96       2680   c_w.l
        10          0          0          0          0        116   fz_wv.l

    ----------------------------------------------------------------------
      2314        110         20          0        100       2796   Library Totals

    ----------------------------------------------------------------------

==============================================================================


      Code (inc. data)   RO Data    RW Data    ZI Data      Debug   

     69750       2130    1096410        296      60072    1726866   Grand Totals
     69750       2130    1096410        296      60072    1726866   ELF Image Totals
     69750       2130    1096410        296          0          0   ROM Totals

==============================================================================

    Total RO  Size (Code + RO Data)              1166160 (1138.83kB)
    Total RW  Size (RW Data + ZI Data)             60368 (  58.95kB)
    Total ROM Size (Code + RO Data + RW Data)    1166456 (1139.12kB)

==============================================================================

